<html>
<body>
<pre>
<h1>µVision Build Log</h1>
<h2>Tool Versions:</h2>
IDE-Version: ¦ÌVision V5.14.1
Copyright (C) 2015 ARM Ltd and ARM Germany GmbH. All rights reserved.
License Information: 1 vitamin, 1, LIC=ZB4EI-TXQRR-FWI2N-YPXUW-YKSDG-SLB7B
 
Tool Versions:
Toolchain:       MDK-ARM Standard  Version: 5.24.1
Toolchain Path:  D:\Keil5MDK\ARM\ARMCC\Bin
C Compiler:      Armcc.exe V5.06 update 5 (build 528)
Assembler:       Armasm.exe V5.06 update 5 (build 528)
Linker/Locator:  ArmLink.exe V5.06 update 5 (build 528)
Library Manager: ArmAr.exe V5.06 update 5 (build 528)
Hex Converter:   FromElf.exe V5.06 update 5 (build 528)
CPU DLL:         SARMCM3.DLL V5.24.1
Dialog DLL:      DCM.DLL V1.16.0.0
Target DLL:      STLink\ST-LINKIII-KEIL_SWO.dll V3.0.1.0
Dialog DLL:      TCM.DLL V1.32.0.0
 
<h2>Project:</h2>
D:\1PROJECT\light_sound_course_project2\Smart_Light_Sound_Switch\MDK-ARM\Smart_Light_Sound_Switch.uvprojx
Project File Date:  06/11/2025

<h2>Output:</h2>
*** Using Compiler 'V5.06 update 5 (build 528)', folder: 'D:\Keil5MDK\ARM\ARMCC\Bin'
Build target 'Smart_Light_Sound_Switch'
compiling main.c...
..\code\led.h(6): warning:  #1295-D: Deprecated declaration LED_duty - give arg types
  void LED_duty();
..\code\led.h(7): warning:  #1295-D: Deprecated declaration led_fun - give arg types
  void led_fun();
..\code\light.h(6): warning:  #1295-D: Deprecated declaration Get_ADC_Sample - give arg types
  void Get_ADC_Sample();
../Core/Src/main.c: 3 warnings, 0 errors
compiling light.c...
..\code\light.h(6): warning:  #1295-D: Deprecated declaration Get_ADC_Sample - give arg types
  void Get_ADC_Sample();
..\code\light.c: 1 warning, 0 errors
linking...
Program Size: Code=13280 RO-data=2024 RW-data=32 ZI-data=2728  
FromELF: creating hex file...
"Smart_Light_Sound_Switch\Smart_Light_Sound_Switch.axf" - 0 Error(s), 4 Warning(s).

<h2>Software Packages used:</h2>

Package Vendor: ARM
                http://www.keil.com/pack/ARM.CMSIS.5.0.1.pack
                ARM::CMSIS:CORE:5.0.1
                CMSIS (Cortex Microcontroller Software Interface Standard)
   * Component: CORE Version: 5.0.1

<h2>Collection of Component include folders:</h2>
  D:\1PROJECT\light_sound_course_project2\Smart_Light_Sound_Switch\MDK-ARM\RTE
  D:\Keil5MDK\ARM\PACK\ARM\CMSIS\5.0.1\CMSIS\Include
  D:\Keil5MDK\ARM\PACK\GigaDevice\GD32F10x_DFP\2.0.3\Device\Include

<h2>Collection of Component Files used:</h2>

   * Component: ARM::CMSIS:CORE:5.0.1
</pre>
</body>
</html>
