<html>
<body>
<pre>
<h1>µVision Build Log</h1>
<h2>Tool Versions:</h2>
IDE-Version: ¦ÌVision V5.39.0.0
Copyright (C) 2023 ARM Ltd and ARM Germany GmbH. All rights reserved.
License Information: 1 vitamin, 1, LIC=ZB4EI-TXQRR-FWI2N-YPXUW-YKSDG-SLB7B
 
Tool Versions:
Toolchain:       MDK-ARM Plus  Version: 5.39.0.0
Toolchain Path:  D:\Keil5MDK\ARM\ARMCC\Bin
C Compiler:      Armcc.exe V5.06 update 7 (build 960)
Assembler:       Armasm.exe V5.06 update 7 (build 960)
Linker/Locator:  ArmLink.exe V5.06 update 7 (build 960)
Library Manager: ArmAr.exe V5.06 update 7 (build 960)
Hex Converter:   FromElf.exe V5.06 update 7 (build 960)
CPU DLL:         SARMCM3.DLL V5.39.0.0
Dialog DLL:      DCM.DLL V1.17.5.0
Target DLL:      STLink\ST-LINKIII-KEIL_SWO.dll V3.2.0.0
Dialog DLL:      TCM.DLL V1.56.4.0
 
<h2>Project:</h2>
D:\1PROJECT\light_sound_course_project2\Smart_Light_Sound_Switch\MDK-ARM\Smart_Light_Sound_Switch.uvprojx
Project File Date:  06/17/2025

<h2>Output:</h2>
*** Using Compiler 'V5.06 update 7 (build 960)', folder: 'D:\Keil5MDK\ARM\ARMCC\Bin'
Build target 'Smart_Light_Sound_Switch'
compiling sound_light.c...
..\code\key.h(16): warning:  #1-D: last line of file ends without a newline
  #endif
..\code\led.h(7): warning:  #1295-D: Deprecated declaration led_fun - give arg types
  void led_fun();
..\code\menu.h(38): warning:  #1-D: last line of file ends without a newline
  #endif /* __MENU_H */
..\code\sound_light.c(124): warning:  #514-D: pointless comparison of unsigned integer with a negative constant
          curr_y = (curr_y < y_base - WAVE_HEIGHT) ? (y_base - WAVE_HEIGHT) : curr_y;
..\code\sound_light.c(138): warning:  #177-D: variable "last"  was declared but never referenced
      uint8_t last=0;
..\code\sound_light.c(302): warning:  #186-D: pointless comparison of unsigned integer with zero
              if(light_threshold < 0) light_threshold = 0;
..\code\sound_light.c: 6 warnings, 0 errors
linking...
Program Size: Code=27596 RO-data=2484 RW-data=176 ZI-data=3480  
FromELF: creating hex file...
"Smart_Light_Sound_Switch\Smart_Light_Sound_Switch.axf" - 0 Error(s), 6 Warning(s).

<h2>Software Packages used:</h2>

Package Vendor: ARM
                http://www.keil.com/pack/ARM.CMSIS.5.9.0.pack
                ARM::CMSIS@5.9.0
                CMSIS (Common Microcontroller Software Interface Standard)
   * Component: CORE Version: 5.6.0

Package Vendor: GigaDevice
                https://gd32mcu.com/data/documents/pack/GigaDevice.GD32F10x_DFP.2.3.0.pack
                GigaDevice::GD32F10x_DFP@2.3.0
                GigaDevice GD32F10x Series Device Support and Examples

<h2>Collection of Component include folders:</h2>
  ./RTE/_Smart_Light_Sound_Switch
  D:/Keil5MDK/ARM/PACK/ARM/CMSIS/5.9.0/CMSIS/Core/Include
  D:/Keil5MDK/ARM/PACK/GigaDevice/GD32F10x_DFP/2.3.0/Device/Include

<h2>Collection of Component Files used:</h2>

   * Component: ARM::CMSIS:CORE@5.6.0
Build Time Elapsed:  00:00:05
</pre>
</body>
</html>
