Component: ARM Compiler 5.06 update 7 (build 960) Tool: armlink [4d3601]

==============================================================================

Section Cross References

    startup_stm32f103xb.o(RESET) refers to startup_stm32f103xb.o(STACK) for __initial_sp
    startup_stm32f103xb.o(RESET) refers to startup_stm32f103xb.o(.text) for Reset_Handler
    startup_stm32f103xb.o(RESET) refers to stm32f1xx_it.o(i.NMI_Handler) for NMI_Handler
    startup_stm32f103xb.o(RESET) refers to stm32f1xx_it.o(i.HardFault_Handler) for HardFault_Handler
    startup_stm32f103xb.o(RESET) refers to stm32f1xx_it.o(i.MemManage_Handler) for MemManage_Handler
    startup_stm32f103xb.o(RESET) refers to stm32f1xx_it.o(i.BusFault_Handler) for BusFault_Handler
    startup_stm32f103xb.o(RESET) refers to stm32f1xx_it.o(i.UsageFault_Handler) for UsageFault_Handler
    startup_stm32f103xb.o(RESET) refers to stm32f1xx_it.o(i.SVC_Handler) for SVC_Handler
    startup_stm32f103xb.o(RESET) refers to stm32f1xx_it.o(i.DebugMon_Handler) for DebugMon_Handler
    startup_stm32f103xb.o(RESET) refers to stm32f1xx_it.o(i.PendSV_Handler) for PendSV_Handler
    startup_stm32f103xb.o(RESET) refers to stm32f1xx_it.o(i.SysTick_Handler) for SysTick_Handler
    startup_stm32f103xb.o(RESET) refers to stm32f1xx_it.o(i.DMA1_Channel1_IRQHandler) for DMA1_Channel1_IRQHandler
    startup_stm32f103xb.o(RESET) refers to stm32f1xx_it.o(i.ADC1_2_IRQHandler) for ADC1_2_IRQHandler
    startup_stm32f103xb.o(RESET) refers to stm32f1xx_it.o(i.TIM2_IRQHandler) for TIM2_IRQHandler
    startup_stm32f103xb.o(RESET) refers to stm32f1xx_it.o(i.TIM3_IRQHandler) for TIM3_IRQHandler
    startup_stm32f103xb.o(RESET) refers to stm32f1xx_it.o(i.USART1_IRQHandler) for USART1_IRQHandler
    startup_stm32f103xb.o(.text) refers to system_stm32f1xx.o(i.SystemInit) for SystemInit
    startup_stm32f103xb.o(.text) refers to entry.o(.ARM.Collect$$$$00000000) for __main
    main.o(i.HAL_UART_RxCpltCallback) refers to memseta.o(.text) for __aeabi_memclr4
    main.o(i.HAL_UART_RxCpltCallback) refers to stm32f1xx_hal_uart.o(i.HAL_UART_Transmit) for HAL_UART_Transmit
    main.o(i.HAL_UART_RxCpltCallback) refers to stm32f1xx_hal_uart.o(i.HAL_UART_GetState) for HAL_UART_GetState
    main.o(i.HAL_UART_RxCpltCallback) refers to stm32f1xx_hal_uart.o(i.HAL_UART_Receive_IT) for HAL_UART_Receive_IT
    main.o(i.HAL_UART_RxCpltCallback) refers to main.o(.data) for .data
    main.o(i.HAL_UART_RxCpltCallback) refers to main.o(.bss) for .bss
    main.o(i.HAL_UART_RxCpltCallback) refers to usart.o(.bss) for huart1
    main.o(i.SystemClock_Config) refers to memseta.o(.text) for __aeabi_memclr4
    main.o(i.SystemClock_Config) refers to stm32f1xx_hal_rcc.o(i.HAL_RCC_OscConfig) for HAL_RCC_OscConfig
    main.o(i.SystemClock_Config) refers to stm32f1xx_hal_rcc.o(i.HAL_RCC_ClockConfig) for HAL_RCC_ClockConfig
    main.o(i.SystemClock_Config) refers to stm32f1xx_hal_rcc_ex.o(i.HAL_RCCEx_PeriphCLKConfig) for HAL_RCCEx_PeriphCLKConfig
    main.o(i.fgetc) refers to stm32f1xx_hal_uart.o(i.HAL_UART_Receive) for HAL_UART_Receive
    main.o(i.fgetc) refers to usart.o(.bss) for huart1
    main.o(i.fputc) refers to stm32f1xx_hal_uart.o(i.HAL_UART_Transmit) for HAL_UART_Transmit
    main.o(i.fputc) refers to usart.o(.bss) for huart1
    main.o(i.main) refers to stm32f1xx_hal.o(i.HAL_Init) for HAL_Init
    main.o(i.main) refers to main.o(i.SystemClock_Config) for SystemClock_Config
    main.o(i.main) refers to gpio.o(i.MX_GPIO_Init) for MX_GPIO_Init
    main.o(i.main) refers to dma.o(i.MX_DMA_Init) for MX_DMA_Init
    main.o(i.main) refers to adc.o(i.MX_ADC1_Init) for MX_ADC1_Init
    main.o(i.main) refers to i2c.o(i.MX_I2C2_Init) for MX_I2C2_Init
    main.o(i.main) refers to tim.o(i.MX_TIM3_Init) for MX_TIM3_Init
    main.o(i.main) refers to usart.o(i.MX_USART1_UART_Init) for MX_USART1_UART_Init
    main.o(i.main) refers to tim.o(i.MX_TIM2_Init) for MX_TIM2_Init
    main.o(i.main) refers to stm32f1xx_hal_uart.o(i.HAL_UART_Receive_IT) for HAL_UART_Receive_IT
    main.o(i.main) refers to stm32f1xx_hal_tim.o(i.HAL_TIM_PWM_Start) for HAL_TIM_PWM_Start
    main.o(i.main) refers to stm32f1xx_hal_tim.o(i.HAL_TIM_Base_Start_IT) for HAL_TIM_Base_Start_IT
    main.o(i.main) refers to sound_light.o(i.SoundLight_Init) for SoundLight_Init
    main.o(i.main) refers to oled .o(i.u8g2Init) for u8g2Init
    main.o(i.main) refers to stm32f1xx_hal.o(i.HAL_Delay) for HAL_Delay
    main.o(i.main) refers to menu.o(i.Show_Menu_Config) for Show_Menu_Config
    main.o(i.main) refers to menu.o(i.Show_Menu) for Show_Menu
    main.o(i.main) refers to main.o(.data) for .data
    main.o(i.main) refers to usart.o(.bss) for huart1
    main.o(i.main) refers to tim.o(.bss) for htim3
    main.o(i.main) refers to main.o(.bss) for .bss
    gpio.o(i.MX_GPIO_Init) refers to stm32f1xx_hal_gpio.o(i.HAL_GPIO_Init) for HAL_GPIO_Init
    adc.o(i.HAL_ADC_MspDeInit) refers to stm32f1xx_hal_gpio.o(i.HAL_GPIO_DeInit) for HAL_GPIO_DeInit
[...]
    i.Update_Waveform_Raw                    0x080057b8   Section        0  sound_light.o(i.Update_Waveform_Raw)
    i.UsageFault_Handler                     0x080057d8   Section        0  stm32f1xx_it.o(i.UsageFault_Handler)
    i.__0printf                              0x080057dc   Section        0  printfa.o(i.__0printf)
    i.__0sprintf                             0x080057fc   Section        0  printfa.o(i.__0sprintf)
    i.__NVIC_SetPriority                     0x08005824   Section        0  stm32f1xx_hal_cortex.o(i.__NVIC_SetPriority)
    __NVIC_SetPriority                       0x08005825   Thumb Code    32  stm32f1xx_hal_cortex.o(i.__NVIC_SetPriority)
    i.__scatterload_copy                     0x08005844   Section       14  handlers.o(i.__scatterload_copy)
    i.__scatterload_null                     0x08005852   Section        2  handlers.o(i.__scatterload_null)
    i.__scatterload_zeroinit                 0x08005854   Section       14  handlers.o(i.__scatterload_zeroinit)
    i._fp_digits                             0x08005864   Section        0  printfa.o(i._fp_digits)
    _fp_digits                               0x08005865   Thumb Code   366  printfa.o(i._fp_digits)
    i._printf_core                           0x080059e8   Section        0  printfa.o(i._printf_core)
    _printf_core                             0x080059e9   Thumb Code  1704  printfa.o(i._printf_core)
    i._printf_post_padding                   0x0800609c   Section        0  printfa.o(i._printf_post_padding)
    _printf_post_padding                     0x0800609d   Thumb Code    36  printfa.o(i._printf_post_padding)
    i._printf_pre_padding                    0x080060c0   Section        0  printfa.o(i._printf_pre_padding)
    _printf_pre_padding                      0x080060c1   Thumb Code    46  printfa.o(i._printf_pre_padding)
    i._sputc                                 0x080060ee   Section        0  printfa.o(i._sputc)
    _sputc                                   0x080060ef   Thumb Code    10  printfa.o(i._sputc)
    i.adjust_light_threshold                 0x080060f8   Section        0  sound_light.o(i.adjust_light_threshold)
    i.adjust_sound_threshold                 0x080061d4   Section        0  sound_light.o(i.adjust_sound_threshold)
    i.bright_adjust                          0x080062e0   Section        0  led.o(i.bright_adjust)
    i.delay_us                               0x080063c8   Section        0  oled .o(i.delay_us)
    i.fputc                                  0x080063d0   Section        0  main.o(i.fputc)
    i.key_scan                               0x080063f0   Section        0  key.o(i.key_scan)
    i.led_duty                               0x080064bc   Section        0  led.o(i.led_duty)
    i.light_detect                           0x080064c8   Section        0  sound_light.o(i.light_detect)
    i.light_to_led                           0x080064f0   Section        0  sound_light.o(i.light_to_led)
    i.main                                   0x08006548   Section        0  main.o(i.main)
    i.mix_detect                             0x080065c0   Section        0  sound_light.o(i.mix_detect)
    i.sound_detect                           0x080066d0   Section        0  sound_light.o(i.sound_detect)
    i.sound_to_led                           0x080066f8   Section        0  sound_light.o(i.sound_to_led)
    i.time_adjust                            0x08006750   Section        0  led.o(i.time_adjust)
    i.u8g2Init                               0x0800682c   Section        0  oled .o(i.u8g2Init)
    i.u8g2_DrawHXBM                          0x08006860   Section        0  u8g2_bitmap.o(i.u8g2_DrawHXBM)
    i.u8g2_DrawXBM                           0x080068f4   Section        0  u8g2_bitmap.o(i.u8g2_DrawXBM)
    i.u8x8_byte_hw_i2c                       0x08006940   Section        0  oled .o(i.u8x8_byte_hw_i2c)
    i.u8x8_d_ssd1306_128x64_noname           0x080069b0   Section        0  u8x8_d_ssd1306_128x64_noname.o(i.u8x8_d_ssd1306_128x64_noname)
    i.u8x8_d_ssd1306_sh1106_generic          0x080069ec   Section        0  u8x8_d_ssd1306_128x64_noname.o(i.u8x8_d_ssd1306_sh1106_generic)
    u8x8_d_ssd1306_sh1106_generic            0x080069ed   Thumb Code   196  u8x8_d_ssd1306_128x64_noname.o(i.u8x8_d_ssd1306_sh1106_generic)
    i.u8x8_gpio_and_delay                    0x08006ab4   Section        0  oled .o(i.u8x8_gpio_and_delay)
    i.ui_left_one_Picture                    0x08006b40   Section        0  menu.o(i.ui_left_one_Picture)
    i.ui_right_one_Picture                   0x08006b48   Section        0  menu.o(i.ui_right_one_Picture)
    i.ui_run                                 0x08006b50   Section        0  menu.o(i.ui_run)
    .constdata                               0x08006b80   Section       18  stm32f1xx_hal_rcc.o(.constdata)
    aPredivFactorTable                       0x08006b80   Data           2  stm32f1xx_hal_rcc.o(.constdata)
    aPLLMULFactorTable                       0x08006b82   Data          16  stm32f1xx_hal_rcc.o(.constdata)
    .constdata                               0x08006b92   Section       18  stm32f1xx_hal_rcc_ex.o(.constdata)
    aPredivFactorTable                       0x08006b92   Data           2  stm32f1xx_hal_rcc_ex.o(.constdata)
    aPLLMULFactorTable                       0x08006b94   Data          16  stm32f1xx_hal_rcc_ex.o(.constdata)
    .constdata                               0x08006ba4   Section       16  system_stm32f1xx.o(.constdata)
    .constdata                               0x08006bb4   Section        8  system_stm32f1xx.o(.constdata)
    .constdata                               0x08006bbc   Section      940  menu.o(.constdata)
    .constdata                               0x08006f68   Section      344  u8x8_d_ssd1306_128x64_noname.o(.constdata)
    u8x8_d_ssd1306_128x64_noname_powersave0_seq 0x08006f68   Data           5  u8x8_d_ssd1306_128x64_noname.o(.constdata)
    u8x8_d_ssd1306_128x64_noname_powersave1_seq 0x08006f6d   Data           5  u8x8_d_ssd1306_128x64_noname.o(.constdata)
    u8x8_d_ssd1306_128x64_noname_flip0_seq   0x08006f72   Data           7  u8x8_d_ssd1306_128x64_noname.o(.constdata)
    u8x8_d_ssd1306_128x64_noname_flip1_seq   0x08006f79   Data           7  u8x8_d_ssd1306_128x64_noname.o(.constdata)
    u8x8_d_ssd1312_128x64_noname_flip0_seq   0x08006f80   Data           7  u8x8_d_ssd1306_128x64_noname.o(.constdata)
    u8x8_d_ssd1312_128x64_noname_flip1_seq   0x08006f87   Data           7  u8x8_d_ssd1306_128x64_noname.o(.constdata)
    u8x8_d_ssd1306_128x64_noname_init_seq    0x08006f8e   Data          53  u8x8_d_ssd1306_128x64_noname.o(.constdata)
    u8x8_d_ssd1306_128x64_vcomh0_init_seq    0x08006fc3   Data          53  u8x8_d_ssd1306_128x64_noname.o(.constdata)
    u8x8_d_ssd1306_128x64_alt0_init_seq      0x08006ff8   Data          53  u8x8_d_ssd1306_128x64_noname.o(.constdata)
    u8x8_d_sh1106_128x64_winstar_init_seq    0x0800702d   Data          45  u8x8_d_ssd1306_128x64_noname.o(.constdata)
    u8x8_d_ssd1312_128x64_noname_init_seq    0x0800705a   Data          53  u8x8_d_ssd1306_128x64_noname.o(.constdata)
    u8x8_ssd1306_128x64_noname_display_info  0x08007090   Data          24  u8x8_d_ssd1306_128x64_noname.o(.constdata)
    u8x8_sh1106_128x64_noname_display_info   0x080070a8   Data          24  u8x8_d_ssd1306_128x64_noname.o(.constdata)
    .data                                    0x20000000   Section        2  main.o(.data)
    .data                                    0x20000004   Section       12  stm32f1xx_hal.o(.data)
    .data                                    0x20000010   Section        4  system_stm32f1xx.o(.data)
    .data                                    0x20000014   Section       52  key.o(.data)
    .data                                    0x20000048   Section        1  oled .o(.data)
    buf_idx                                  0x20000048   Data           1  oled .o(.data)
    .data                                    0x2000004c   Section       32  menu.o(.data)
    Picture_Flag                             0x2000004c   Data           1  menu.o(.data)
    Box_x                                    0x2000004e   Data           1  menu.o(.data)
    Box_y                                    0x2000004f   Data           1  menu.o(.data)
    Box_w                                    0x20000050   Data           1  menu.o(.data)
    Box_h                                    0x20000051   Data           1  menu.o(.data)
    Box_x_trg                                0x20000052   Data           1  menu.o(.data)
    Box_y_trg                                0x20000053   Data           1  menu.o(.data)
    Box_w_trg                                0x20000054   Data           1  menu.o(.data)
    Box_h_trg                                0x20000055   Data           1  menu.o(.data)
    Box_Flag                                 0x20000056   Data           1  menu.o(.data)
    Box_x                                    0x20000057   Data           1  menu.o(.data)
    Box_y                                    0x20000058   Data           1  menu.o(.data)
    Box_w                                    0x20000059   Data           1  menu.o(.data)
    Box_h                                    0x2000005a   Data           1  menu.o(.data)
    Box_x_trg                                0x2000005b   Data           1  menu.o(.data)
    Box_y_trg                                0x2000005c   Data           1  menu.o(.data)
    Box_w_trg                                0x2000005d   Data           1  menu.o(.data)
    Box_h_trg                                0x2000005e   Data           1  menu.o(.data)
    Box_Flag                                 0x2000005f   Data           1  menu.o(.data)
    .data                                    0x2000006c   Section       12  led.o(.data)
    .data                                    0x20000078   Section       48  sound_light.o(.data)
    led_active                               0x2000007b   Data           1  sound_light.o(.data)
    led_active                               0x2000007c   Data           1  sound_light.o(.data)
    trigger_time                             0x2000009c   Data           4  sound_light.o(.data)
    trigger_time                             0x200000a0   Data           4  sound_light.o(.data)
    .data                                    0x200000a8   Section        4  stdout.o(.data)
    .bss                                     0x200000ac   Section      404  main.o(.bss)
    .bss                                     0x20000240   Section      116  adc.o(.bss)
    .bss                                     0x200002b4   Section       84  i2c.o(.bss)
    .bss                                     0x20000308   Section      144  tim.o(.bss)
    .bss                                     0x20000398   Section       72  usart.o(.bss)
    .bss                                     0x200003e0   Section      256  oled .o(.bss)
    buffer                                   0x200003e0   Data         256  oled .o(.bss)
    .bss                                     0x200004e0   Section       32  menu.o(.bss)
    .bss                                     0x20000500   Section       32  led.o(.bss)
    .bss                                     0x20000520   Section      290  sound_light.o(.bss)
    [Anonymous Symbol]                       0x20000642   Section        0  u8g2_d_memory.o(.bss.u8g2_m_16_8_f.buf)
    u8g2_m_16_8_f.buf                        0x20000642   Data        1024  u8g2_d_memory.o(.bss.u8g2_m_16_8_f.buf)
    [Anonymous Symbol]                       0x20000a42   Section        0  u8x8_cad.o(.bss.u8x8_cad_ssd13xx_fast_i2c.in_transfer)
    u8x8_cad_ssd13xx_fast_i2c.in_transfer    0x20000a42   Data           1  u8x8_cad.o(.bss.u8x8_cad_ssd13xx_fast_i2c.in_transfer)
    STACK                                    0x20000a48   Section     1024  startup_stm32f103xb.o(STACK)

    Global Symbols

    Symbol Name                              Value     Ov Type        Size  Object(Section)

    BuildAttributes$$THM_ISAv4$P$D$K$B$S$PE$A:L22UL41UL21$X:L11$S22US41US21$IEEE1$IW$USESV6$~STKCKD$USESV7$~SHL$OTIME$ROPI$EBA8$MICROLIB$REQ8$PRES8$EABIv2 0x00000000   Number         0  anon$$obj.o ABSOLUTE
    __ARM_use_no_argv                        0x00000000   Number         0  main.o ABSOLUTE
    _printf_a                                0x00000000   Number         0  stubs.o ABSOLUTE
    _printf_c                                0x00000000   Number         0  stubs.o ABSOLUTE
    _printf_charcount                        0x00000000   Number         0  stubs.o ABSOLUTE
    _printf_d                                0x00000000   Number         0  stubs.o ABSOLUTE
    _printf_e                                0x00000000   Number         0  stubs.o ABSOLUTE
    _printf_f                                0x00000000   Number         0  stubs.o ABSOLUTE
    _printf_flags                            0x00000000   Number         0  stubs.o ABSOLUTE
    _printf_fp_dec                           0x00000000   Number         0  stubs.o ABSOLUTE
    _printf_fp_hex                           0x00000000   Number         0  stubs.o ABSOLUTE
    _printf_g                                0x00000000   Number         0  stubs.o ABSOLUTE
    _printf_i                                0x00000000   Number         0  stubs.o ABSOLUTE
    _printf_int_dec                          0x00000000   Number         0  stubs.o ABSOLUTE
    _printf_l                                0x00000000   Number         0  stubs.o ABSOLUTE
    _printf_lc                               0x00000000   Number         0  stubs.o ABSOLUTE
    _printf_ll                               0x00000000   Number         0  stubs.o ABSOLUTE
    _printf_lld                              0x00000000   Number         0  stubs.o ABSOLUTE
    _printf_lli                              0x00000000   Number         0  stubs.o ABSOLUTE
    _printf_llo                              0x00000000   Number         0  stubs.o ABSOLUTE
    _printf_llu                              0x00000000   Number         0  stubs.o ABSOLUTE
    _printf_llx                              0x00000000   Number         0  stubs.o ABSOLUTE
    _printf_longlong_dec                     0x00000000   Number         0  stubs.o ABSOLUTE
    _printf_longlong_hex                     0x00000000   Number         0  stubs.o ABSOLUTE
    _printf_longlong_oct                     0x00000000   Number         0  stubs.o ABSOLUTE
    _printf_ls                               0x00000000   Number         0  stubs.o ABSOLUTE
    _printf_mbtowc                           0x00000000   Number         0  stubs.o ABSOLUTE
    _printf_n                                0x00000000   Number         0  stubs.o ABSOLUTE
    _printf_o                                0x00000000   Number         0  stubs.o ABSOLUTE
    _printf_p                                0x00000000   Number         0  stubs.o ABSOLUTE
    _printf_percent                          0x00000000   Number         0  stubs.o ABSOLUTE
    _printf_pre_padding                      0x00000000   Number         0  stubs.o ABSOLUTE
    _printf_return_value                     0x00000000   Number         0  stubs.o ABSOLUTE
    _printf_s                                0x00000000   Number         0  stubs.o ABSOLUTE
    _printf_sizespec                         0x00000000   Number         0  stubs.o ABSOLUTE
    _printf_str                              0x00000000   Number         0  stubs.o ABSOLUTE
    _printf_truncate_signed                  0x00000000   Number         0  stubs.o ABSOLUTE
    _printf_truncate_unsigned                0x00000000   Number         0  stubs.o ABSOLUTE
    _printf_u                                0x00000000   Number         0  stubs.o ABSOLUTE
    _printf_wc                               0x00000000   Number         0  stubs.o ABSOLUTE
    _printf_wctomb                           0x00000000   Number         0  stubs.o ABSOLUTE
    _printf_widthprec                        0x00000000   Number         0  stubs.o ABSOLUTE
    _printf_x                                0x00000000   Number         0  stubs.o ABSOLUTE
    __arm_fini_                               - Undefined Weak Reference
    __cpp_initialize__aeabi_                  - Undefined Weak Reference
    __cxa_finalize                            - Undefined Weak Reference
    __decompress                              - Undefined Weak Reference
    _clock_init                               - Undefined Weak Reference
    _microlib_exit                            - Undefined Weak Reference
    __Vectors_Size                           0x000000ec   Number         0  startup_stm32f103xb.o ABSOLUTE
    __Vectors                                0x08000000   Data           4  startup_stm32f103xb.o(RESET)
    __Vectors_End                            0x080000ec   Data           0  startup_stm32f103xb.o(RESET)
    __main                                   0x080000ed   Thumb Code     0  entry.o(.ARM.Collect$$$$00000000)
    _main_stk                                0x080000ed   Thumb Code     0  entry2.o(.ARM.Collect$$$$00000001)
    _main_scatterload                        0x080000f1   Thumb Code     0  entry5.o(.ARM.Collect$$$$00000004)
    __main_after_scatterload                 0x080000f5   Thumb Code     0  entry5.o(.ARM.Collect$$$$00000004)
    _main_clock                              0x080000f5   Thumb Code     0  entry7b.o(.ARM.Collect$$$$00000008)
    _main_cpp_init                           0x080000f5   Thumb Code     0  entry8b.o(.ARM.Collect$$$$0000000A)
    _main_init                               0x080000f5   Thumb Code     0  entry9a.o(.ARM.Collect$$$$0000000B)
    __rt_lib_shutdown_fini                   0x080000fd   Thumb Code     0  entry12b.o(.ARM.Collect$$$$0000000E)
    __rt_final_cpp                           0x08000101   Thumb Code     0  entry10a.o(.ARM.Collect$$$$0000000F)
    __rt_final_exit                          0x08000101   Thumb Code     0  entry11a.o(.ARM.Collect$$$$00000011)
    Reset_Handler                            0x08000105   Thumb Code     8  startup_stm32f103xb.o(.text)
    CAN1_RX1_IRQHandler                      0x0800011f   Thumb Code     0  startup_stm32f103xb.o(.text)
    CAN1_SCE_IRQHandler                      0x0800011f   Thumb Code     0  startup_stm32f103xb.o(.text)
    DMA1_Channel2_IRQHandler                 0x0800011f   Thumb Code     0  startup_stm32f103xb.o(.text)
    DMA1_Channel3_IRQHandler                 0x0800011f   Thumb Code     0  startup_stm32f103xb.o(.text)
    DMA1_Channel4_IRQHandler                 0x0800011f   Thumb Code     0  startup_stm32f103xb.o(.text)
    DMA1_Channel5_IRQHandler                 0x0800011f   Thumb Code     0  startup_stm32f103xb.o(.text)
    DMA1_Channel6_IRQHandler                 0x0800011f   Thumb Code     0  startup_stm32f103xb.o(.text)
    DMA1_Channel7_IRQHandler                 0x0800011f   Thumb Code     0  startup_stm32f103xb.o(.text)
    EXTI0_IRQHandler                         0x0800011f   Thumb Code     0  startup_stm32f103xb.o(.text)
    EXTI15_10_IRQHandler                     0x0800011f   Thumb Code     0  startup_stm32f103xb.o(.text)
    EXTI1_IRQHandler                         0x0800011f   Thumb Code     0  startup_stm32f103xb.o(.text)
    EXTI2_IRQHandler                         0x0800011f   Thumb Code     0  startup_stm32f103xb.o(.text)
    EXTI3_IRQHandler                         0x0800011f   Thumb Code     0  startup_stm32f103xb.o(.text)
    EXTI4_IRQHandler                         0x0800011f   Thumb Code     0  startup_stm32f103xb.o(.text)
    EXTI9_5_IRQHandler                       0x0800011f   Thumb Code     0  startup_stm32f103xb.o(.text)
    FLASH_IRQHandler                         0x0800011f   Thumb Code     0  startup_stm32f103xb.o(.text)
    I2C1_ER_IRQHandler                       0x0800011f   Thumb Code     0  startup_stm32f103xb.o(.text)
    I2C1_EV_IRQHandler                       0x0800011f   Thumb Code     0  startup_stm32f103xb.o(.text)
    I2C2_ER_IRQHandler                       0x0800011f   Thumb Code     0  startup_stm32f103xb.o(.text)
    I2C2_EV_IRQHandler                       0x0800011f   Thumb Code     0  startup_stm32f103xb.o(.text)
    PVD_IRQHandler                           0x0800011f   Thumb Code     0  startup_stm32f103xb.o(.text)
    RCC_IRQHandler                           0x0800011f   Thumb Code     0  startup_stm32f103xb.o(.text)
    RTC_Alarm_IRQHandler                     0x0800011f   Thumb Code     0  startup_stm32f103xb.o(.text)
    RTC_IRQHandler                           0x0800011f   Thumb Code     0  startup_stm32f103xb.o(.text)
    SPI1_IRQHandler                          0x0800011f   Thumb Code     0  startup_stm32f103xb.o(.text)
    SPI2_IRQHandler                          0x0800011f   Thumb Code     0  startup_stm32f103xb.o(.text)
    TAMPER_IRQHandler                        0x0800011f   Thumb Code     0  startup_stm32f103xb.o(.text)
    TIM1_BRK_IRQHandler                      0x0800011f   Thumb Code     0  startup_stm32f103xb.o(.text)
    TIM1_CC_IRQHandler                       0x0800011f   Thumb Code     0  startup_stm32f103xb.o(.text)
    TIM1_TRG_COM_IRQHandler                  0x0800011f   Thumb Code     0  startup_stm32f103xb.o(.text)
    TIM1_UP_IRQHandler                       0x0800011f   Thumb Code     0  startup_stm32f103xb.o(.text)
    TIM4_IRQHandler                          0x0800011f   Thumb Code     0  startup_stm32f103xb.o(.text)
    USART2_IRQHandler                        0x0800011f   Thumb Code     0  startup_stm32f103xb.o(.text)
    USART3_IRQHandler                        0x0800011f   Thumb Code     0  startup_stm32f103xb.o(.text)
    USBWakeUp_IRQHandler                     0x0800011f   Thumb Code     0  startup_stm32f103xb.o(.text)
    USB_HP_CAN1_TX_IRQHandler                0x0800011f   Thumb Code     0  startup_stm32f103xb.o(.text)
    USB_LP_CAN1_RX0_IRQHandler               0x0800011f   Thumb Code     0  startup_stm32f103xb.o(.text)
    WWDG_IRQHandler                          0x0800011f   Thumb Code     0  startup_stm32f103xb.o(.text)
    __aeabi_llsr                             0x08000129   Thumb Code    32  llushr.o(.text)
    _ll_ushift_r                             0x08000129   Thumb Code     0  llushr.o(.text)
    __aeabi_memset                           0x08000149   Thumb Code    14  memseta.o(.text)
    __aeabi_memset4                          0x08000149   Thumb Code     0  memseta.o(.text)
    __aeabi_memset8                          0x08000149   Thumb Code     0  memseta.o(.text)
    __aeabi_memclr                           0x08000157   Thumb Code     4  memseta.o(.text)
    __aeabi_memclr4                          0x08000157   Thumb Code     0  memseta.o(.text)
    __aeabi_memclr8                          0x08000157   Thumb Code     0  memseta.o(.text)
    _memset$wrapper                          0x0800015b   Thumb Code    18  memseta.o(.text)
    __aeabi_fadd                             0x0800016d   Thumb Code   164  fadd.o(.text)
    __aeabi_fsub                             0x08000211   Thumb Code     6  fadd.o(.text)
    __aeabi_frsub                            0x08000217   Thumb Code     6  fadd.o(.text)
    __aeabi_fdiv                             0x0800021d   Thumb Code   124  fdiv.o(.text)
    __ARM_scalbnf                            0x08000299   Thumb Code    24  fscalb.o(.text)
    scalbnf                                  0x08000299   Thumb Code     0  fscalb.o(.text)
    __aeabi_ui2f                             0x080002b1   Thumb Code    10  ffltui.o(.text)
    __aeabi_f2uiz                            0x080002bb   Thumb Code    40  ffixui.o(.text)
    __aeabi_f2d                              0x080002e3   Thumb Code    38  f2d.o(.text)
    __aeabi_cfrcmple                         0x08000309   Thumb Code    20  cfrcmple.o(.text)
    __aeabi_uidiv                            0x0800031d   Thumb Code     0  uidiv.o(.text)
    __aeabi_uidivmod                         0x0800031d   Thumb Code    44  uidiv.o(.text)
    __aeabi_uldivmod                         0x08000349   Thumb Code    98  uldiv.o(.text)
    __I$use$fp                               0x080003ab   Thumb Code     0  iusefp.o(.text)
    _float_round                             0x080003ab   Thumb Code    18  fepilogue.o(.text)
    _float_epilogue                          0x080003bd   Thumb Code    92  fepilogue.o(.text)
    __aeabi_dadd                             0x08000419   Thumb Code   322  dadd.o(.text)
    __aeabi_dsub                             0x0800055b   Thumb Code     6  dadd.o(.text)
    __aeabi_drsub                            0x08000561   Thumb Code     6  dadd.o(.text)
    __aeabi_dmul                             0x08000567   Thumb Code   228  dmul.o(.text)
    __aeabi_ddiv                             0x0800064b   Thumb Code   222  ddiv.o(.text)
    __aeabi_d2ulz                            0x08000729   Thumb Code    48  dfixul.o(.text)
    __aeabi_cdrcmple                         0x08000759   Thumb Code    48  cdrcmple.o(.text)
    __scatterload                            0x08000789   Thumb Code    28  init.o(.text)
    __scatterload_rt2                        0x08000789   Thumb Code     0  init.o(.text)
    __aeabi_llsl                             0x080007ad   Thumb Code    30  llshl.o(.text)
    _ll_shift_l                              0x080007ad   Thumb Code     0  llshl.o(.text)
    __aeabi_lasr                             0x080007cb   Thumb Code    36  llsshr.o(.text)
    _ll_sshift_r                             0x080007cb   Thumb Code     0  llsshr.o(.text)
    _double_round                            0x080007ef   Thumb Code    30  depilogue.o(.text)
    _double_epilogue                         0x0800080d   Thumb Code   156  depilogue.o(.text)
    u8g2_ClearBuffer                         0x080008a9   Thumb Code    22  u8g2_buffer.o(.text.u8g2_ClearBuffer)
    u8g2_DrawFrame                           0x080008c1   Thumb Code   148  u8g2_box.o(.text.u8g2_DrawFrame)
    u8g2_DrawHLine                           0x08000955   Thumb Code   118  u8g2_hvline.o(.text.u8g2_DrawHLine)
    u8g2_DrawHVLine                          0x080009cd   Thumb Code   262  u8g2_hvline.o(.text.u8g2_DrawHVLine)
    u8g2_DrawLine                            0x08000ad5   Thumb Code   210  u8g2_line.o(.text.u8g2_DrawLine)
    u8g2_DrawPixel                           0x08000ba9   Thumb Code    86  u8g2_hvline.o(.text.u8g2_DrawPixel)
    u8g2_DrawStr                             0x08000c01   Thumb Code    16  u8g2_font.o(.text.u8g2_DrawStr)
    u8g2_IsIntersection                      0x08000c11   Thumb Code   104  u8g2_intersection.o(.text.u8g2_IsIntersection)
    u8g2_SendBuffer                          0x08000c79   Thumb Code    18  u8g2_buffer.o(.text.u8g2_SendBuffer)
    u8g2_SetFont                             0x08000c8d   Thumb Code   236  u8g2_font.o(.text.u8g2_SetFont)
    u8g2_SetFontDirection                    0x08000d79   Thumb Code     6  u8g2_font.o(.text.u8g2_SetFontDirection)
    u8g2_SetFontMode                         0x08000d81   Thumb Code     6  u8g2_font.o(.text.u8g2_SetFontMode)
    u8g2_SetFontPosBaseline                  0x08000d89   Thumb Code    12  u8g2_font.o(.text.u8g2_SetFontPosBaseline)
    u8g2_SetupBuffer                         0x08000d95   Thumb Code    80  u8g2_setup.o(.text.u8g2_SetupBuffer)
    u8g2_Setup_ssd1306_i2c_128x64_noname_f   0x08000de5   Thumb Code    70  u8g2_d_setup.o(.text.u8g2_Setup_ssd1306_i2c_128x64_noname_f)
    u8g2_add_vector_x                        0x08000e2d   Thumb Code    34  u8g2_font.o(.text.u8g2_add_vector_x)
    u8g2_add_vector_y                        0x08000e51   Thumb Code    34  u8g2_font.o(.text.u8g2_add_vector_y)
    u8g2_draw_hv_line_2dir                   0x08000e75   Thumb Code    30  u8g2_hvline.o(.text.u8g2_draw_hv_line_2dir)
    u8g2_draw_l90_r0                         0x08000e95   Thumb Code    20  u8g2_setup.o(.text.u8g2_draw_l90_r0)
    u8g2_font_calc_vref_font                 0x08000f99   Thumb Code     4  u8g2_font.o(.text.u8g2_font_calc_vref_font)
    u8g2_font_decode_glyph                   0x08000f9d   Thumb Code  1322  u8g2_font.o(.text.u8g2_font_decode_glyph)
    u8g2_font_get_glyph_data                 0x080014c9   Thumb Code   204  u8g2_font.o(.text.u8g2_font_get_glyph_data)
    u8g2_ll_hvline_vertical_top_lsb          0x0800159d   Thumb Code   636  u8g2_ll_hvline.o(.text.u8g2_ll_hvline_vertical_top_lsb)
    u8g2_m_16_8_f                            0x08001819   Thumb Code    16  u8g2_d_memory.o(.text.u8g2_m_16_8_f)
    u8g2_update_dimension_r0                 0x08001881   Thumb Code    64  u8g2_setup.o(.text.u8g2_update_dimension_r0)
    u8g2_update_page_win_r0                  0x080018c1   Thumb Code   132  u8g2_setup.o(.text.u8g2_update_page_win_r0)
    u8x8_DrawTile                            0x08001945   Thumb Code    40  u8x8_display.o(.text.u8x8_DrawTile)
    u8x8_InitDisplay                         0x0800196d   Thumb Code    12  u8x8_display.o(.text.u8x8_InitDisplay)
    u8x8_RefreshDisplay                      0x08001979   Thumb Code    12  u8x8_display.o(.text.u8x8_RefreshDisplay)
    u8x8_SetPowerSave                        0x08001985   Thumb Code    12  u8x8_display.o(.text.u8x8_SetPowerSave)
    u8x8_Setup                               0x08001991   Thumb Code    48  u8x8_setup.o(.text.u8x8_Setup)
    u8x8_SetupMemory                         0x080019c1   Thumb Code    12  u8x8_display.o(.text.u8x8_SetupMemory)
    u8x8_ascii_next                          0x080019cd   Thumb Code    18  u8x8_8x8.o(.text.u8x8_ascii_next)
    u8x8_byte_EndTransfer                    0x080019e1   Thumb Code    12  u8x8_byte.o(.text.u8x8_byte_EndTransfer)
    u8x8_byte_SendByte                       0x080019ed   Thumb Code    22  u8x8_byte.o(.text.u8x8_byte_SendByte)
    u8x8_byte_SendBytes                      0x08001a05   Thumb Code    12  u8x8_byte.o(.text.u8x8_byte_SendBytes)
    u8x8_byte_StartTransfer                  0x08001a11   Thumb Code    12  u8x8_byte.o(.text.u8x8_byte_StartTransfer)
    u8x8_cad_EndTransfer                     0x08001a1d   Thumb Code    12  u8x8_cad.o(.text.u8x8_cad_EndTransfer)
    u8x8_cad_SendArg                         0x08001a29   Thumb Code    12  u8x8_cad.o(.text.u8x8_cad_SendArg)
    u8x8_cad_SendCmd                         0x08001a35   Thumb Code    12  u8x8_cad.o(.text.u8x8_cad_SendCmd)
    u8x8_cad_SendData                        0x08001a41   Thumb Code    12  u8x8_cad.o(.text.u8x8_cad_SendData)
    u8x8_cad_SendSequence                    0x08001a4d   Thumb Code   124  u8x8_cad.o(.text.u8x8_cad_SendSequence)
    u8x8_cad_StartTransfer                   0x08001ac9   Thumb Code    12  u8x8_cad.o(.text.u8x8_cad_StartTransfer)
    u8x8_cad_ssd13xx_fast_i2c                0x08001ad5   Thumb Code   456  u8x8_cad.o(.text.u8x8_cad_ssd13xx_fast_i2c)
    u8x8_d_helper_display_init               0x08001c9d   Thumb Code   100  u8x8_display.o(.text.u8x8_d_helper_display_init)
    u8x8_d_helper_display_setup_memory       0x08001d01   Thumb Code    10  u8x8_display.o(.text.u8x8_d_helper_display_setup_memory)
    u8x8_gpio_call                           0x08001d0d   Thumb Code     8  u8x8_gpio.o(.text.u8x8_gpio_call)
    u8x8_utf8_init                           0x08001d45   Thumb Code     8  u8x8_8x8.o(.text.u8x8_utf8_init)
    ADC1_2_IRQHandler                        0x08001d4d   Thumb Code     6  stm32f1xx_it.o(i.ADC1_2_IRQHandler)
    ADC_ConversionStop_Disable               0x08001d59   Thumb Code    86  stm32f1xx_hal_adc.o(i.ADC_ConversionStop_Disable)
    ADC_DMAConvCplt                          0x08001daf   Thumb Code    78  stm32f1xx_hal_adc.o(i.ADC_DMAConvCplt)
    ADC_DMAError                             0x08001dfd   Thumb Code    26  stm32f1xx_hal_adc.o(i.ADC_DMAError)
    ADC_DMAHalfConvCplt                      0x08001e17   Thumb Code    10  stm32f1xx_hal_adc.o(i.ADC_DMAHalfConvCplt)
    ADC_Enable                               0x08001e21   Thumb Code   114  stm32f1xx_hal_adc.o(i.ADC_Enable)
    Blib_adjustment_Menu                     0x08001e9d   Thumb Code   342  menu.o(i.Blib_adjustment_Menu)
    Blib_adjustment_To_Menu_Display          0x08002039   Thumb Code   316  menu.o(i.Blib_adjustment_To_Menu_Display)
    BusFault_Handler                         0x080021b1   Thumb Code     2  stm32f1xx_it.o(i.BusFault_Handler)
    DMA1_Channel1_IRQHandler                 0x080021b5   Thumb Code     6  stm32f1xx_it.o(i.DMA1_Channel1_IRQHandler)
    DebugMon_Handler                         0x080021eb   Thumb Code     2  stm32f1xx_it.o(i.DebugMon_Handler)
    Draw_Waveform                            0x080021ed   Thumb Code   146  sound_light.o(i.Draw_Waveform)
    Error_Handler                            0x08002289   Thumb Code     4  main.o(i.Error_Handler)
    HAL_ADCEx_Calibration_Start              0x0800228d   Thumb Code   210  stm32f1xx_hal_adc_ex.o(i.HAL_ADCEx_Calibration_Start)
    HAL_ADCEx_InjectedConvCpltCallback       0x08002365   Thumb Code     2  stm32f1xx_hal_adc_ex.o(i.HAL_ADCEx_InjectedConvCpltCallback)
    HAL_ADC_ConfigChannel                    0x08002369   Thumb Code   240  stm32f1xx_hal_adc.o(i.HAL_ADC_ConfigChannel)
    HAL_ADC_ConvCpltCallback                 0x08002465   Thumb Code     2  sound_light.o(i.HAL_ADC_ConvCpltCallback)
    HAL_ADC_ConvHalfCpltCallback             0x08002467   Thumb Code     2  stm32f1xx_hal_adc.o(i.HAL_ADC_ConvHalfCpltCallback)
    HAL_ADC_ErrorCallback                    0x08002469   Thumb Code     2  stm32f1xx_hal_adc.o(i.HAL_ADC_ErrorCallback)
    HAL_ADC_IRQHandler                       0x0800246b   Thumb Code   220  stm32f1xx_hal_adc.o(i.HAL_ADC_IRQHandler)
    HAL_ADC_Init                             0x08002549   Thumb Code   272  stm32f1xx_hal_adc.o(i.HAL_ADC_Init)
    HAL_ADC_LevelOutOfWindowCallback         0x08002665   Thumb Code     2  stm32f1xx_hal_adc.o(i.HAL_ADC_LevelOutOfWindowCallback)
    HAL_ADC_MspInit                          0x08002669   Thumb Code   168  adc.o(i.HAL_ADC_MspInit)
    HAL_ADC_Start_DMA                        0x08002729   Thumb Code   246  stm32f1xx_hal_adc.o(i.HAL_ADC_Start_DMA)
    HAL_DMA_Abort                            0x08002835   Thumb Code    70  stm32f1xx_hal_dma.o(i.HAL_DMA_Abort)
    HAL_DMA_Abort_IT                         0x0800287d   Thumb Code   148  stm32f1xx_hal_dma.o(i.HAL_DMA_Abort_IT)
    HAL_DMA_IRQHandler                       0x08002915   Thumb Code   316  stm32f1xx_hal_dma.o(i.HAL_DMA_IRQHandler)
    HAL_DMA_Init                             0x08002a69   Thumb Code    84  stm32f1xx_hal_dma.o(i.HAL_DMA_Init)
    HAL_DMA_Start_IT                         0x08002ac5   Thumb Code   112  stm32f1xx_hal_dma.o(i.HAL_DMA_Start_IT)
    HAL_Delay                                0x08002b35   Thumb Code    32  stm32f1xx_hal.o(i.HAL_Delay)
    HAL_GPIO_Init                            0x08002b59   Thumb Code   446  stm32f1xx_hal_gpio.o(i.HAL_GPIO_Init)
    HAL_GPIO_ReadPin                         0x08002d39   Thumb Code    10  stm32f1xx_hal_gpio.o(i.HAL_GPIO_ReadPin)
    HAL_GPIO_WritePin                        0x08002d43   Thumb Code    10  stm32f1xx_hal_gpio.o(i.HAL_GPIO_WritePin)
    HAL_GetTick                              0x08002d4d   Thumb Code     6  stm32f1xx_hal.o(i.HAL_GetTick)
    HAL_I2C_Init                             0x08002d59   Thumb Code   376  stm32f1xx_hal_i2c.o(i.HAL_I2C_Init)
    HAL_I2C_Master_Transmit                  0x08002ee1   Thumb Code   290  stm32f1xx_hal_i2c.o(i.HAL_I2C_Master_Transmit)
    HAL_I2C_MspInit                          0x0800300d   Thumb Code    82  i2c.o(i.HAL_I2C_MspInit)
    HAL_IncTick                              0x0800306d   Thumb Code    12  stm32f1xx_hal.o(i.HAL_IncTick)
    HAL_Init                                 0x0800307d   Thumb Code    32  stm32f1xx_hal.o(i.HAL_Init)
    HAL_InitTick                             0x080030a1   Thumb Code    54  stm32f1xx_hal.o(i.HAL_InitTick)
    HAL_MspInit                              0x080030e1   Thumb Code    52  stm32f1xx_hal_msp.o(i.HAL_MspInit)
    HAL_NVIC_EnableIRQ                       0x0800311d   Thumb Code    26  stm32f1xx_hal_cortex.o(i.HAL_NVIC_EnableIRQ)
    HAL_NVIC_SetPriority                     0x08003139   Thumb Code    60  stm32f1xx_hal_cortex.o(i.HAL_NVIC_SetPriority)
    HAL_NVIC_SetPriorityGrouping             0x08003179   Thumb Code    26  stm32f1xx_hal_cortex.o(i.HAL_NVIC_SetPriorityGrouping)
    HAL_RCCEx_GetPeriphCLKFreq               0x0800319d   Thumb Code   148  stm32f1xx_hal_rcc_ex.o(i.HAL_RCCEx_GetPeriphCLKFreq)
    HAL_RCCEx_PeriphCLKConfig                0x08003241   Thumb Code   224  stm32f1xx_hal_rcc_ex.o(i.HAL_RCCEx_PeriphCLKConfig)
    HAL_RCC_ClockConfig                      0x0800332d   Thumb Code   280  stm32f1xx_hal_rcc.o(i.HAL_RCC_ClockConfig)
    HAL_RCC_GetPCLK1Freq                     0x08003459   Thumb Code    20  stm32f1xx_hal_rcc.o(i.HAL_RCC_GetPCLK1Freq)
    HAL_RCC_GetPCLK2Freq                     0x08003479   Thumb Code    20  stm32f1xx_hal_rcc.o(i.HAL_RCC_GetPCLK2Freq)
    HAL_RCC_GetSysClockFreq                  0x08003499   Thumb Code    58  stm32f1xx_hal_rcc.o(i.HAL_RCC_GetSysClockFreq)
    HAL_RCC_OscConfig                        0x080034e5   Thumb Code   778  stm32f1xx_hal_rcc.o(i.HAL_RCC_OscConfig)
    HAL_SYSTICK_Config                       0x08003805   Thumb Code    40  stm32f1xx_hal_cortex.o(i.HAL_SYSTICK_Config)
    HAL_TIMEx_BreakCallback                  0x0800382d   Thumb Code     2  stm32f1xx_hal_tim_ex.o(i.HAL_TIMEx_BreakCallback)
    HAL_TIMEx_CommutCallback                 0x0800382f   Thumb Code     2  stm32f1xx_hal_tim_ex.o(i.HAL_TIMEx_CommutCallback)
    HAL_TIMEx_MasterConfigSynchronization    0x08003831   Thumb Code    92  stm32f1xx_hal_tim_ex.o(i.HAL_TIMEx_MasterConfigSynchronization)
    HAL_TIM_Base_Init                        0x08003899   Thumb Code    90  stm32f1xx_hal_tim.o(i.HAL_TIM_Base_Init)
    HAL_TIM_Base_MspInit                     0x080038f5   Thumb Code    50  tim.o(i.HAL_TIM_Base_MspInit)
    HAL_TIM_Base_Start_IT                    0x0800392d   Thumb Code    76  stm32f1xx_hal_tim.o(i.HAL_TIM_Base_Start_IT)
    HAL_TIM_ConfigClockSource                0x08003985   Thumb Code   220  stm32f1xx_hal_tim.o(i.HAL_TIM_ConfigClockSource)
    HAL_TIM_IC_CaptureCallback               0x08003a61   Thumb Code     2  stm32f1xx_hal_tim.o(i.HAL_TIM_IC_CaptureCallback)
    HAL_TIM_IRQHandler                       0x08003a63   Thumb Code   304  stm32f1xx_hal_tim.o(i.HAL_TIM_IRQHandler)
    HAL_TIM_MspPostInit                      0x08003b95   Thumb Code    62  tim.o(i.HAL_TIM_MspPostInit)
    HAL_TIM_OC_DelayElapsedCallback          0x08003be1   Thumb Code     2  stm32f1xx_hal_tim.o(i.HAL_TIM_OC_DelayElapsedCallback)
    HAL_TIM_PWM_ConfigChannel                0x08003be3   Thumb Code   204  stm32f1xx_hal_tim.o(i.HAL_TIM_PWM_ConfigChannel)
    HAL_TIM_PWM_Init                         0x08003caf   Thumb Code    90  stm32f1xx_hal_tim.o(i.HAL_TIM_PWM_Init)
    HAL_TIM_PWM_MspInit                      0x08003d09   Thumb Code    50  tim.o(i.HAL_TIM_PWM_MspInit)
    HAL_TIM_PWM_PulseFinishedCallback        0x08003d45   Thumb Code     2  stm32f1xx_hal_tim.o(i.HAL_TIM_PWM_PulseFinishedCallback)
    HAL_TIM_PWM_Start                        0x08003d49   Thumb Code   144  stm32f1xx_hal_tim.o(i.HAL_TIM_PWM_Start)
    HAL_TIM_PeriodElapsedCallback            0x08003de5   Thumb Code   152  sound_light.o(i.HAL_TIM_PeriodElapsedCallback)
    HAL_TIM_TriggerCallback                  0x08003e85   Thumb Code     2  stm32f1xx_hal_tim.o(i.HAL_TIM_TriggerCallback)
    HAL_UARTEx_RxEventCallback               0x08003e87   Thumb Code     2  stm32f1xx_hal_uart.o(i.HAL_UARTEx_RxEventCallback)
    HAL_UART_ErrorCallback                   0x08003e89   Thumb Code     2  stm32f1xx_hal_uart.o(i.HAL_UART_ErrorCallback)
    HAL_UART_GetState                        0x08003e8b   Thumb Code    10  stm32f1xx_hal_uart.o(i.HAL_UART_GetState)
    HAL_UART_IRQHandler                      0x08003e95   Thumb Code   616  stm32f1xx_hal_uart.o(i.HAL_UART_IRQHandler)
    HAL_UART_Init                            0x08004101   Thumb Code   100  stm32f1xx_hal_uart.o(i.HAL_UART_Init)
    HAL_UART_MspInit                         0x08004165   Thumb Code   116  usart.o(i.HAL_UART_MspInit)
    HAL_UART_Receive_IT                      0x080041e5   Thumb Code    28  stm32f1xx_hal_uart.o(i.HAL_UART_Receive_IT)
    HAL_UART_RxCpltCallback                  0x08004201   Thumb Code   122  main.o(i.HAL_UART_RxCpltCallback)
    HAL_UART_Transmit                        0x08004295   Thumb Code   160  stm32f1xx_hal_uart.o(i.HAL_UART_Transmit)
    HAL_UART_TxCpltCallback                  0x08004335   Thumb Code     2  stm32f1xx_hal_uart.o(i.HAL_UART_TxCpltCallback)
    HardFault_Handler                        0x08004337   Thumb Code     2  stm32f1xx_it.o(i.HardFault_Handler)
    MX_ADC1_Init                             0x08004601   Thumb Code    94  adc.o(i.MX_ADC1_Init)
    MX_DMA_Init                              0x08004669   Thumb Code    40  dma.o(i.MX_DMA_Init)
    MX_GPIO_Init                             0x08004695   Thumb Code    78  gpio.o(i.MX_GPIO_Init)
    MX_I2C2_Init                             0x080046ed   Thumb Code    50  i2c.o(i.MX_I2C2_Init)
    MX_TIM2_Init                             0x0800472d   Thumb Code    96  tim.o(i.MX_TIM2_Init)
    MX_TIM3_Init                             0x08004791   Thumb Code   104  tim.o(i.MX_TIM3_Init)
    MX_USART1_UART_Init                      0x08004801   Thumb Code    48  usart.o(i.MX_USART1_UART_Init)
    MemManage_Handler                        0x08004839   Thumb Code     2  stm32f1xx_it.o(i.MemManage_Handler)
    NMI_Handler                              0x0800483b   Thumb Code     2  stm32f1xx_it.o(i.NMI_Handler)
    PendSV_Handler                           0x0800483d   Thumb Code     2  stm32f1xx_it.o(i.PendSV_Handler)
    SVC_Handler                              0x0800483f   Thumb Code     2  stm32f1xx_it.o(i.SVC_Handler)
    Serial_Adjustment_Menu                   0x08004841   Thumb Code   412  menu.o(i.Serial_Adjustment_Menu)
    Serial_Adjustment_To_Menu_Display        0x08004a29   Thumb Code   316  menu.o(i.Serial_Adjustment_To_Menu_Display)
    Show_Menu                                0x08004bad   Thumb Code   662  menu.o(i.Show_Menu)
    Show_Menu_Config                         0x08004e65   Thumb Code   174  menu.o(i.Show_Menu_Config)
    SoundLight_Init                          0x08004f2d   Thumb Code    22  sound_light.o(i.SoundLight_Init)
    SysTick_Handler                          0x08004f4d   Thumb Code     4  stm32f1xx_it.o(i.SysTick_Handler)
    SystemClock_Config                       0x08004f51   Thumb Code   120  main.o(i.SystemClock_Config)
    SystemInit                               0x08004fc9   Thumb Code     2  system_stm32f1xx.o(i.SystemInit)
    TIM2_IRQHandler                          0x08004fcd   Thumb Code     6  stm32f1xx_it.o(i.TIM2_IRQHandler)
    TIM3_IRQHandler                          0x08004fd9   Thumb Code     6  stm32f1xx_it.o(i.TIM3_IRQHandler)
    TIM_Base_SetConfig                       0x08004fe5   Thumb Code   108  stm32f1xx_hal_tim.o(i.TIM_Base_SetConfig)
    TIM_CCxChannelCmd                        0x0800505d   Thumb Code    26  stm32f1xx_hal_tim.o(i.TIM_CCxChannelCmd)
    TIM_ETR_SetConfig                        0x08005077   Thumb Code    20  stm32f1xx_hal_tim.o(i.TIM_ETR_SetConfig)
    TIM_OC2_SetConfig                        0x080050ed   Thumb Code    84  stm32f1xx_hal_tim.o(i.TIM_OC2_SetConfig)
    To_Blib_adjustment_Menu                  0x08005229   Thumb Code   316  menu.o(i.To_Blib_adjustment_Menu)
    To_Serial_Adjustment_Menu                0x080053a5   Thumb Code   316  menu.o(i.To_Serial_Adjustment_Menu)
    UART_Start_Receive_IT                    0x08005705   Thumb Code    54  stm32f1xx_hal_uart.o(i.UART_Start_Receive_IT)
    USART1_IRQHandler                        0x080057ad   Thumb Code     6  stm32f1xx_it.o(i.USART1_IRQHandler)
    Update_Waveform_Raw                      0x080057b9   Thumb Code    26  sound_light.o(i.Update_Waveform_Raw)
    UsageFault_Handler                       0x080057d9   Thumb Code     2  stm32f1xx_it.o(i.UsageFault_Handler)
    __0printf                                0x080057dd   Thumb Code    22  printfa.o(i.__0printf)
    __1printf                                0x080057dd   Thumb Code     0  printfa.o(i.__0printf)
    __2printf                                0x080057dd   Thumb Code     0  printfa.o(i.__0printf)
    __c89printf                              0x080057dd   Thumb Code     0  printfa.o(i.__0printf)
    printf                                   0x080057dd   Thumb Code     0  printfa.o(i.__0printf)
    __0sprintf                               0x080057fd   Thumb Code    34  printfa.o(i.__0sprintf)
    __1sprintf                               0x080057fd   Thumb Code     0  printfa.o(i.__0sprintf)
    __2sprintf                               0x080057fd   Thumb Code     0  printfa.o(i.__0sprintf)
    __c89sprintf                             0x080057fd   Thumb Code     0  printfa.o(i.__0sprintf)
    sprintf                                  0x080057fd   Thumb Code     0  printfa.o(i.__0sprintf)
    __scatterload_copy                       0x08005845   Thumb Code    14  handlers.o(i.__scatterload_copy)
    __scatterload_null                       0x08005853   Thumb Code     2  handlers.o(i.__scatterload_null)
    __scatterload_zeroinit                   0x08005855   Thumb Code    14  handlers.o(i.__scatterload_zeroinit)
    adjust_light_threshold                   0x080060f9   Thumb Code   154  sound_light.o(i.adjust_light_threshold)
    adjust_sound_threshold                   0x080061d5   Thumb Code   190  sound_light.o(i.adjust_sound_threshold)
    bright_adjust                            0x080062e1   Thumb Code   170  led.o(i.bright_adjust)
    delay_us                                 0x080063c9   Thumb Code     8  oled .o(i.delay_us)
    fputc                                    0x080063d1   Thumb Code    26  main.o(i.fputc)
    key_scan                                 0x080063f1   Thumb Code   198  key.o(i.key_scan)
    led_duty                                 0x080064bd   Thumb Code     8  led.o(i.led_duty)
    light_detect                             0x080064c9   Thumb Code    32  sound_light.o(i.light_detect)
    light_to_led                             0x080064f1   Thumb Code    76  sound_light.o(i.light_to_led)
    main                                     0x08006549   Thumb Code   100  main.o(i.main)
    mix_detect                               0x080065c1   Thumb Code   196  sound_light.o(i.mix_detect)
    sound_detect                             0x080066d1   Thumb Code    32  sound_light.o(i.sound_detect)
    sound_to_led                             0x080066f9   Thumb Code    76  sound_light.o(i.sound_to_led)
    time_adjust                              0x08006751   Thumb Code   168  led.o(i.time_adjust)
    u8g2Init                                 0x0800682d   Thumb Code    38  oled .o(i.u8g2Init)
    u8g2_DrawHXBM                            0x08006861   Thumb Code   148  u8g2_bitmap.o(i.u8g2_DrawHXBM)
    u8g2_DrawXBM                             0x080068f5   Thumb Code    76  u8g2_bitmap.o(i.u8g2_DrawXBM)
    u8x8_byte_hw_i2c                         0x08006941   Thumb Code    98  oled .o(i.u8x8_byte_hw_i2c)
    u8x8_d_ssd1306_128x64_noname             0x080069b1   Thumb Code    52  u8x8_d_ssd1306_128x64_noname.o(i.u8x8_d_ssd1306_128x64_noname)
    u8x8_gpio_and_delay                      0x08006ab5   Thumb Code   134  oled .o(i.u8x8_gpio_and_delay)
    ui_left_one_Picture                      0x08006b41   Thumb Code     8  menu.o(i.ui_left_one_Picture)
    ui_right_one_Picture                     0x08006b49   Thumb Code     8  menu.o(i.ui_right_one_Picture)
    ui_run                                   0x08006b51   Thumb Code    48  menu.o(i.ui_run)
    AHBPrescTable                            0x08006ba4   Data          16  system_stm32f1xx.o(.constdata)
    APBPrescTable                            0x08006bb4   Data           8  system_stm32f1xx.o(.constdata)
    words                                    0x08006bbc   Data         100  menu.o(.constdata)
    light_icon                               0x08006c20   Data         128  menu.o(.constdata)
    sound_icon                               0x08006ca0   Data         128  menu.o(.constdata)
    mix_icon                                 0x08006d20   Data         128  menu.o(.constdata)
    bulb_icon                                0x08006da0   Data         128  menu.o(.constdata)
    serial_icon                              0x08006e20   Data         128  menu.o(.constdata)
    arrowhead                                0x08006ea0   Data         200  menu.o(.constdata)
    u8g2_cb_r0                               0x080070c0   Data          12  u8g2_setup.o(.rodata.u8g2_cb_r0)
    u8g2_font_squeezed_b7_tr                 0x080070cc   Data         860  u8g2_fonts.o(.rodata.u8g2_font_squeezed_b7_tr)
    Region$$Table$$Base                      0x08007428   Number         0  anon$$obj.o(Region$$Table)
    Region$$Table$$Limit                     0x08007448   Number         0  anon$$obj.o(Region$$Table)
    Uart1_Rx_Cnt                             0x20000000   Data           1  main.o(.data)
    aRxBuffer                                0x20000001   Data           1  main.o(.data)
    uwTickFreq                               0x20000004   Data           1  stm32f1xx_hal.o(.data)
    uwTickPrio                               0x20000008   Data           4  stm32f1xx_hal.o(.data)
    uwTick                                   0x2000000c   Data           4  stm32f1xx_hal.o(.data)
    SystemCoreClock                          0x20000010   Data           4  system_stm32f1xx.o(.data)
    key                                      0x20000014   Data           1  key.o(.data)
    key_repeat_enable                        0x20000015   Data           1  key.o(.data)
    wait_key                                 0x20000016   Data           2  key.o(.data)
    keys                                     0x20000018   Data          48  key.o(.data)
    Game_Menu_Flag                           0x2000004d   Data           1  menu.o(.data)
    circle_num                               0x20000060   Data           1  menu.o(.data)
    display                                  0x20000062   Data           2  menu.o(.data)
    send_light                               0x20000064   Data           4  menu.o(.data)
    send_sound                               0x20000068   Data           4  menu.o(.data)
    led_on                                   0x2000006c   Data           4  led.o(.data)
    led_last_time                            0x20000070   Data           4  led.o(.data)
    time                                     0x20000074   Data           4  led.o(.data)
    sample_count                             0x20000078   Data           1  sound_light.o(.data)
    voice_counter                            0x20000079   Data           1  sound_light.o(.data)
    waveform_type                            0x2000007a   Data           1  sound_light.o(.data)
    voice_max                                0x2000007e   Data           2  sound_light.o(.data)
    voice_min                                0x20000080   Data           2  sound_light.o(.data)
    sound_threshold                          0x20000084   Data           4  sound_light.o(.data)
    light_threshold                          0x20000088   Data           4  sound_light.o(.data)
    sound_db                                 0x2000008c   Data           4  sound_light.o(.data)
    light_lux                                0x20000090   Data           4  sound_light.o(.data)
    light_sum                                0x20000094   Data           4  sound_light.o(.data)
    voice_amp_sum                            0x20000098   Data           4  sound_light.o(.data)
    ADC_Buffer                               0x200000a4   Data           4  sound_light.o(.data)
    __stdout                                 0x200000a8   Data           4  stdout.o(.data)
    u8g2                                     0x200000ac   Data         148  main.o(.bss)
    RxBuffer                                 0x20000140   Data         256  main.o(.bss)
    hadc1                                    0x20000240   Data          48  adc.o(.bss)
    hdma_adc1                                0x20000270   Data          68  adc.o(.bss)
    hi2c2                                    0x200002b4   Data          84  i2c.o(.bss)
    htim2                                    0x20000308   Data          72  tim.o(.bss)
    htim3                                    0x20000350   Data          72  tim.o(.bss)
    huart1                                   0x20000398   Data          72  usart.o(.bss)
    text                                     0x200004e0   Data          32  menu.o(.bss)
    led                                      0x20000500   Data          32  led.o(.bss)
    sound_wave                               0x20000520   Data         258  sound_light.o(.bss)
    str                                      0x20000622   Data          32  sound_light.o(.bss)
    __initial_sp                             0x20000e48   Data           0  startup_stm32f103xb.o(STACK)



==============================================================================

Memory Map of the image

  Image Entry point : 0x080000ed

  Load Region LR_IROM1 (Base: 0x08000000, Size: 0x000074f4, Max: 0x00010000, ABSOLUTE)

    Execution Region ER_IROM1 (Exec base: 0x08000000, Load base: 0x08000000, Size: 0x00007448, Max: 0x00010000, ABSOLUTE)

    Exec Addr    Load Addr    Size         Type   Attr      Idx    E Section Name        Object

    0x08000000   0x08000000   0x000000ec   Data   RO            3    RESET               startup_stm32f103xb.o
    0x080000ec   0x080000ec   0x00000000   Code   RO         7028  * .ARM.Collect$$$$00000000  mc_w.l(entry.o)
    0x080000ec   0x080000ec   0x00000004   Code   RO         7312    .ARM.Collect$$$$00000001  mc_w.l(entry2.o)
    0x080000f0   0x080000f0   0x00000004   Code   RO         7315    .ARM.Collect$$$$00000004  mc_w.l(entry5.o)
    0x080000f4   0x080000f4   0x00000000   Code   RO         7317    .ARM.Collect$$$$00000008  mc_w.l(entry7b.o)
    0x080000f4   0x080000f4   0x00000000   Code   RO         7319    .ARM.Collect$$$$0000000A  mc_w.l(entry8b.o)
    0x080000f4   0x080000f4   0x00000008   Code   RO         7320    .ARM.Collect$$$$0000000B  mc_w.l(entry9a.o)
    0x080000fc   0x080000fc   0x00000004   Code   RO         7327    .ARM.Collect$$$$0000000E  mc_w.l(entry12b.o)
    0x08000100   0x08000100   0x00000000   Code   RO         7322    .ARM.Collect$$$$0000000F  mc_w.l(entry10a.o)
    0x08000100   0x08000100   0x00000000   Code   RO         7324    .ARM.Collect$$$$00000011  mc_w.l(entry11a.o)
    0x08000100   0x08000100   0x00000004   Code   RO         7313    .ARM.Collect$$$$00002712  mc_w.l(entry2.o)
    0x08000104   0x08000104   0x00000024   Code   RO            4    .text               startup_stm32f103xb.o
    0x08000128   0x08000128   0x00000020   Code   RO         7031    .text               mc_w.l(llushr.o)
    0x08000148   0x08000148   0x00000024   Code   RO         7033    .text               mc_w.l(memseta.o)
    0x0800016c   0x0800016c   0x000000b0   Code   RO         7296    .text               mf_w.l(fadd.o)
    0x0800021c   0x0800021c   0x0000007c   Code   RO         7300    .text               mf_w.l(fdiv.o)
    0x08000298   0x08000298   0x00000018   Code   RO         7302    .text               mf_w.l(fscalb.o)
    0x080002b0   0x080002b0   0x0000000a   Code   RO         7304    .text               mf_w.l(ffltui.o)
    0x080002ba   0x080002ba   0x00000028   Code   RO         7306    .text               mf_w.l(ffixui.o)
    0x080002e2   0x080002e2   0x00000026   Code   RO         7308    .text               mf_w.l(f2d.o)
    0x08000308   0x08000308   0x00000014   Code   RO         7310    .text               mf_w.l(cfrcmple.o)
    0x0800031c   0x0800031c   0x0000002c   Code   RO         7329    .text               mc_w.l(uidiv.o)
    0x08000348   0x08000348   0x00000062   Code   RO         7331    .text               mc_w.l(uldiv.o)
    0x080003aa   0x080003aa   0x00000000   Code   RO         7333    .text               mc_w.l(iusefp.o)
    0x080003aa   0x080003aa   0x0000006e   Code   RO         7334    .text               mf_w.l(fepilogue.o)
    0x08000418   0x08000418   0x0000014e   Code   RO         7336    .text               mf_w.l(dadd.o)
    0x08000566   0x08000566   0x000000e4   Code   RO         7338    .text               mf_w.l(dmul.o)
    0x0800064a   0x0800064a   0x000000de   Code   RO         7340    .text               mf_w.l(ddiv.o)
    0x08000728   0x08000728   0x00000030   Code   RO         7342    .text               mf_w.l(dfixul.o)
    0x08000758   0x08000758   0x00000030   Code   RO         7344    .text               mf_w.l(cdrcmple.o)
    0x08000788   0x08000788   0x00000024   Code   RO         7346    .text               mc_w.l(init.o)
    0x080007ac   0x080007ac   0x0000001e   Code   RO         7348    .text               mc_w.l(llshl.o)
    0x080007ca   0x080007ca   0x00000024   Code   RO         7350    .text               mc_w.l(llsshr.o)
    0x080007ee   0x080007ee   0x000000ba   Code   RO         7352    .text               mf_w.l(depilogue.o)
    0x080008a8   0x080008a8   0x00000016   Code   RO         4080    .text.u8g2_ClearBuffer  u8g2_buffer.o
    0x080008be   0x080008be   0x00000002   PAD
    0x080008c0   0x080008c0   0x00000094   Code   RO         4066    .text.u8g2_DrawFrame  u8g2_box.o
    0x08000954   0x08000954   0x00000076   Code   RO         6241    .text.u8g2_DrawHLine  u8g2_hvline.o
    0x080009ca   0x080009ca   0x00000002   PAD
    0x080009cc   0x080009cc   0x00000106   Code   RO         6239    .text.u8g2_DrawHVLine  u8g2_hvline.o
    0x08000ad2   0x08000ad2   0x00000002   PAD
    0x08000ad4   0x08000ad4   0x000000d2   Code   RO         6290    .text.u8g2_DrawLine  u8g2_line.o
    0x08000ba6   0x08000ba6   0x00000002   PAD
    0x08000ba8   0x08000ba8   0x00000056   Code   RO         6245    .text.u8g2_DrawPixel  u8g2_hvline.o
    0x08000bfe   0x08000bfe   0x00000002   PAD
    0x08000c00   0x08000c00   0x00000010   Code   RO         4223    .text.u8g2_DrawStr  u8g2_font.o
    0x08000c10   0x08000c10   0x00000068   Code   RO         6268    .text.u8g2_IsIntersection  u8g2_intersection.o
    0x08000c78   0x08000c78   0x00000012   Code   RO         4082    .text.u8g2_SendBuffer  u8g2_buffer.o
    0x08000c8a   0x08000c8a   0x00000002   PAD
    0x08000c8c   0x08000c8c   0x000000ec   Code   RO         4263    .text.u8g2_SetFont  u8g2_font.o
    0x08000d78   0x08000d78   0x00000006   Code   RO         4277    .text.u8g2_SetFontDirection  u8g2_font.o
    0x08000d7e   0x08000d7e   0x00000002   PAD
    0x08000d80   0x08000d80   0x00000006   Code   RO         4217    .text.u8g2_SetFontMode  u8g2_font.o
    0x08000d86   0x08000d86   0x00000002   PAD
    0x08000d88   0x08000d88   0x0000000c   Code   RO         4249    .text.u8g2_SetFontPosBaseline  u8g2_font.o
    0x08000d94   0x08000d94   0x00000050   Code   RO         6384    .text.u8g2_SetupBuffer  u8g2_setup.o
    0x08000de4   0x08000de4   0x00000046   Code   RO         4169    .text.u8g2_Setup_ssd1306_i2c_128x64_noname_f  u8g2_d_setup.o
    0x08000e2a   0x08000e2a   0x00000002   PAD
    0x08000e2c   0x08000e2c   0x00000022   Code   RO         4201    .text.u8g2_add_vector_x  u8g2_font.o
    0x08000e4e   0x08000e4e   0x00000002   PAD
    0x08000e50   0x08000e50   0x00000022   Code   RO         4199    .text.u8g2_add_vector_y  u8g2_font.o
    0x08000e72   0x08000e72   0x00000002   PAD
    0x08000e74   0x08000e74   0x0000001e   Code   RO         6237    .text.u8g2_draw_hv_line_2dir  u8g2_hvline.o
    0x08000e92   0x08000e92   0x00000002   PAD
    0x08000e94   0x08000e94   0x00000014   Code   RO         6406    .text.u8g2_draw_l90_r0  u8g2_setup.o
    0x08000ea8   0x08000ea8   0x000000ee   Code   RO         4225    .text.u8g2_draw_string  u8g2_font.o
    0x08000f96   0x08000f96   0x00000002   PAD
    0x08000f98   0x08000f98   0x00000004   Code   RO         4247    .text.u8g2_font_calc_vref_font  u8g2_font.o
    0x08000f9c   0x08000f9c   0x0000052a   Code   RO         4207    .text.u8g2_font_decode_glyph  u8g2_font.o
    0x080014c6   0x080014c6   0x00000002   PAD
    0x080014c8   0x080014c8   0x000000cc   Code   RO         4211    .text.u8g2_font_get_glyph_data  u8g2_font.o
    0x08001594   0x08001594   0x00000008   Code   RO         4181    .text.u8g2_font_get_word  u8g2_font.o
    0x0800159c   0x0800159c   0x0000027c   Code   RO         6299    .text.u8g2_ll_hvline_vertical_top_lsb  u8g2_ll_hvline.o
    0x08001818   0x08001818   0x00000010   Code   RO         4157    .text.u8g2_m_16_8_f  u8g2_d_memory.o
    0x08001828   0x08001828   0x00000058   Code   RO         4084    .text.u8g2_send_buffer  u8g2_buffer.o
    0x08001880   0x08001880   0x00000040   Code   RO         6390    .text.u8g2_update_dimension_r0  u8g2_setup.o
    0x080018c0   0x080018c0   0x00000084   Code   RO         6392    .text.u8g2_update_page_win_r0  u8g2_setup.o
    0x08001944   0x08001944   0x00000028   Code   RO         6734    .text.u8x8_DrawTile  u8x8_display.o
    0x0800196c   0x0800196c   0x0000000c   Code   RO         6740    .text.u8x8_InitDisplay  u8x8_display.o
    0x08001978   0x08001978   0x0000000c   Code   RO         6748    .text.u8x8_RefreshDisplay  u8x8_display.o
    0x08001984   0x08001984   0x0000000c   Code   RO         6742    .text.u8x8_SetPowerSave  u8x8_display.o
    0x08001990   0x08001990   0x00000030   Code   RO         6971    .text.u8x8_Setup    u8x8_setup.o
    0x080019c0   0x080019c0   0x0000000c   Code   RO         6736    .text.u8x8_SetupMemory  u8x8_display.o
    0x080019cc   0x080019cc   0x00000012   Code   RO         6509    .text.u8x8_ascii_next  u8x8_8x8.o
    0x080019de   0x080019de   0x00000002   PAD
    0x080019e0   0x080019e0   0x0000000c   Code   RO         6551    .text.u8x8_byte_EndTransfer  u8x8_byte.o
    0x080019ec   0x080019ec   0x00000016   Code   RO         6547    .text.u8x8_byte_SendByte  u8x8_byte.o
    0x08001a02   0x08001a02   0x00000002   PAD
    0x08001a04   0x08001a04   0x0000000c   Code   RO         6545    .text.u8x8_byte_SendBytes  u8x8_byte.o
    0x08001a10   0x08001a10   0x0000000c   Code   RO         6549    .text.u8x8_byte_StartTransfer  u8x8_byte.o
    0x08001a1c   0x08001a1c   0x0000000c   Code   RO         6595    .text.u8x8_cad_EndTransfer  u8x8_cad.o
    0x08001a28   0x08001a28   0x0000000c   Code   RO         6587    .text.u8x8_cad_SendArg  u8x8_cad.o
    0x08001a34   0x08001a34   0x0000000c   Code   RO         6585    .text.u8x8_cad_SendCmd  u8x8_cad.o
    0x08001a40   0x08001a40   0x0000000c   Code   RO         6591    .text.u8x8_cad_SendData  u8x8_cad.o
    0x08001a4c   0x08001a4c   0x0000007c   Code   RO         6601    .text.u8x8_cad_SendSequence  u8x8_cad.o
    0x08001ac8   0x08001ac8   0x0000000c   Code   RO         6593    .text.u8x8_cad_StartTransfer  u8x8_cad.o
    0x08001ad4   0x08001ad4   0x000001c8   Code   RO         6621    .text.u8x8_cad_ssd13xx_fast_i2c  u8x8_cad.o
    0x08001c9c   0x08001c9c   0x00000064   Code   RO         6732    .text.u8x8_d_helper_display_init  u8x8_display.o
    0x08001d00   0x08001d00   0x0000000a   Code   RO         6730    .text.u8x8_d_helper_display_setup_memory  u8x8_display.o
    0x08001d0a   0x08001d0a   0x00000002   PAD
    0x08001d0c   0x08001d0c   0x00000008   Code   RO         6900    .text.u8x8_gpio_call  u8x8_gpio.o
    0x08001d14   0x08001d14   0x0000002e   Code   RO         6619    .text.u8x8_i2c_data_transfer  u8x8_cad.o
    0x08001d42   0x08001d42   0x00000002   PAD
    0x08001d44   0x08001d44   0x00000008   Code   RO         6507    .text.u8x8_utf8_init  u8x8_8x8.o
    0x08001d4c   0x08001d4c   0x0000000c   Code   RO          468    i.ADC1_2_IRQHandler  stm32f1xx_it.o
    0x08001d58   0x08001d58   0x00000056   Code   RO          634    i.ADC_ConversionStop_Disable  stm32f1xx_hal_adc.o
    0x08001dae   0x08001dae   0x0000004e   Code   RO          635    i.ADC_DMAConvCplt   stm32f1xx_hal_adc.o
    0x08001dfc   0x08001dfc   0x0000001a   Code   RO          636    i.ADC_DMAError      stm32f1xx_hal_adc.o
    0x08001e16   0x08001e16   0x0000000a   Code   RO          637    i.ADC_DMAHalfConvCplt  stm32f1xx_hal_adc.o
    0x08001e20   0x08001e20   0x0000007c   Code   RO          638    i.ADC_Enable        stm32f1xx_hal_adc.o
    0x08001e9c   0x08001e9c   0x0000019c   Code   RO         3772    i.Blib_adjustment_Menu  menu.o
    0x08002038   0x08002038   0x00000178   Code   RO         3773    i.Blib_adjustment_To_Menu_Display  menu.o
    0x080021b0   0x080021b0   0x00000002   Code   RO          469    i.BusFault_Handler  stm32f1xx_it.o
    0x080021b2   0x080021b2   0x00000002   PAD
    0x080021b4   0x080021b4   0x0000000c   Code   RO          470    i.DMA1_Channel1_IRQHandler  stm32f1xx_it.o
    0x080021c0   0x080021c0   0x0000002a   Code   RO         1290    i.DMA_SetConfig     stm32f1xx_hal_dma.o
    0x080021ea   0x080021ea   0x00000002   Code   RO          471    i.DebugMon_Handler  stm32f1xx_it.o
    0x080021ec   0x080021ec   0x0000009c   Code   RO         3914    i.Draw_Waveform     sound_light.o
    0x08002288   0x08002288   0x00000004   Code   RO           13    i.Error_Handler     main.o
    0x0800228c   0x0800228c   0x000000d8   Code   RO          814    i.HAL_ADCEx_Calibration_Start  stm32f1xx_hal_adc_ex.o
    0x08002364   0x08002364   0x00000002   Code   RO          816    i.HAL_ADCEx_InjectedConvCpltCallback  stm32f1xx_hal_adc_ex.o
    0x08002366   0x08002366   0x00000002   PAD
    0x08002368   0x08002368   0x000000fc   Code   RO          640    i.HAL_ADC_ConfigChannel  stm32f1xx_hal_adc.o
    0x08002464   0x08002464   0x00000002   Code   RO         3915    i.HAL_ADC_ConvCpltCallback  sound_light.o
    0x08002466   0x08002466   0x00000002   Code   RO          642    i.HAL_ADC_ConvHalfCpltCallback  stm32f1xx_hal_adc.o
    0x08002468   0x08002468   0x00000002   Code   RO          644    i.HAL_ADC_ErrorCallback  stm32f1xx_hal_adc.o
    0x0800246a   0x0800246a   0x000000dc   Code   RO          648    i.HAL_ADC_IRQHandler  stm32f1xx_hal_adc.o
    0x08002546   0x08002546   0x00000002   PAD
    0x08002548   0x08002548   0x0000011c   Code   RO          649    i.HAL_ADC_Init      stm32f1xx_hal_adc.o
    0x08002664   0x08002664   0x00000002   Code   RO          650    i.HAL_ADC_LevelOutOfWindowCallback  stm32f1xx_hal_adc.o
    0x08002666   0x08002666   0x00000002   PAD
    0x08002668   0x08002668   0x000000c0   Code   RO          253    i.HAL_ADC_MspInit   adc.o
    0x08002728   0x08002728   0x0000010c   Code   RO          656    i.HAL_ADC_Start_DMA  stm32f1xx_hal_adc.o
    0x08002834   0x08002834   0x00000046   Code   RO         1291    i.HAL_DMA_Abort     stm32f1xx_hal_dma.o
    0x0800287a   0x0800287a   0x00000002   PAD
    0x0800287c   0x0800287c   0x00000098   Code   RO         1292    i.HAL_DMA_Abort_IT  stm32f1xx_hal_dma.o
    0x08002914   0x08002914   0x00000154   Code   RO         1296    i.HAL_DMA_IRQHandler  stm32f1xx_hal_dma.o
    0x08002a68   0x08002a68   0x0000005c   Code   RO         1297    i.HAL_DMA_Init      stm32f1xx_hal_dma.o
    0x08002ac4   0x08002ac4   0x00000070   Code   RO         1301    i.HAL_DMA_Start_IT  stm32f1xx_hal_dma.o
    0x08002b34   0x08002b34   0x00000024   Code   RO          917    i.HAL_Delay         stm32f1xx_hal.o
    0x08002b58   0x08002b58   0x000001e0   Code   RO         1227    i.HAL_GPIO_Init     stm32f1xx_hal_gpio.o
    0x08002d38   0x08002d38   0x0000000a   Code   RO         1229    i.HAL_GPIO_ReadPin  stm32f1xx_hal_gpio.o
    0x08002d42   0x08002d42   0x0000000a   Code   RO         1231    i.HAL_GPIO_WritePin  stm32f1xx_hal_gpio.o
    0x08002d4c   0x08002d4c   0x0000000c   Code   RO          921    i.HAL_GetTick       stm32f1xx_hal.o
    0x08002d58   0x08002d58   0x00000188   Code   RO         1898    i.HAL_I2C_Init      stm32f1xx_hal_i2c.o
    0x08002ee0   0x08002ee0   0x0000012c   Code   RO         1911    i.HAL_I2C_Master_Transmit  stm32f1xx_hal_i2c.o
    0x0800300c   0x0800300c   0x00000060   Code   RO          319    i.HAL_I2C_MspInit   i2c.o
    0x0800306c   0x0800306c   0x00000010   Code   RO          927    i.HAL_IncTick       stm32f1xx_hal.o
    0x0800307c   0x0800307c   0x00000024   Code   RO          928    i.HAL_Init          stm32f1xx_hal.o
    0x080030a0   0x080030a0   0x00000040   Code   RO          929    i.HAL_InitTick      stm32f1xx_hal.o
    0x080030e0   0x080030e0   0x0000003c   Code   RO          574    i.HAL_MspInit       stm32f1xx_hal_msp.o
    0x0800311c   0x0800311c   0x0000001a   Code   RO         1387    i.HAL_NVIC_EnableIRQ  stm32f1xx_hal_cortex.o
    0x08003136   0x08003136   0x00000002   PAD
    0x08003138   0x08003138   0x00000040   Code   RO         1393    i.HAL_NVIC_SetPriority  stm32f1xx_hal_cortex.o
    0x08003178   0x08003178   0x00000024   Code   RO         1394    i.HAL_NVIC_SetPriorityGrouping  stm32f1xx_hal_cortex.o
    0x0800319c   0x0800319c   0x000000a4   Code   RO         1188    i.HAL_RCCEx_GetPeriphCLKFreq  stm32f1xx_hal_rcc_ex.o
    0x08003240   0x08003240   0x000000ec   Code   RO         1189    i.HAL_RCCEx_PeriphCLKConfig  stm32f1xx_hal_rcc_ex.o
    0x0800332c   0x0800332c   0x0000012c   Code   RO         1085    i.HAL_RCC_ClockConfig  stm32f1xx_hal_rcc.o
    0x08003458   0x08003458   0x00000020   Code   RO         1092    i.HAL_RCC_GetPCLK1Freq  stm32f1xx_hal_rcc.o
    0x08003478   0x08003478   0x00000020   Code   RO         1093    i.HAL_RCC_GetPCLK2Freq  stm32f1xx_hal_rcc.o
    0x08003498   0x08003498   0x0000004c   Code   RO         1094    i.HAL_RCC_GetSysClockFreq  stm32f1xx_hal_rcc.o
    0x080034e4   0x080034e4   0x00000320   Code   RO         1097    i.HAL_RCC_OscConfig  stm32f1xx_hal_rcc.o
    0x08003804   0x08003804   0x00000028   Code   RO         1398    i.HAL_SYSTICK_Config  stm32f1xx_hal_cortex.o
    0x0800382c   0x0800382c   0x00000002   Code   RO         3030    i.HAL_TIMEx_BreakCallback  stm32f1xx_hal_tim_ex.o
    0x0800382e   0x0800382e   0x00000002   Code   RO         3031    i.HAL_TIMEx_CommutCallback  stm32f1xx_hal_tim_ex.o
    0x08003830   0x08003830   0x00000068   Code   RO         3049    i.HAL_TIMEx_MasterConfigSynchronization  stm32f1xx_hal_tim_ex.o
    0x08003898   0x08003898   0x0000005a   Code   RO         2326    i.HAL_TIM_Base_Init  stm32f1xx_hal_tim.o
    0x080038f2   0x080038f2   0x00000002   PAD
    0x080038f4   0x080038f4   0x00000038   Code   RO          361    i.HAL_TIM_Base_MspInit  tim.o
    0x0800392c   0x0800392c   0x00000058   Code   RO         2331    i.HAL_TIM_Base_Start_IT  stm32f1xx_hal_tim.o
    0x08003984   0x08003984   0x000000dc   Code   RO         2335    i.HAL_TIM_ConfigClockSource  stm32f1xx_hal_tim.o
    0x08003a60   0x08003a60   0x00000002   Code   RO         2360    i.HAL_TIM_IC_CaptureCallback  stm32f1xx_hal_tim.o
    0x08003a62   0x08003a62   0x00000130   Code   RO         2374    i.HAL_TIM_IRQHandler  stm32f1xx_hal_tim.o
    0x08003b92   0x08003b92   0x00000002   PAD
    0x08003b94   0x08003b94   0x0000004c   Code   RO          362    i.HAL_TIM_MspPostInit  tim.o
    0x08003be0   0x08003be0   0x00000002   Code   RO         2377    i.HAL_TIM_OC_DelayElapsedCallback  stm32f1xx_hal_tim.o
    0x08003be2   0x08003be2   0x000000cc   Code   RO         2398    i.HAL_TIM_PWM_ConfigChannel  stm32f1xx_hal_tim.o
    0x08003cae   0x08003cae   0x0000005a   Code   RO         2401    i.HAL_TIM_PWM_Init  stm32f1xx_hal_tim.o
    0x08003d08   0x08003d08   0x0000003c   Code   RO          364    i.HAL_TIM_PWM_MspInit  tim.o
    0x08003d44   0x08003d44   0x00000002   Code   RO         2404    i.HAL_TIM_PWM_PulseFinishedCallback  stm32f1xx_hal_tim.o
    0x08003d46   0x08003d46   0x00000002   PAD
    0x08003d48   0x08003d48   0x0000009c   Code   RO         2406    i.HAL_TIM_PWM_Start  stm32f1xx_hal_tim.o
    0x08003de4   0x08003de4   0x000000a0   Code   RO         3916    i.HAL_TIM_PeriodElapsedCallback  sound_light.o
    0x08003e84   0x08003e84   0x00000002   Code   RO         2417    i.HAL_TIM_TriggerCallback  stm32f1xx_hal_tim.o
    0x08003e86   0x08003e86   0x00000002   Code   RO         3309    i.HAL_UARTEx_RxEventCallback  stm32f1xx_hal_uart.o
    0x08003e88   0x08003e88   0x00000002   Code   RO         3323    i.HAL_UART_ErrorCallback  stm32f1xx_hal_uart.o
    0x08003e8a   0x08003e8a   0x0000000a   Code   RO         3325    i.HAL_UART_GetState  stm32f1xx_hal_uart.o
    0x08003e94   0x08003e94   0x0000026c   Code   RO         3326    i.HAL_UART_IRQHandler  stm32f1xx_hal_uart.o
    0x08004100   0x08004100   0x00000064   Code   RO         3327    i.HAL_UART_Init     stm32f1xx_hal_uart.o
    0x08004164   0x08004164   0x00000080   Code   RO          427    i.HAL_UART_MspInit  usart.o
    0x080041e4   0x080041e4   0x0000001c   Code   RO         3332    i.HAL_UART_Receive_IT  stm32f1xx_hal_uart.o
    0x08004200   0x08004200   0x00000094   Code   RO           14    i.HAL_UART_RxCpltCallback  main.o
    0x08004294   0x08004294   0x000000a0   Code   RO         3335    i.HAL_UART_Transmit  stm32f1xx_hal_uart.o
    0x08004334   0x08004334   0x00000002   Code   RO         3338    i.HAL_UART_TxCpltCallback  stm32f1xx_hal_uart.o
    0x08004336   0x08004336   0x00000002   Code   RO          472    i.HardFault_Handler  stm32f1xx_it.o
    0x08004338   0x08004338   0x0000002e   Code   RO         1941    i.I2C_IsAcknowledgeFailed  stm32f1xx_hal_i2c.o
    0x08004366   0x08004366   0x00000002   PAD
    0x08004368   0x08004368   0x0000009c   Code   RO         1945    i.I2C_MasterRequestWrite  stm32f1xx_hal_i2c.o
    0x08004404   0x08004404   0x00000056   Code   RO         1956    i.I2C_WaitOnBTFFlagUntilTimeout  stm32f1xx_hal_i2c.o
    0x0800445a   0x0800445a   0x00000002   PAD
    0x0800445c   0x0800445c   0x00000090   Code   RO         1957    i.I2C_WaitOnFlagUntilTimeout  stm32f1xx_hal_i2c.o
    0x080044ec   0x080044ec   0x000000bc   Code   RO         1958    i.I2C_WaitOnMasterAddressFlagUntilTimeout  stm32f1xx_hal_i2c.o
    0x080045a8   0x080045a8   0x00000056   Code   RO         1960    i.I2C_WaitOnTXEFlagUntilTimeout  stm32f1xx_hal_i2c.o
    0x080045fe   0x080045fe   0x00000002   PAD
    0x08004600   0x08004600   0x00000068   Code   RO          254    i.MX_ADC1_Init      adc.o
    0x08004668   0x08004668   0x0000002c   Code   RO          294    i.MX_DMA_Init       dma.o
    0x08004694   0x08004694   0x00000058   Code   RO          228    i.MX_GPIO_Init      gpio.o
    0x080046ec   0x080046ec   0x00000040   Code   RO          320    i.MX_I2C2_Init      i2c.o
    0x0800472c   0x0800472c   0x00000064   Code   RO          365    i.MX_TIM2_Init      tim.o
    0x08004790   0x08004790   0x00000070   Code   RO          366    i.MX_TIM3_Init      tim.o
    0x08004800   0x08004800   0x00000038   Code   RO          428    i.MX_USART1_UART_Init  usart.o
    0x08004838   0x08004838   0x00000002   Code   RO          473    i.MemManage_Handler  stm32f1xx_it.o
    0x0800483a   0x0800483a   0x00000002   Code   RO          474    i.NMI_Handler       stm32f1xx_it.o
    0x0800483c   0x0800483c   0x00000002   Code   RO          475    i.PendSV_Handler    stm32f1xx_it.o
    0x0800483e   0x0800483e   0x00000002   Code   RO          476    i.SVC_Handler       stm32f1xx_it.o
    0x08004840   0x08004840   0x000001e8   Code   RO         3774    i.Serial_Adjustment_Menu  menu.o
    0x08004a28   0x08004a28   0x00000184   Code   RO         3775    i.Serial_Adjustment_To_Menu_Display  menu.o
    0x08004bac   0x08004bac   0x000002b8   Code   RO         3776    i.Show_Menu         menu.o
    0x08004e64   0x08004e64   0x000000c8   Code   RO         3777    i.Show_Menu_Config  menu.o
    0x08004f2c   0x08004f2c   0x00000020   Code   RO         3917    i.SoundLight_Init   sound_light.o
    0x08004f4c   0x08004f4c   0x00000004   Code   RO          477    i.SysTick_Handler   stm32f1xx_it.o
    0x08004f50   0x08004f50   0x00000078   Code   RO           15    i.SystemClock_Config  main.o
    0x08004fc8   0x08004fc8   0x00000002   Code   RO         3661    i.SystemInit        system_stm32f1xx.o
    0x08004fca   0x08004fca   0x00000002   PAD
    0x08004fcc   0x08004fcc   0x0000000c   Code   RO          478    i.TIM2_IRQHandler   stm32f1xx_it.o
    0x08004fd8   0x08004fd8   0x0000000c   Code   RO          479    i.TIM3_IRQHandler   stm32f1xx_it.o
    0x08004fe4   0x08004fe4   0x00000078   Code   RO         2419    i.TIM_Base_SetConfig  stm32f1xx_hal_tim.o
    0x0800505c   0x0800505c   0x0000001a   Code   RO         2420    i.TIM_CCxChannelCmd  stm32f1xx_hal_tim.o
    0x08005076   0x08005076   0x00000014   Code   RO         2430    i.TIM_ETR_SetConfig  stm32f1xx_hal_tim.o
    0x0800508a   0x0800508a   0x00000010   Code   RO         2431    i.TIM_ITRx_SetConfig  stm32f1xx_hal_tim.o
    0x0800509a   0x0800509a   0x00000002   PAD
    0x0800509c   0x0800509c   0x00000050   Code   RO         2432    i.TIM_OC1_SetConfig  stm32f1xx_hal_tim.o
    0x080050ec   0x080050ec   0x00000058   Code   RO         2433    i.TIM_OC2_SetConfig  stm32f1xx_hal_tim.o
    0x08005144   0x08005144   0x00000058   Code   RO         2434    i.TIM_OC3_SetConfig  stm32f1xx_hal_tim.o
    0x0800519c   0x0800519c   0x00000044   Code   RO         2435    i.TIM_OC4_SetConfig  stm32f1xx_hal_tim.o
    0x080051e0   0x080051e0   0x00000022   Code   RO         2437    i.TIM_TI1_ConfigInputStage  stm32f1xx_hal_tim.o
    0x08005202   0x08005202   0x00000024   Code   RO         2439    i.TIM_TI2_ConfigInputStage  stm32f1xx_hal_tim.o
    0x08005226   0x08005226   0x00000002   PAD
    0x08005228   0x08005228   0x0000017c   Code   RO         3778    i.To_Blib_adjustment_Menu  menu.o
    0x080053a4   0x080053a4   0x00000188   Code   RO         3779    i.To_Serial_Adjustment_Menu  menu.o
    0x0800552c   0x0800552c   0x00000010   Code   RO         3340    i.UART_DMAAbortOnError  stm32f1xx_hal_uart.o
    0x0800553c   0x0800553c   0x0000004e   Code   RO         3350    i.UART_EndRxTransfer  stm32f1xx_hal_uart.o
    0x0800558a   0x0800558a   0x000000c2   Code   RO         3352    i.UART_Receive_IT   stm32f1xx_hal_uart.o
    0x0800564c   0x0800564c   0x000000b8   Code   RO         3353    i.UART_SetConfig    stm32f1xx_hal_uart.o
    0x08005704   0x08005704   0x00000036   Code   RO         3355    i.UART_Start_Receive_IT  stm32f1xx_hal_uart.o
    0x0800573a   0x0800573a   0x00000072   Code   RO         3356    i.UART_WaitOnFlagUntilTimeout  stm32f1xx_hal_uart.o
    0x080057ac   0x080057ac   0x0000000c   Code   RO          480    i.USART1_IRQHandler  stm32f1xx_it.o
    0x080057b8   0x080057b8   0x00000020   Code   RO         3918    i.Update_Waveform_Raw  sound_light.o
    0x080057d8   0x080057d8   0x00000002   Code   RO          481    i.UsageFault_Handler  stm32f1xx_it.o
    0x080057da   0x080057da   0x00000002   PAD
    0x080057dc   0x080057dc   0x00000020   Code   RO         7268    i.__0printf         mc_w.l(printfa.o)
    0x080057fc   0x080057fc   0x00000028   Code   RO         7270    i.__0sprintf        mc_w.l(printfa.o)
    0x08005824   0x08005824   0x00000020   Code   RO         1400    i.__NVIC_SetPriority  stm32f1xx_hal_cortex.o
    0x08005844   0x08005844   0x0000000e   Code   RO         7356    i.__scatterload_copy  mc_w.l(handlers.o)
    0x08005852   0x08005852   0x00000002   Code   RO         7357    i.__scatterload_null  mc_w.l(handlers.o)
    0x08005854   0x08005854   0x0000000e   Code   RO         7358    i.__scatterload_zeroinit  mc_w.l(handlers.o)
    0x08005862   0x08005862   0x00000002   PAD
    0x08005864   0x08005864   0x00000184   Code   RO         7275    i._fp_digits        mc_w.l(printfa.o)
    0x080059e8   0x080059e8   0x000006b4   Code   RO         7276    i._printf_core      mc_w.l(printfa.o)
    0x0800609c   0x0800609c   0x00000024   Code   RO         7277    i._printf_post_padding  mc_w.l(printfa.o)
    0x080060c0   0x080060c0   0x0000002e   Code   RO         7278    i._printf_pre_padding  mc_w.l(printfa.o)
    0x080060ee   0x080060ee   0x0000000a   Code   RO         7280    i._sputc            mc_w.l(printfa.o)
    0x080060f8   0x080060f8   0x000000dc   Code   RO         3920    i.adjust_light_threshold  sound_light.o
    0x080061d4   0x080061d4   0x0000010c   Code   RO         3921    i.adjust_sound_threshold  sound_light.o
    0x080062e0   0x080062e0   0x000000e8   Code   RO         3874    i.bright_adjust     led.o
    0x080063c8   0x080063c8   0x00000008   Code   RO         3728    i.delay_us          oled .o
    0x080063d0   0x080063d0   0x00000020   Code   RO           17    i.fputc             main.o
    0x080063f0   0x080063f0   0x000000cc   Code   RO         3698    i.key_scan          key.o
    0x080064bc   0x080064bc   0x0000000c   Code   RO         3875    i.led_duty          led.o
    0x080064c8   0x080064c8   0x00000028   Code   RO         3922    i.light_detect      sound_light.o
    0x080064f0   0x080064f0   0x00000058   Code   RO         3923    i.light_to_led      sound_light.o
    0x08006548   0x08006548   0x00000078   Code   RO           18    i.main              main.o
    0x080065c0   0x080065c0   0x00000110   Code   RO         3924    i.mix_detect        sound_light.o
    0x080066d0   0x080066d0   0x00000028   Code   RO         3925    i.sound_detect      sound_light.o
    0x080066f8   0x080066f8   0x00000058   Code   RO         3926    i.sound_to_led      sound_light.o
    0x08006750   0x08006750   0x000000dc   Code   RO         3876    i.time_adjust       led.o
    0x0800682c   0x0800682c   0x00000034   Code   RO         3729    i.u8g2Init          oled .o
    0x08006860   0x08006860   0x00000094   Code   RO         4016    i.u8g2_DrawHXBM     u8g2_bitmap.o
    0x080068f4   0x080068f4   0x0000004c   Code   RO         4019    i.u8g2_DrawXBM      u8g2_bitmap.o
    0x08006940   0x08006940   0x00000070   Code   RO         3730    i.u8x8_byte_hw_i2c  oled .o
    0x080069b0   0x080069b0   0x0000003c   Code   RO         6668    i.u8x8_d_ssd1306_128x64_noname  u8x8_d_ssd1306_128x64_noname.o
    0x080069ec   0x080069ec   0x000000c8   Code   RO         6670    i.u8x8_d_ssd1306_sh1106_generic  u8x8_d_ssd1306_128x64_noname.o
    0x08006ab4   0x08006ab4   0x0000008c   Code   RO         3731    i.u8x8_gpio_and_delay  oled .o
    0x08006b40   0x08006b40   0x00000008   Code   RO         3780    i.ui_left_one_Picture  menu.o
    0x08006b48   0x08006b48   0x00000008   Code   RO         3781    i.ui_right_one_Picture  menu.o
    0x08006b50   0x08006b50   0x00000030   Code   RO         3782    i.ui_run            menu.o
    0x08006b80   0x08006b80   0x00000012   Data   RO         1098    .constdata          stm32f1xx_hal_rcc.o
    0x08006b92   0x08006b92   0x00000012   Data   RO         1190    .constdata          stm32f1xx_hal_rcc_ex.o
    0x08006ba4   0x08006ba4   0x00000010   Data   RO         3662    .constdata          system_stm32f1xx.o
    0x08006bb4   0x08006bb4   0x00000008   Data   RO         3663    .constdata          system_stm32f1xx.o
    0x08006bbc   0x08006bbc   0x000003ac   Data   RO         3784    .constdata          menu.o
    0x08006f68   0x08006f68   0x00000158   Data   RO         6672    .constdata          u8x8_d_ssd1306_128x64_noname.o
    0x080070c0   0x080070c0   0x0000000c   Data   RO         6420    .rodata.u8g2_cb_r0  u8g2_setup.o
    0x080070cc   0x080070cc   0x0000035c   Data   RO         4303    .rodata.u8g2_font_squeezed_b7_tr  u8g2_fonts.o
    0x08007428   0x08007428   0x00000020   Data   RO         7354    Region$$Table       anon$$obj.o


    Execution Region RW_IRAM1 (Exec base: 0x20000000, Load base: 0x08007448, Size: 0x00000e48, Max: 0x00005000, ABSOLUTE)

    Exec Addr    Load Addr    Size         Type   Attr      Idx    E Section Name        Object

    0x20000000   0x08007448   0x00000002   Data   RW           20    .data               main.o
    0x20000002   0x0800744a   0x00000002   PAD
    0x20000004   0x0800744c   0x0000000c   Data   RW          935    .data               stm32f1xx_hal.o
    0x20000010   0x08007458   0x00000004   Data   RW         3664    .data               system_stm32f1xx.o
    0x20000014   0x0800745c   0x00000034   Data   RW         3699    .data               key.o
    0x20000048   0x08007490   0x00000001   Data   RW         3733    .data               oled .o
    0x20000049   0x08007491   0x00000003   PAD
    0x2000004c   0x08007494   0x00000020   Data   RW         3785    .data               menu.o
    0x2000006c   0x080074b4   0x0000000c   Data   RW         3878    .data               led.o
    0x20000078   0x080074c0   0x00000030   Data   RW         3928    .data               sound_light.o
    0x200000a8   0x080074f0   0x00000004   Data   RW         7328    .data               mc_w.l(stdout.o)
    0x200000ac        -       0x00000194   Zero   RW           19    .bss                main.o
    0x20000240        -       0x00000074   Zero   RW          255    .bss                adc.o
    0x200002b4        -       0x00000054   Zero   RW          321    .bss                i2c.o
    0x20000308        -       0x00000090   Zero   RW          367    .bss                tim.o
    0x20000398        -       0x00000048   Zero   RW          429    .bss                usart.o
    0x200003e0        -       0x00000100   Zero   RW         3732    .bss                oled .o
    0x200004e0        -       0x00000020   Zero   RW         3783    .bss                menu.o
    0x20000500        -       0x00000020   Zero   RW         3877    .bss                led.o
    0x20000520        -       0x00000122   Zero   RW         3927    .bss                sound_light.o
    0x20000642        -       0x00000400   Zero   RW         4159    .bss.u8g2_m_16_8_f.buf  u8g2_d_memory.o
    0x20000a42        -       0x00000001   Zero   RW         6632    .bss.u8x8_cad_ssd13xx_fast_i2c.in_transfer  u8x8_cad.o
    0x20000a43   0x080074f4   0x00000005   PAD
    0x20000a48        -       0x00000400   Zero   RW            1    STACK               startup_stm32f103xb.o


==============================================================================

Image component sizes


      Code (inc. data)   RO Data    RW Data    ZI Data      Debug   Object Name

       296         34          0          0        116       1863   adc.o
        44          4          0          0          0        782   dma.o
        88         10          0          0          0        919   gpio.o
       160         28          0          0         84       1681   i2c.o
       204          6          0         52          0       1593   key.o
       464        118          0         12         32       2537   led.o
       424         52          0          2        404     620263   main.o
      3396        490        940         32         32       9057   menu.o
       312         34          0          1        256       2915   oled .o
      1398        294          0         48        290       9039   sound_light.o
        36          8        236          0       1024        816   startup_stm32f103xb.o
       164         28          0         12          0       6005   stm32f1xx_hal.o
      1354         56          0          0          0       9551   stm32f1xx_hal_adc.o
       218          6          0          0          0       2019   stm32f1xx_hal_adc_ex.o
       198         14          0          0          0      29023   stm32f1xx_hal_cortex.o
       808         36          0          0          0       5078   stm32f1xx_hal_dma.o
       500         34          0          0          0       3567   stm32f1xx_hal_gpio.o
      1398         32          0          0          0       9233   stm32f1xx_hal_i2c.o
        60          8          0          0          0        898   stm32f1xx_hal_msp.o
      1240         84         18          0          0       5188   stm32f1xx_hal_rcc.o
       400         28         18          0          0       2509   stm32f1xx_hal_rcc_ex.o
      1736         56          0          0          0      15884   stm32f1xx_hal_tim.o
       108         12          0          0          0       2453   stm32f1xx_hal_tim_ex.o
      1564         10          0          0          0      11744   stm32f1xx_hal_uart.o
        80         30          0          0          0       6229   stm32f1xx_it.o
         2          0         24          4          0       1155   system_stm32f1xx.o
       404         42          0          0        144       3547   tim.o
       224          0          0          0          0       2039   u8g2_bitmap.o
       148          0          0          0          0       7854   u8g2_box.o
       128          0          0          0          0       8039   u8g2_buffer.o
        16          0          0          0       1024        706   u8g2_d_memory.o
        70          0          0          0          0       5041   u8g2_d_setup.o
      2120         16          0          0          0      45416   u8g2_font.o
         0          0        860          0          0     103565   u8g2_fonts.o
       496          0          0          0          0       8257   u8g2_hvline.o
       104          0          0          0          0       5172   u8g2_intersection.o
       210          0          0          0          0       5331   u8g2_line.o
       636          0          0          0          0       7642   u8g2_ll_hvline.o
       296          0         12          0          0      12713   u8g2_setup.o
        26          0          0          0          0      13308   u8x8_8x8.o
        58          0          0          0          0      12204   u8x8_byte.o
       686          8          0          0          1      16858   u8x8_cad.o
       260         12        344          0          0       3055   u8x8_d_ssd1306_128x64_noname.o
       198          0          0          0          0       4857   u8x8_display.o
         8          0          0          0          0       2075   u8x8_gpio.o
        48          0          0          0          0       3059   u8x8_setup.o
       184         20          0          0         72       1734   usart.o

    ----------------------------------------------------------------------
     23040       1610       2484        168       3484    1034473   Object Totals
         0          0         32          0          0          0   (incl. Generated)
        68          0          0          5          5          0   (incl. Padding)

    ----------------------------------------------------------------------

      Code (inc. data)   RO Data    RW Data    ZI Data      Debug   Library Member Name

         0          0          0          0          0          0   entry.o
         0          0          0          0          0          0   entry10a.o
         0          0          0          0          0          0   entry11a.o
         4          0          0          0          0          0   entry12b.o
         8          4          0          0          0          0   entry2.o
         4          0          0          0          0          0   entry5.o
         0          0          0          0          0          0   entry7b.o
         0          0          0          0          0          0   entry8b.o
         8          4          0          0          0          0   entry9a.o
        30          0          0          0          0          0   handlers.o
        36          8          0          0          0         68   init.o
         0          0          0          0          0          0   iusefp.o
        30          0          0          0          0         68   llshl.o
        36          0          0          0          0         68   llsshr.o
        32          0          0          0          0         68   llushr.o
        36          0          0          0          0        108   memseta.o
      2268         96          0          0          0        616   printfa.o
         0          0          0          4          0          0   stdout.o
        44          0          0          0          0         80   uidiv.o
        98          0          0          0          0         92   uldiv.o
        48          0          0          0          0         68   cdrcmple.o
        20          0          0          0          0         68   cfrcmple.o
       334          0          0          0          0        148   dadd.o
       222          0          0          0          0        100   ddiv.o
       186          0          0          0          0        176   depilogue.o
        48          0          0          0          0         68   dfixul.o
       228          0          0          0          0         96   dmul.o
        38          0          0          0          0         68   f2d.o
       176          0          0          0          0        140   fadd.o
       124          0          0          0          0         88   fdiv.o
       110          0          0          0          0        168   fepilogue.o
        40          0          0          0          0         68   ffixui.o
        10          0          0          0          0         68   ffltui.o
        24          0          0          0          0         68   fscalb.o

    ----------------------------------------------------------------------
      4244        112          0          4          0       2560   Library Totals
         2          0          0          0          0          0   (incl. Padding)

    ----------------------------------------------------------------------

      Code (inc. data)   RO Data    RW Data    ZI Data      Debug   Library Name

      2634        112          0          4          0       1168   mc_w.l
      1608          0          0          0          0       1392   mf_w.l

    ----------------------------------------------------------------------
      4244        112          0          4          0       2560   Library Totals

    ----------------------------------------------------------------------

==============================================================================


      Code (inc. data)   RO Data    RW Data    ZI Data      Debug   

     27284       1722       2484        172       3484    1027681   Grand Totals
     27284       1722       2484        172       3484    1027681   ELF Image Totals
     27284       1722       2484        172          0          0   ROM Totals

==============================================================================

    Total RO  Size (Code + RO Data)                29768 (  29.07kB)
    Total RW  Size (RW Data + ZI Data)              3656 (   3.57kB)
    Total ROM Size (Code + RO Data + RW Data)      29940 (  29.24kB)

==============================================================================

