Component: ARM Compiler 5.06 update 7 (build 960) Tool: armlink [4d3601]

==============================================================================

Section Cross References

    startup_stm32f103xb.o(RESET) refers to startup_stm32f103xb.o(STACK) for __initial_sp
    startup_stm32f103xb.o(RESET) refers to startup_stm32f103xb.o(.text) for Reset_Handler
    startup_stm32f103xb.o(RESET) refers to stm32f1xx_it.o(i.NMI_Handler) for NMI_Handler
    startup_stm32f103xb.o(RESET) refers to stm32f1xx_it.o(i.HardFault_Handler) for HardFault_Handler
    startup_stm32f103xb.o(RESET) refers to stm32f1xx_it.o(i.MemManage_Handler) for MemManage_Handler
    startup_stm32f103xb.o(RESET) refers to stm32f1xx_it.o(i.BusFault_Handler) for BusFault_Handler
    startup_stm32f103xb.o(RESET) refers to stm32f1xx_it.o(i.UsageFault_Handler) for UsageFault_Handler
    startup_stm32f103xb.o(RESET) refers to stm32f1xx_it.o(i.SVC_Handler) for SVC_Handler
    startup_stm32f103xb.o(RESET) refers to stm32f1xx_it.o(i.DebugMon_Handler) for DebugMon_Handler
    startup_stm32f103xb.o(RESET) refers to stm32f1xx_it.o(i.PendSV_Handler) for PendSV_Handler
    startup_stm32f103xb.o(RESET) refers to stm32f1xx_it.o(i.SysTick_Handler) for SysTick_Handler
    startup_stm32f103xb.o(RESET) refers to stm32f1xx_it.o(i.DMA1_Channel1_IRQHandler) for DMA1_Channel1_IRQHandler
    startup_stm32f103xb.o(RESET) refers to stm32f1xx_it.o(i.ADC1_2_IRQHandler) for ADC1_2_IRQHandler
    startup_stm32f103xb.o(RESET) refers to stm32f1xx_it.o(i.TIM3_IRQHandler) for TIM3_IRQHandler
    startup_stm32f103xb.o(RESET) refers to stm32f1xx_it.o(i.USART1_IRQHandler) for USART1_IRQHandler
    startup_stm32f103xb.o(.text) refers to system_stm32f1xx.o(i.SystemInit) for SystemInit
    startup_stm32f103xb.o(.text) refers to entry.o(.ARM.Collect$$$$00000000) for __main
    main.o(i.HAL_UART_RxCpltCallback) refers to memseta.o(.text) for __aeabi_memclr4
    main.o(i.HAL_UART_RxCpltCallback) refers to stm32f1xx_hal_uart.o(i.HAL_UART_Transmit) for HAL_UART_Transmit
    main.o(i.HAL_UART_RxCpltCallback) refers to stm32f1xx_hal_uart.o(i.HAL_UART_GetState) for HAL_UART_GetState
    main.o(i.HAL_UART_RxCpltCallback) refers to stm32f1xx_hal_uart.o(i.HAL_UART_Receive_IT) for HAL_UART_Receive_IT
    main.o(i.HAL_UART_RxCpltCallback) refers to main.o(.data) for .data
    main.o(i.HAL_UART_RxCpltCallback) refers to main.o(.bss) for .bss
    main.o(i.HAL_UART_RxCpltCallback) refers to usart.o(.bss) for huart1
    main.o(i.SystemClock_Config) refers to memseta.o(.text) for __aeabi_memclr4
    main.o(i.SystemClock_Config) refers to stm32f1xx_hal_rcc.o(i.HAL_RCC_OscConfig) for HAL_RCC_OscConfig
    main.o(i.SystemClock_Config) refers to stm32f1xx_hal_rcc.o(i.HAL_RCC_ClockConfig) for HAL_RCC_ClockConfig
    main.o(i.SystemClock_Config) refers to stm32f1xx_hal_rcc_ex.o(i.HAL_RCCEx_PeriphCLKConfig) for HAL_RCCEx_PeriphCLKConfig
    main.o(i.fgetc) refers to stm32f1xx_hal_uart.o(i.HAL_UART_Receive) for HAL_UART_Receive
    main.o(i.fgetc) refers to usart.o(.bss) for huart1
    main.o(i.fputc) refers to stm32f1xx_hal_uart.o(i.HAL_UART_Transmit) for HAL_UART_Transmit
    main.o(i.fputc) refers to usart.o(.bss) for huart1
    main.o(i.main) refers to stm32f1xx_hal.o(i.HAL_Init) for HAL_Init
    main.o(i.main) refers to main.o(i.SystemClock_Config) for SystemClock_Config
    main.o(i.main) refers to gpio.o(i.MX_GPIO_Init) for MX_GPIO_Init
    main.o(i.main) refers to dma.o(i.MX_DMA_Init) for MX_DMA_Init
    main.o(i.main) refers to adc.o(i.MX_ADC1_Init) for MX_ADC1_Init
    main.o(i.main) refers to i2c.o(i.MX_I2C2_Init) for MX_I2C2_Init
    main.o(i.main) refers to tim.o(i.MX_TIM3_Init) for MX_TIM3_Init
    main.o(i.main) refers to usart.o(i.MX_USART1_UART_Init) for MX_USART1_UART_Init
    main.o(i.main) refers to stm32f1xx_hal_uart.o(i.HAL_UART_Receive_IT) for HAL_UART_Receive_IT
    main.o(i.main) refers to stm32f1xx_hal_tim.o(i.HAL_TIM_PWM_Start) for HAL_TIM_PWM_Start
    main.o(i.main) refers to sound_light.o(i.SoundLight_Init) for SoundLight_Init
    main.o(i.main) refers to oled .o(i.u8g2Init) for u8g2Init
    main.o(i.main) refers to stm32f1xx_hal.o(i.HAL_Delay) for HAL_Delay
    main.o(i.main) refers to menu.o(i.Show_Menu_Config) for Show_Menu_Config
    main.o(i.main) refers to menu.o(i.Show_Menu) for Show_Menu
    main.o(i.main) refers to main.o(.data) for .data
    main.o(i.main) refers to usart.o(.bss) for huart1
    main.o(i.main) refers to tim.o(.bss) for htim3
    main.o(i.main) refers to main.o(.bss) for .bss
    gpio.o(i.MX_GPIO_Init) refers to stm32f1xx_hal_gpio.o(i.HAL_GPIO_Init) for HAL_GPIO_Init
    adc.o(i.HAL_ADC_MspDeInit) refers to stm32f1xx_hal_gpio.o(i.HAL_GPIO_DeInit) for HAL_GPIO_DeInit
    adc.o(i.HAL_ADC_MspDeInit) refers to stm32f1xx_hal_dma.o(i.HAL_DMA_DeInit) for HAL_DMA_DeInit
    adc.o(i.HAL_ADC_MspDeInit) refers to stm32f1xx_hal_cortex.o(i.HAL_NVIC_DisableIRQ) for HAL_NVIC_DisableIRQ
[...]
    i.To_Serial_Adjustment_Menu              0x08004ff0   Section        0  menu.o(i.To_Serial_Adjustment_Menu)
    i.UART_DMAAbortOnError                   0x08005178   Section        0  stm32f1xx_hal_uart.o(i.UART_DMAAbortOnError)
    UART_DMAAbortOnError                     0x08005179   Thumb Code    16  stm32f1xx_hal_uart.o(i.UART_DMAAbortOnError)
    i.UART_EndRxTransfer                     0x08005188   Section        0  stm32f1xx_hal_uart.o(i.UART_EndRxTransfer)
    UART_EndRxTransfer                       0x08005189   Thumb Code    78  stm32f1xx_hal_uart.o(i.UART_EndRxTransfer)
    i.UART_Receive_IT                        0x080051d6   Section        0  stm32f1xx_hal_uart.o(i.UART_Receive_IT)
    UART_Receive_IT                          0x080051d7   Thumb Code   194  stm32f1xx_hal_uart.o(i.UART_Receive_IT)
    i.UART_SetConfig                         0x08005298   Section        0  stm32f1xx_hal_uart.o(i.UART_SetConfig)
    UART_SetConfig                           0x08005299   Thumb Code   178  stm32f1xx_hal_uart.o(i.UART_SetConfig)
    i.UART_Start_Receive_IT                  0x08005350   Section        0  stm32f1xx_hal_uart.o(i.UART_Start_Receive_IT)
    i.UART_WaitOnFlagUntilTimeout            0x08005386   Section        0  stm32f1xx_hal_uart.o(i.UART_WaitOnFlagUntilTimeout)
    UART_WaitOnFlagUntilTimeout              0x08005387   Thumb Code   114  stm32f1xx_hal_uart.o(i.UART_WaitOnFlagUntilTimeout)
    i.USART1_IRQHandler                      0x080053f8   Section        0  stm32f1xx_it.o(i.USART1_IRQHandler)
    i.Update_Waveform                        0x08005404   Section        0  sound_light.o(i.Update_Waveform)
    i.UsageFault_Handler                     0x08005488   Section        0  stm32f1xx_it.o(i.UsageFault_Handler)
    i.__0printf                              0x0800548c   Section        0  printfa.o(i.__0printf)
    i.__0sprintf                             0x080054ac   Section        0  printfa.o(i.__0sprintf)
    i.__NVIC_SetPriority                     0x080054d4   Section        0  stm32f1xx_hal_cortex.o(i.__NVIC_SetPriority)
    __NVIC_SetPriority                       0x080054d5   Thumb Code    32  stm32f1xx_hal_cortex.o(i.__NVIC_SetPriority)
    i.__scatterload_copy                     0x080054f4   Section       14  handlers.o(i.__scatterload_copy)
    i.__scatterload_null                     0x08005502   Section        2  handlers.o(i.__scatterload_null)
    i.__scatterload_zeroinit                 0x08005504   Section       14  handlers.o(i.__scatterload_zeroinit)
    i._fp_digits                             0x08005514   Section        0  printfa.o(i._fp_digits)
    _fp_digits                               0x08005515   Thumb Code   366  printfa.o(i._fp_digits)
    i._printf_core                           0x08005698   Section        0  printfa.o(i._printf_core)
    _printf_core                             0x08005699   Thumb Code  1704  printfa.o(i._printf_core)
    i._printf_post_padding                   0x08005d4c   Section        0  printfa.o(i._printf_post_padding)
    _printf_post_padding                     0x08005d4d   Thumb Code    36  printfa.o(i._printf_post_padding)
    i._printf_pre_padding                    0x08005d70   Section        0  printfa.o(i._printf_pre_padding)
    _printf_pre_padding                      0x08005d71   Thumb Code    46  printfa.o(i._printf_pre_padding)
    i._sputc                                 0x08005d9e   Section        0  printfa.o(i._sputc)
    _sputc                                   0x08005d9f   Thumb Code    10  printfa.o(i._sputc)
    i.adjust_light_threshold                 0x08005da8   Section        0  sound_light.o(i.adjust_light_threshold)
    i.adjust_sound_threshold                 0x08005ed0   Section        0  sound_light.o(i.adjust_sound_threshold)
    i.bright_adjust                          0x08005ff8   Section        0  led.o(i.bright_adjust)
    i.delay_us                               0x080060e4   Section        0  oled .o(i.delay_us)
    i.fputc                                  0x080060ec   Section        0  main.o(i.fputc)
    i.key_scan                               0x0800610c   Section        0  key.o(i.key_scan)
    i.led_duty                               0x080061d8   Section        0  led.o(i.led_duty)
    i.light_detect                           0x080061e4   Section        0  sound_light.o(i.light_detect)
    i.light_to_led                           0x08006210   Section        0  sound_light.o(i.light_to_led)
    i.main                                   0x08006268   Section        0  main.o(i.main)
    i.mix_detect                             0x080062d4   Section        0  sound_light.o(i.mix_detect)
    i.sound_detect                           0x08006428   Section        0  sound_light.o(i.sound_detect)
    i.sound_to_led                           0x08006454   Section        0  sound_light.o(i.sound_to_led)
    i.time_adjust                            0x080064ac   Section        0  led.o(i.time_adjust)
    i.u8g2Init                               0x08006588   Section        0  oled .o(i.u8g2Init)
    i.u8g2_DrawHXBM                          0x080065bc   Section        0  u8g2_bitmap.o(i.u8g2_DrawHXBM)
    i.u8g2_DrawXBM                           0x08006650   Section        0  u8g2_bitmap.o(i.u8g2_DrawXBM)
    i.u8x8_byte_hw_i2c                       0x0800669c   Section        0  oled .o(i.u8x8_byte_hw_i2c)
    i.u8x8_d_ssd1306_128x64_noname           0x0800670c   Section        0  u8x8_d_ssd1306_128x64_noname.o(i.u8x8_d_ssd1306_128x64_noname)
    i.u8x8_d_ssd1306_sh1106_generic          0x08006748   Section        0  u8x8_d_ssd1306_128x64_noname.o(i.u8x8_d_ssd1306_sh1106_generic)
    u8x8_d_ssd1306_sh1106_generic            0x08006749   Thumb Code   196  u8x8_d_ssd1306_128x64_noname.o(i.u8x8_d_ssd1306_sh1106_generic)
    i.u8x8_gpio_and_delay                    0x08006810   Section        0  oled .o(i.u8x8_gpio_and_delay)
    i.ui_left_one_Picture                    0x0800689c   Section        0  menu.o(i.ui_left_one_Picture)
    i.ui_right_one_Picture                   0x080068a4   Section        0  menu.o(i.ui_right_one_Picture)
    i.ui_run                                 0x080068ac   Section        0  menu.o(i.ui_run)
    .constdata                               0x080068dc   Section       18  stm32f1xx_hal_rcc.o(.constdata)
    aPredivFactorTable                       0x080068dc   Data           2  stm32f1xx_hal_rcc.o(.constdata)
    aPLLMULFactorTable                       0x080068de   Data          16  stm32f1xx_hal_rcc.o(.constdata)
    .constdata                               0x080068ee   Section       16  system_stm32f1xx.o(.constdata)
    .constdata                               0x080068fe   Section        8  system_stm32f1xx.o(.constdata)
    .constdata                               0x08006906   Section      940  menu.o(.constdata)
    .constdata                               0x08006cb4   Section      344  u8x8_d_ssd1306_128x64_noname.o(.constdata)
    u8x8_d_ssd1306_128x64_noname_powersave0_seq 0x08006cb4   Data           5  u8x8_d_ssd1306_128x64_noname.o(.constdata)
    u8x8_d_ssd1306_128x64_noname_powersave1_seq 0x08006cb9   Data           5  u8x8_d_ssd1306_128x64_noname.o(.constdata)
    u8x8_d_ssd1306_128x64_noname_flip0_seq   0x08006cbe   Data           7  u8x8_d_ssd1306_128x64_noname.o(.constdata)
    u8x8_d_ssd1306_128x64_noname_flip1_seq   0x08006cc5   Data           7  u8x8_d_ssd1306_128x64_noname.o(.constdata)
    u8x8_d_ssd1312_128x64_noname_flip0_seq   0x08006ccc   Data           7  u8x8_d_ssd1306_128x64_noname.o(.constdata)
    u8x8_d_ssd1312_128x64_noname_flip1_seq   0x08006cd3   Data           7  u8x8_d_ssd1306_128x64_noname.o(.constdata)
    u8x8_d_ssd1306_128x64_noname_init_seq    0x08006cda   Data          53  u8x8_d_ssd1306_128x64_noname.o(.constdata)
    u8x8_d_ssd1306_128x64_vcomh0_init_seq    0x08006d0f   Data          53  u8x8_d_ssd1306_128x64_noname.o(.constdata)
    u8x8_d_ssd1306_128x64_alt0_init_seq      0x08006d44   Data          53  u8x8_d_ssd1306_128x64_noname.o(.constdata)
    u8x8_d_sh1106_128x64_winstar_init_seq    0x08006d79   Data          45  u8x8_d_ssd1306_128x64_noname.o(.constdata)
    u8x8_d_ssd1312_128x64_noname_init_seq    0x08006da6   Data          53  u8x8_d_ssd1306_128x64_noname.o(.constdata)
    u8x8_ssd1306_128x64_noname_display_info  0x08006ddc   Data          24  u8x8_d_ssd1306_128x64_noname.o(.constdata)
    u8x8_sh1106_128x64_noname_display_info   0x08006df4   Data          24  u8x8_d_ssd1306_128x64_noname.o(.constdata)
    .data                                    0x20000000   Section        2  main.o(.data)
    .data                                    0x20000004   Section       12  stm32f1xx_hal.o(.data)
    .data                                    0x20000010   Section        4  system_stm32f1xx.o(.data)
    .data                                    0x20000014   Section       52  key.o(.data)
    .data                                    0x20000048   Section        1  oled .o(.data)
    buf_idx                                  0x20000048   Data           1  oled .o(.data)
    .data                                    0x2000004a   Section       24  menu.o(.data)
    Picture_Flag                             0x2000004a   Data           1  menu.o(.data)
    Box_x                                    0x2000004c   Data           1  menu.o(.data)
    Box_y                                    0x2000004d   Data           1  menu.o(.data)
    Box_w                                    0x2000004e   Data           1  menu.o(.data)
    Box_h                                    0x2000004f   Data           1  menu.o(.data)
    Box_x_trg                                0x20000050   Data           1  menu.o(.data)
    Box_y_trg                                0x20000051   Data           1  menu.o(.data)
    Box_w_trg                                0x20000052   Data           1  menu.o(.data)
    Box_h_trg                                0x20000053   Data           1  menu.o(.data)
    Box_Flag                                 0x20000054   Data           1  menu.o(.data)
    Box_x                                    0x20000055   Data           1  menu.o(.data)
    Box_y                                    0x20000056   Data           1  menu.o(.data)
    Box_w                                    0x20000057   Data           1  menu.o(.data)
    Box_h                                    0x20000058   Data           1  menu.o(.data)
    Box_x_trg                                0x20000059   Data           1  menu.o(.data)
    Box_y_trg                                0x2000005a   Data           1  menu.o(.data)
    Box_w_trg                                0x2000005b   Data           1  menu.o(.data)
    Box_h_trg                                0x2000005c   Data           1  menu.o(.data)
    Box_Flag                                 0x2000005d   Data           1  menu.o(.data)
    .data                                    0x20000064   Section       12  led.o(.data)
    .data                                    0x20000070   Section       44  sound_light.o(.data)
    led_active                               0x20000071   Data           1  sound_light.o(.data)
    led_active                               0x20000072   Data           1  sound_light.o(.data)
    filtered_voltage                         0x2000008c   Data           4  sound_light.o(.data)
    last_voltage                             0x20000090   Data           4  sound_light.o(.data)
    trigger_time                             0x20000094   Data           4  sound_light.o(.data)
    trigger_time                             0x20000098   Data           4  sound_light.o(.data)
    .data                                    0x2000009c   Section        4  stdout.o(.data)
    .bss                                     0x200000a0   Section      404  main.o(.bss)
    .bss                                     0x20000234   Section      116  adc.o(.bss)
    .bss                                     0x200002a8   Section       84  i2c.o(.bss)
    .bss                                     0x200002fc   Section       72  tim.o(.bss)
    .bss                                     0x20000344   Section       72  usart.o(.bss)
    .bss                                     0x2000038c   Section      256  oled .o(.bss)
    buffer                                   0x2000038c   Data         256  oled .o(.bss)
    .bss                                     0x2000048c   Section       32  menu.o(.bss)
    .bss                                     0x200004ac   Section       32  led.o(.bss)
    .bss                                     0x200004cc   Section      290  sound_light.o(.bss)
    [Anonymous Symbol]                       0x200005ee   Section        0  u8g2_d_memory.o(.bss.u8g2_m_16_8_f.buf)
    u8g2_m_16_8_f.buf                        0x200005ee   Data        1024  u8g2_d_memory.o(.bss.u8g2_m_16_8_f.buf)
    [Anonymous Symbol]                       0x200009ee   Section        0  u8x8_cad.o(.bss.u8x8_cad_ssd13xx_fast_i2c.in_transfer)
    u8x8_cad_ssd13xx_fast_i2c.in_transfer    0x200009ee   Data           1  u8x8_cad.o(.bss.u8x8_cad_ssd13xx_fast_i2c.in_transfer)
    STACK                                    0x200009f0   Section     1024  startup_stm32f103xb.o(STACK)

    Global Symbols

    Symbol Name                              Value     Ov Type        Size  Object(Section)

    BuildAttributes$$THM_ISAv4$P$D$K$B$S$PE$A:L22UL41UL21$X:L11$S22US41US21$IEEE1$IW$USESV6$~STKCKD$USESV7$~SHL$OTIME$ROPI$IEEEJ$EBA8$MICROLIB$REQ8$PRES8$EABIv2 0x00000000   Number         0  anon$$obj.o ABSOLUTE
    __ARM_use_no_argv                        0x00000000   Number         0  main.o ABSOLUTE
    _printf_a                                0x00000000   Number         0  stubs.o ABSOLUTE
    _printf_c                                0x00000000   Number         0  stubs.o ABSOLUTE
    _printf_charcount                        0x00000000   Number         0  stubs.o ABSOLUTE
    _printf_d                                0x00000000   Number         0  stubs.o ABSOLUTE
    _printf_e                                0x00000000   Number         0  stubs.o ABSOLUTE
    _printf_f                                0x00000000   Number         0  stubs.o ABSOLUTE
    _printf_flags                            0x00000000   Number         0  stubs.o ABSOLUTE
    _printf_fp_dec                           0x00000000   Number         0  stubs.o ABSOLUTE
    _printf_fp_hex                           0x00000000   Number         0  stubs.o ABSOLUTE
    _printf_g                                0x00000000   Number         0  stubs.o ABSOLUTE
    _printf_i                                0x00000000   Number         0  stubs.o ABSOLUTE
    _printf_int_dec                          0x00000000   Number         0  stubs.o ABSOLUTE
    _printf_l                                0x00000000   Number         0  stubs.o ABSOLUTE
    _printf_lc                               0x00000000   Number         0  stubs.o ABSOLUTE
    _printf_ll                               0x00000000   Number         0  stubs.o ABSOLUTE
    _printf_lld                              0x00000000   Number         0  stubs.o ABSOLUTE
    _printf_lli                              0x00000000   Number         0  stubs.o ABSOLUTE
    _printf_llo                              0x00000000   Number         0  stubs.o ABSOLUTE
    _printf_llu                              0x00000000   Number         0  stubs.o ABSOLUTE
    _printf_llx                              0x00000000   Number         0  stubs.o ABSOLUTE
    _printf_longlong_dec                     0x00000000   Number         0  stubs.o ABSOLUTE
    _printf_longlong_hex                     0x00000000   Number         0  stubs.o ABSOLUTE
    _printf_longlong_oct                     0x00000000   Number         0  stubs.o ABSOLUTE
    _printf_ls                               0x00000000   Number         0  stubs.o ABSOLUTE
    _printf_mbtowc                           0x00000000   Number         0  stubs.o ABSOLUTE
    _printf_n                                0x00000000   Number         0  stubs.o ABSOLUTE
    _printf_o                                0x00000000   Number         0  stubs.o ABSOLUTE
    _printf_p                                0x00000000   Number         0  stubs.o ABSOLUTE
    _printf_percent                          0x00000000   Number         0  stubs.o ABSOLUTE
    _printf_pre_padding                      0x00000000   Number         0  stubs.o ABSOLUTE
    _printf_return_value                     0x00000000   Number         0  stubs.o ABSOLUTE
    _printf_s                                0x00000000   Number         0  stubs.o ABSOLUTE
    _printf_sizespec                         0x00000000   Number         0  stubs.o ABSOLUTE
    _printf_str                              0x00000000   Number         0  stubs.o ABSOLUTE
    _printf_truncate_signed                  0x00000000   Number         0  stubs.o ABSOLUTE
    _printf_truncate_unsigned                0x00000000   Number         0  stubs.o ABSOLUTE
    _printf_u                                0x00000000   Number         0  stubs.o ABSOLUTE
    _printf_wc                               0x00000000   Number         0  stubs.o ABSOLUTE
    _printf_wctomb                           0x00000000   Number         0  stubs.o ABSOLUTE
    _printf_widthprec                        0x00000000   Number         0  stubs.o ABSOLUTE
    _printf_x                                0x00000000   Number         0  stubs.o ABSOLUTE
    __arm_fini_                               - Undefined Weak Reference
    __cpp_initialize__aeabi_                  - Undefined Weak Reference
    __cxa_finalize                            - Undefined Weak Reference
    __decompress                              - Undefined Weak Reference
    _clock_init                               - Undefined Weak Reference
    _microlib_exit                            - Undefined Weak Reference
    __Vectors_Size                           0x000000ec   Number         0  startup_stm32f103xb.o ABSOLUTE
    __Vectors                                0x08000000   Data           4  startup_stm32f103xb.o(RESET)
    __Vectors_End                            0x080000ec   Data           0  startup_stm32f103xb.o(RESET)
    __main                                   0x080000ed   Thumb Code     0  entry.o(.ARM.Collect$$$$00000000)
    _main_stk                                0x080000ed   Thumb Code     0  entry2.o(.ARM.Collect$$$$00000001)
    _main_scatterload                        0x080000f1   Thumb Code     0  entry5.o(.ARM.Collect$$$$00000004)
    __main_after_scatterload                 0x080000f5   Thumb Code     0  entry5.o(.ARM.Collect$$$$00000004)
    _main_clock                              0x080000f5   Thumb Code     0  entry7b.o(.ARM.Collect$$$$00000008)
    _main_cpp_init                           0x080000f5   Thumb Code     0  entry8b.o(.ARM.Collect$$$$0000000A)
    _main_init                               0x080000f5   Thumb Code     0  entry9a.o(.ARM.Collect$$$$0000000B)
    __rt_lib_shutdown_fini                   0x080000fd   Thumb Code     0  entry12b.o(.ARM.Collect$$$$0000000E)
    __rt_final_cpp                           0x08000101   Thumb Code     0  entry10a.o(.ARM.Collect$$$$0000000F)
    __rt_final_exit                          0x08000101   Thumb Code     0  entry11a.o(.ARM.Collect$$$$00000011)
    Reset_Handler                            0x08000105   Thumb Code     8  startup_stm32f103xb.o(.text)
    CAN1_RX1_IRQHandler                      0x0800011f   Thumb Code     0  startup_stm32f103xb.o(.text)
    CAN1_SCE_IRQHandler                      0x0800011f   Thumb Code     0  startup_stm32f103xb.o(.text)
    DMA1_Channel2_IRQHandler                 0x0800011f   Thumb Code     0  startup_stm32f103xb.o(.text)
    DMA1_Channel3_IRQHandler                 0x0800011f   Thumb Code     0  startup_stm32f103xb.o(.text)
    DMA1_Channel4_IRQHandler                 0x0800011f   Thumb Code     0  startup_stm32f103xb.o(.text)
    DMA1_Channel5_IRQHandler                 0x0800011f   Thumb Code     0  startup_stm32f103xb.o(.text)
    DMA1_Channel6_IRQHandler                 0x0800011f   Thumb Code     0  startup_stm32f103xb.o(.text)
    DMA1_Channel7_IRQHandler                 0x0800011f   Thumb Code     0  startup_stm32f103xb.o(.text)
    EXTI0_IRQHandler                         0x0800011f   Thumb Code     0  startup_stm32f103xb.o(.text)
    EXTI15_10_IRQHandler                     0x0800011f   Thumb Code     0  startup_stm32f103xb.o(.text)
    EXTI1_IRQHandler                         0x0800011f   Thumb Code     0  startup_stm32f103xb.o(.text)
    EXTI2_IRQHandler                         0x0800011f   Thumb Code     0  startup_stm32f103xb.o(.text)
    EXTI3_IRQHandler                         0x0800011f   Thumb Code     0  startup_stm32f103xb.o(.text)
    EXTI4_IRQHandler                         0x0800011f   Thumb Code     0  startup_stm32f103xb.o(.text)
    EXTI9_5_IRQHandler                       0x0800011f   Thumb Code     0  startup_stm32f103xb.o(.text)
    FLASH_IRQHandler                         0x0800011f   Thumb Code     0  startup_stm32f103xb.o(.text)
    I2C1_ER_IRQHandler                       0x0800011f   Thumb Code     0  startup_stm32f103xb.o(.text)
    I2C1_EV_IRQHandler                       0x0800011f   Thumb Code     0  startup_stm32f103xb.o(.text)
    I2C2_ER_IRQHandler                       0x0800011f   Thumb Code     0  startup_stm32f103xb.o(.text)
    I2C2_EV_IRQHandler                       0x0800011f   Thumb Code     0  startup_stm32f103xb.o(.text)
    PVD_IRQHandler                           0x0800011f   Thumb Code     0  startup_stm32f103xb.o(.text)
    RCC_IRQHandler                           0x0800011f   Thumb Code     0  startup_stm32f103xb.o(.text)
    RTC_Alarm_IRQHandler                     0x0800011f   Thumb Code     0  startup_stm32f103xb.o(.text)
    RTC_IRQHandler                           0x0800011f   Thumb Code     0  startup_stm32f103xb.o(.text)
    SPI1_IRQHandler                          0x0800011f   Thumb Code     0  startup_stm32f103xb.o(.text)
    SPI2_IRQHandler                          0x0800011f   Thumb Code     0  startup_stm32f103xb.o(.text)
    TAMPER_IRQHandler                        0x0800011f   Thumb Code     0  startup_stm32f103xb.o(.text)
    TIM1_BRK_IRQHandler                      0x0800011f   Thumb Code     0  startup_stm32f103xb.o(.text)
    TIM1_CC_IRQHandler                       0x0800011f   Thumb Code     0  startup_stm32f103xb.o(.text)
    TIM1_TRG_COM_IRQHandler                  0x0800011f   Thumb Code     0  startup_stm32f103xb.o(.text)
    TIM1_UP_IRQHandler                       0x0800011f   Thumb Code     0  startup_stm32f103xb.o(.text)
    TIM2_IRQHandler                          0x0800011f   Thumb Code     0  startup_stm32f103xb.o(.text)
    TIM4_IRQHandler                          0x0800011f   Thumb Code     0  startup_stm32f103xb.o(.text)
    USART2_IRQHandler                        0x0800011f   Thumb Code     0  startup_stm32f103xb.o(.text)
    USART3_IRQHandler                        0x0800011f   Thumb Code     0  startup_stm32f103xb.o(.text)
    USBWakeUp_IRQHandler                     0x0800011f   Thumb Code     0  startup_stm32f103xb.o(.text)
    USB_HP_CAN1_TX_IRQHandler                0x0800011f   Thumb Code     0  startup_stm32f103xb.o(.text)
    USB_LP_CAN1_RX0_IRQHandler               0x0800011f   Thumb Code     0  startup_stm32f103xb.o(.text)
    WWDG_IRQHandler                          0x0800011f   Thumb Code     0  startup_stm32f103xb.o(.text)
    __aeabi_llsr                             0x08000129   Thumb Code    32  llushr.o(.text)
    _ll_ushift_r                             0x08000129   Thumb Code     0  llushr.o(.text)
    __aeabi_memset                           0x08000149   Thumb Code    14  memseta.o(.text)
    __aeabi_memset4                          0x08000149   Thumb Code     0  memseta.o(.text)
    __aeabi_memset8                          0x08000149   Thumb Code     0  memseta.o(.text)
    __aeabi_memclr                           0x08000157   Thumb Code     4  memseta.o(.text)
    __aeabi_memclr4                          0x08000157   Thumb Code     0  memseta.o(.text)
    __aeabi_memclr8                          0x08000157   Thumb Code     0  memseta.o(.text)
    _memset$wrapper                          0x0800015b   Thumb Code    18  memseta.o(.text)
    __aeabi_fadd                             0x0800016d   Thumb Code   164  fadd.o(.text)
    __aeabi_fsub                             0x08000211   Thumb Code     6  fadd.o(.text)
    __aeabi_frsub                            0x08000217   Thumb Code     6  fadd.o(.text)
    __aeabi_fmul                             0x0800021d   Thumb Code   100  fmul.o(.text)
    __aeabi_fdiv                             0x08000281   Thumb Code   124  fdiv.o(.text)
    __ARM_scalbnf                            0x080002fd   Thumb Code    24  fscalb.o(.text)
    scalbnf                                  0x080002fd   Thumb Code     0  fscalb.o(.text)
    __aeabi_i2f                              0x08000315   Thumb Code    18  fflti.o(.text)
    __aeabi_ui2f                             0x08000327   Thumb Code    10  ffltui.o(.text)
    __aeabi_f2uiz                            0x08000331   Thumb Code    40  ffixui.o(.text)
    __aeabi_f2d                              0x08000359   Thumb Code    38  f2d.o(.text)
    __aeabi_cfcmpeq                          0x08000381   Thumb Code     0  cfcmple.o(.text)
    __aeabi_cfcmple                          0x08000381   Thumb Code    20  cfcmple.o(.text)
    __aeabi_cfrcmple                         0x08000395   Thumb Code    20  cfrcmple.o(.text)
    __aeabi_uidiv                            0x080003a9   Thumb Code     0  uidiv.o(.text)
    __aeabi_uidivmod                         0x080003a9   Thumb Code    44  uidiv.o(.text)
    __aeabi_uldivmod                         0x080003d5   Thumb Code    98  uldiv.o(.text)
    __I$use$fp                               0x08000437   Thumb Code     0  iusefp.o(.text)
    _float_round                             0x08000437   Thumb Code    18  fepilogue.o(.text)
    _float_epilogue                          0x08000449   Thumb Code    92  fepilogue.o(.text)
    __aeabi_dadd                             0x080004a5   Thumb Code   322  dadd.o(.text)
    __aeabi_dsub                             0x080005e7   Thumb Code     6  dadd.o(.text)
    __aeabi_drsub                            0x080005ed   Thumb Code     6  dadd.o(.text)
    __aeabi_dmul                             0x080005f3   Thumb Code   228  dmul.o(.text)
    __aeabi_ddiv                             0x080006d7   Thumb Code   222  ddiv.o(.text)
    __aeabi_d2ulz                            0x080007b5   Thumb Code    48  dfixul.o(.text)
    __aeabi_cdrcmple                         0x080007e5   Thumb Code    48  cdrcmple.o(.text)
    __scatterload                            0x08000815   Thumb Code    28  init.o(.text)
    __scatterload_rt2                        0x08000815   Thumb Code     0  init.o(.text)
    __aeabi_llsl                             0x08000839   Thumb Code    30  llshl.o(.text)
    _ll_shift_l                              0x08000839   Thumb Code     0  llshl.o(.text)
    __aeabi_lasr                             0x08000857   Thumb Code    36  llsshr.o(.text)
    _ll_sshift_r                             0x08000857   Thumb Code     0  llsshr.o(.text)
    _double_round                            0x0800087b   Thumb Code    30  depilogue.o(.text)
    _double_epilogue                         0x08000899   Thumb Code   156  depilogue.o(.text)
    u8g2_ClearBuffer                         0x08000935   Thumb Code    22  u8g2_buffer.o(.text.u8g2_ClearBuffer)
    u8g2_DrawFrame                           0x0800094d   Thumb Code   148  u8g2_box.o(.text.u8g2_DrawFrame)
    u8g2_DrawHLine                           0x080009e1   Thumb Code   118  u8g2_hvline.o(.text.u8g2_DrawHLine)
    u8g2_DrawHVLine                          0x08000a59   Thumb Code   262  u8g2_hvline.o(.text.u8g2_DrawHVLine)
    u8g2_DrawLine                            0x08000b61   Thumb Code   210  u8g2_line.o(.text.u8g2_DrawLine)
    u8g2_DrawPixel                           0x08000c35   Thumb Code    86  u8g2_hvline.o(.text.u8g2_DrawPixel)
    u8g2_DrawStr                             0x08000c8d   Thumb Code    16  u8g2_font.o(.text.u8g2_DrawStr)
    u8g2_IsIntersection                      0x08000c9d   Thumb Code   104  u8g2_intersection.o(.text.u8g2_IsIntersection)
    u8g2_SendBuffer                          0x08000d05   Thumb Code    18  u8g2_buffer.o(.text.u8g2_SendBuffer)
    u8g2_SetFont                             0x08000d19   Thumb Code   236  u8g2_font.o(.text.u8g2_SetFont)
    u8g2_SetFontDirection                    0x08000e05   Thumb Code     6  u8g2_font.o(.text.u8g2_SetFontDirection)
    u8g2_SetFontMode                         0x08000e0d   Thumb Code     6  u8g2_font.o(.text.u8g2_SetFontMode)
    u8g2_SetFontPosBaseline                  0x08000e15   Thumb Code    12  u8g2_font.o(.text.u8g2_SetFontPosBaseline)
    u8g2_SetupBuffer                         0x08000e21   Thumb Code    80  u8g2_setup.o(.text.u8g2_SetupBuffer)
    u8g2_Setup_ssd1306_i2c_128x64_noname_f   0x08000e71   Thumb Code    70  u8g2_d_setup.o(.text.u8g2_Setup_ssd1306_i2c_128x64_noname_f)
    u8g2_add_vector_x                        0x08000eb9   Thumb Code    34  u8g2_font.o(.text.u8g2_add_vector_x)
    u8g2_add_vector_y                        0x08000edd   Thumb Code    34  u8g2_font.o(.text.u8g2_add_vector_y)
    u8g2_draw_hv_line_2dir                   0x08000f01   Thumb Code    30  u8g2_hvline.o(.text.u8g2_draw_hv_line_2dir)
    u8g2_draw_l90_r0                         0x08000f21   Thumb Code    20  u8g2_setup.o(.text.u8g2_draw_l90_r0)
    u8g2_font_calc_vref_font                 0x08001025   Thumb Code     4  u8g2_font.o(.text.u8g2_font_calc_vref_font)
    u8g2_font_decode_glyph                   0x08001029   Thumb Code  1322  u8g2_font.o(.text.u8g2_font_decode_glyph)
    u8g2_font_get_glyph_data                 0x08001555   Thumb Code   204  u8g2_font.o(.text.u8g2_font_get_glyph_data)
    u8g2_ll_hvline_vertical_top_lsb          0x08001629   Thumb Code   636  u8g2_ll_hvline.o(.text.u8g2_ll_hvline_vertical_top_lsb)
    u8g2_m_16_8_f                            0x080018a5   Thumb Code    16  u8g2_d_memory.o(.text.u8g2_m_16_8_f)
    u8g2_update_dimension_r0                 0x0800190d   Thumb Code    64  u8g2_setup.o(.text.u8g2_update_dimension_r0)
    u8g2_update_page_win_r0                  0x0800194d   Thumb Code   132  u8g2_setup.o(.text.u8g2_update_page_win_r0)
    u8x8_DrawTile                            0x080019d1   Thumb Code    40  u8x8_display.o(.text.u8x8_DrawTile)
    u8x8_InitDisplay                         0x080019f9   Thumb Code    12  u8x8_display.o(.text.u8x8_InitDisplay)
    u8x8_RefreshDisplay                      0x08001a05   Thumb Code    12  u8x8_display.o(.text.u8x8_RefreshDisplay)
    u8x8_SetPowerSave                        0x08001a11   Thumb Code    12  u8x8_display.o(.text.u8x8_SetPowerSave)
    u8x8_Setup                               0x08001a1d   Thumb Code    48  u8x8_setup.o(.text.u8x8_Setup)
    u8x8_SetupMemory                         0x08001a4d   Thumb Code    12  u8x8_display.o(.text.u8x8_SetupMemory)
    u8x8_ascii_next                          0x08001a59   Thumb Code    18  u8x8_8x8.o(.text.u8x8_ascii_next)
    u8x8_byte_EndTransfer                    0x08001a6d   Thumb Code    12  u8x8_byte.o(.text.u8x8_byte_EndTransfer)
    u8x8_byte_SendByte                       0x08001a79   Thumb Code    22  u8x8_byte.o(.text.u8x8_byte_SendByte)
    u8x8_byte_SendBytes                      0x08001a91   Thumb Code    12  u8x8_byte.o(.text.u8x8_byte_SendBytes)
    u8x8_byte_StartTransfer                  0x08001a9d   Thumb Code    12  u8x8_byte.o(.text.u8x8_byte_StartTransfer)
    u8x8_cad_EndTransfer                     0x08001aa9   Thumb Code    12  u8x8_cad.o(.text.u8x8_cad_EndTransfer)
    u8x8_cad_SendArg                         0x08001ab5   Thumb Code    12  u8x8_cad.o(.text.u8x8_cad_SendArg)
    u8x8_cad_SendCmd                         0x08001ac1   Thumb Code    12  u8x8_cad.o(.text.u8x8_cad_SendCmd)
    u8x8_cad_SendData                        0x08001acd   Thumb Code    12  u8x8_cad.o(.text.u8x8_cad_SendData)
    u8x8_cad_SendSequence                    0x08001ad9   Thumb Code   124  u8x8_cad.o(.text.u8x8_cad_SendSequence)
    u8x8_cad_StartTransfer                   0x08001b55   Thumb Code    12  u8x8_cad.o(.text.u8x8_cad_StartTransfer)
    u8x8_cad_ssd13xx_fast_i2c                0x08001b61   Thumb Code   456  u8x8_cad.o(.text.u8x8_cad_ssd13xx_fast_i2c)
    u8x8_d_helper_display_init               0x08001d29   Thumb Code   100  u8x8_display.o(.text.u8x8_d_helper_display_init)
    u8x8_d_helper_display_setup_memory       0x08001d8d   Thumb Code    10  u8x8_display.o(.text.u8x8_d_helper_display_setup_memory)
    u8x8_gpio_call                           0x08001d99   Thumb Code     8  u8x8_gpio.o(.text.u8x8_gpio_call)
    u8x8_utf8_init                           0x08001dd1   Thumb Code     8  u8x8_8x8.o(.text.u8x8_utf8_init)
    ADC1_2_IRQHandler                        0x08001dd9   Thumb Code     6  stm32f1xx_it.o(i.ADC1_2_IRQHandler)
    ADC_ConversionStop_Disable               0x08001de5   Thumb Code    86  stm32f1xx_hal_adc.o(i.ADC_ConversionStop_Disable)
    ADC_DMAConvCplt                          0x08001e3b   Thumb Code    78  stm32f1xx_hal_adc.o(i.ADC_DMAConvCplt)
    ADC_DMAError                             0x08001e89   Thumb Code    26  stm32f1xx_hal_adc.o(i.ADC_DMAError)
    ADC_DMAHalfConvCplt                      0x08001ea3   Thumb Code    10  stm32f1xx_hal_adc.o(i.ADC_DMAHalfConvCplt)
    ADC_Enable                               0x08001ead   Thumb Code   114  stm32f1xx_hal_adc.o(i.ADC_Enable)
    Blib_adjustment_Menu                     0x08001f29   Thumb Code   342  menu.o(i.Blib_adjustment_Menu)
    Blib_adjustment_To_Menu_Display          0x080020c5   Thumb Code   316  menu.o(i.Blib_adjustment_To_Menu_Display)
    BusFault_Handler                         0x0800223d   Thumb Code     2  stm32f1xx_it.o(i.BusFault_Handler)
    DMA1_Channel1_IRQHandler                 0x08002241   Thumb Code     6  stm32f1xx_it.o(i.DMA1_Channel1_IRQHandler)
    DebugMon_Handler                         0x08002277   Thumb Code     2  stm32f1xx_it.o(i.DebugMon_Handler)
    Draw_Waveform                            0x08002279   Thumb Code   114  sound_light.o(i.Draw_Waveform)
    Error_Handler                            0x080022f1   Thumb Code     4  main.o(i.Error_Handler)
    Filter_Data                              0x080022f5   Thumb Code    54  sound_light.o(i.Filter_Data)
    Find_Max                                 0x0800232d   Thumb Code    30  sound_light.o(i.Find_Max)
    HAL_ADCEx_InjectedConvCpltCallback       0x0800234b   Thumb Code     2  stm32f1xx_hal_adc_ex.o(i.HAL_ADCEx_InjectedConvCpltCallback)
    HAL_ADC_ConfigChannel                    0x0800234d   Thumb Code   240  stm32f1xx_hal_adc.o(i.HAL_ADC_ConfigChannel)
    HAL_ADC_ConvCpltCallback                 0x08002449   Thumb Code    18  sound_light.o(i.HAL_ADC_ConvCpltCallback)
    HAL_ADC_ConvHalfCpltCallback             0x08002465   Thumb Code     2  stm32f1xx_hal_adc.o(i.HAL_ADC_ConvHalfCpltCallback)
    HAL_ADC_ErrorCallback                    0x08002467   Thumb Code     2  stm32f1xx_hal_adc.o(i.HAL_ADC_ErrorCallback)
    HAL_ADC_IRQHandler                       0x08002469   Thumb Code   220  stm32f1xx_hal_adc.o(i.HAL_ADC_IRQHandler)
    HAL_ADC_Init                             0x08002545   Thumb Code   272  stm32f1xx_hal_adc.o(i.HAL_ADC_Init)
    HAL_ADC_LevelOutOfWindowCallback         0x08002661   Thumb Code     2  stm32f1xx_hal_adc.o(i.HAL_ADC_LevelOutOfWindowCallback)
    HAL_ADC_MspInit                          0x08002665   Thumb Code   168  adc.o(i.HAL_ADC_MspInit)
    HAL_ADC_Start_DMA                        0x08002725   Thumb Code   246  stm32f1xx_hal_adc.o(i.HAL_ADC_Start_DMA)
    HAL_DMA_Abort                            0x08002831   Thumb Code    70  stm32f1xx_hal_dma.o(i.HAL_DMA_Abort)
    HAL_DMA_Abort_IT                         0x08002879   Thumb Code   148  stm32f1xx_hal_dma.o(i.HAL_DMA_Abort_IT)
    HAL_DMA_IRQHandler                       0x08002911   Thumb Code   316  stm32f1xx_hal_dma.o(i.HAL_DMA_IRQHandler)
    HAL_DMA_Init                             0x08002a65   Thumb Code    84  stm32f1xx_hal_dma.o(i.HAL_DMA_Init)
    HAL_DMA_Start_IT                         0x08002ac1   Thumb Code   112  stm32f1xx_hal_dma.o(i.HAL_DMA_Start_IT)
    HAL_Delay                                0x08002b31   Thumb Code    32  stm32f1xx_hal.o(i.HAL_Delay)
    HAL_GPIO_Init                            0x08002b55   Thumb Code   446  stm32f1xx_hal_gpio.o(i.HAL_GPIO_Init)
    HAL_GPIO_ReadPin                         0x08002d35   Thumb Code    10  stm32f1xx_hal_gpio.o(i.HAL_GPIO_ReadPin)
    HAL_GPIO_WritePin                        0x08002d3f   Thumb Code    10  stm32f1xx_hal_gpio.o(i.HAL_GPIO_WritePin)
    HAL_GetTick                              0x08002d49   Thumb Code     6  stm32f1xx_hal.o(i.HAL_GetTick)
    HAL_I2C_Init                             0x08002d55   Thumb Code   376  stm32f1xx_hal_i2c.o(i.HAL_I2C_Init)
    HAL_I2C_Master_Transmit                  0x08002edd   Thumb Code   290  stm32f1xx_hal_i2c.o(i.HAL_I2C_Master_Transmit)
    HAL_I2C_MspInit                          0x08003009   Thumb Code    82  i2c.o(i.HAL_I2C_MspInit)
    HAL_IncTick                              0x08003069   Thumb Code    12  stm32f1xx_hal.o(i.HAL_IncTick)
    HAL_Init                                 0x08003079   Thumb Code    32  stm32f1xx_hal.o(i.HAL_Init)
    HAL_InitTick                             0x0800309d   Thumb Code    54  stm32f1xx_hal.o(i.HAL_InitTick)
    HAL_MspInit                              0x080030dd   Thumb Code    52  stm32f1xx_hal_msp.o(i.HAL_MspInit)
    HAL_NVIC_EnableIRQ                       0x08003119   Thumb Code    26  stm32f1xx_hal_cortex.o(i.HAL_NVIC_EnableIRQ)
    HAL_NVIC_SetPriority                     0x08003135   Thumb Code    60  stm32f1xx_hal_cortex.o(i.HAL_NVIC_SetPriority)
    HAL_NVIC_SetPriorityGrouping             0x08003175   Thumb Code    26  stm32f1xx_hal_cortex.o(i.HAL_NVIC_SetPriorityGrouping)
    HAL_RCCEx_PeriphCLKConfig                0x08003199   Thumb Code   224  stm32f1xx_hal_rcc_ex.o(i.HAL_RCCEx_PeriphCLKConfig)
    HAL_RCC_ClockConfig                      0x08003285   Thumb Code   280  stm32f1xx_hal_rcc.o(i.HAL_RCC_ClockConfig)
    HAL_RCC_GetPCLK1Freq                     0x080033b1   Thumb Code    20  stm32f1xx_hal_rcc.o(i.HAL_RCC_GetPCLK1Freq)
    HAL_RCC_GetPCLK2Freq                     0x080033d1   Thumb Code    20  stm32f1xx_hal_rcc.o(i.HAL_RCC_GetPCLK2Freq)
    HAL_RCC_GetSysClockFreq                  0x080033f1   Thumb Code    58  stm32f1xx_hal_rcc.o(i.HAL_RCC_GetSysClockFreq)
    HAL_RCC_OscConfig                        0x0800343d   Thumb Code   778  stm32f1xx_hal_rcc.o(i.HAL_RCC_OscConfig)
    HAL_SYSTICK_Config                       0x0800375d   Thumb Code    40  stm32f1xx_hal_cortex.o(i.HAL_SYSTICK_Config)
    HAL_TIMEx_BreakCallback                  0x08003785   Thumb Code     2  stm32f1xx_hal_tim_ex.o(i.HAL_TIMEx_BreakCallback)
    HAL_TIMEx_CommutCallback                 0x08003787   Thumb Code     2  stm32f1xx_hal_tim_ex.o(i.HAL_TIMEx_CommutCallback)
    HAL_TIMEx_MasterConfigSynchronization    0x08003789   Thumb Code    92  stm32f1xx_hal_tim_ex.o(i.HAL_TIMEx_MasterConfigSynchronization)
    HAL_TIM_IC_CaptureCallback               0x080037f1   Thumb Code     2  stm32f1xx_hal_tim.o(i.HAL_TIM_IC_CaptureCallback)
    HAL_TIM_IRQHandler                       0x080037f3   Thumb Code   304  stm32f1xx_hal_tim.o(i.HAL_TIM_IRQHandler)
    HAL_TIM_MspPostInit                      0x08003925   Thumb Code    62  tim.o(i.HAL_TIM_MspPostInit)
    HAL_TIM_OC_DelayElapsedCallback          0x08003971   Thumb Code     2  stm32f1xx_hal_tim.o(i.HAL_TIM_OC_DelayElapsedCallback)
    HAL_TIM_PWM_ConfigChannel                0x08003973   Thumb Code   204  stm32f1xx_hal_tim.o(i.HAL_TIM_PWM_ConfigChannel)
    HAL_TIM_PWM_Init                         0x08003a3f   Thumb Code    90  stm32f1xx_hal_tim.o(i.HAL_TIM_PWM_Init)
    HAL_TIM_PWM_MspInit                      0x08003a99   Thumb Code    50  tim.o(i.HAL_TIM_PWM_MspInit)
    HAL_TIM_PWM_PulseFinishedCallback        0x08003ad5   Thumb Code     2  stm32f1xx_hal_tim.o(i.HAL_TIM_PWM_PulseFinishedCallback)
    HAL_TIM_PWM_Start                        0x08003ad9   Thumb Code   144  stm32f1xx_hal_tim.o(i.HAL_TIM_PWM_Start)
    HAL_TIM_PeriodElapsedCallback            0x08003b75   Thumb Code     2  stm32f1xx_hal_tim.o(i.HAL_TIM_PeriodElapsedCallback)
    HAL_TIM_TriggerCallback                  0x08003b77   Thumb Code     2  stm32f1xx_hal_tim.o(i.HAL_TIM_TriggerCallback)
    HAL_UARTEx_RxEventCallback               0x08003b79   Thumb Code     2  stm32f1xx_hal_uart.o(i.HAL_UARTEx_RxEventCallback)
    HAL_UART_ErrorCallback                   0x08003b7b   Thumb Code     2  stm32f1xx_hal_uart.o(i.HAL_UART_ErrorCallback)
    HAL_UART_GetState                        0x08003b7d   Thumb Code    10  stm32f1xx_hal_uart.o(i.HAL_UART_GetState)
    HAL_UART_IRQHandler                      0x08003b89   Thumb Code   616  stm32f1xx_hal_uart.o(i.HAL_UART_IRQHandler)
    HAL_UART_Init                            0x08003df5   Thumb Code   100  stm32f1xx_hal_uart.o(i.HAL_UART_Init)
    HAL_UART_MspInit                         0x08003e59   Thumb Code   116  usart.o(i.HAL_UART_MspInit)
    HAL_UART_Receive_IT                      0x08003ed9   Thumb Code    28  stm32f1xx_hal_uart.o(i.HAL_UART_Receive_IT)
    HAL_UART_RxCpltCallback                  0x08003ef5   Thumb Code   122  main.o(i.HAL_UART_RxCpltCallback)
    HAL_UART_Transmit                        0x08003f89   Thumb Code   160  stm32f1xx_hal_uart.o(i.HAL_UART_Transmit)
    HAL_UART_TxCpltCallback                  0x08004029   Thumb Code     2  stm32f1xx_hal_uart.o(i.HAL_UART_TxCpltCallback)
    HardFault_Handler                        0x0800402b   Thumb Code     2  stm32f1xx_it.o(i.HardFault_Handler)
    MX_ADC1_Init                             0x080042f5   Thumb Code    94  adc.o(i.MX_ADC1_Init)
    MX_DMA_Init                              0x0800435d   Thumb Code    40  dma.o(i.MX_DMA_Init)
    MX_GPIO_Init                             0x08004389   Thumb Code    78  gpio.o(i.MX_GPIO_Init)
    MX_I2C2_Init                             0x080043e1   Thumb Code    50  i2c.o(i.MX_I2C2_Init)
    MX_TIM3_Init                             0x08004421   Thumb Code   104  tim.o(i.MX_TIM3_Init)
    MX_USART1_UART_Init                      0x08004491   Thumb Code    48  usart.o(i.MX_USART1_UART_Init)
    MemManage_Handler                        0x080044c9   Thumb Code     2  stm32f1xx_it.o(i.MemManage_Handler)
    NMI_Handler                              0x080044cb   Thumb Code     2  stm32f1xx_it.o(i.NMI_Handler)
    PendSV_Handler                           0x080044cd   Thumb Code     2  stm32f1xx_it.o(i.PendSV_Handler)
    Process_Dual_ADC_Data                    0x080044d1   Thumb Code   164  sound_light.o(i.Process_Dual_ADC_Data)
    SVC_Handler                              0x08004585   Thumb Code     2  stm32f1xx_it.o(i.SVC_Handler)
    Serial_Adjustment_Menu                   0x08004589   Thumb Code   300  menu.o(i.Serial_Adjustment_Menu)
    Serial_Adjustment_To_Menu_Display        0x080046f9   Thumb Code   316  menu.o(i.Serial_Adjustment_To_Menu_Display)
    Show_Menu                                0x0800487d   Thumb Code   662  menu.o(i.Show_Menu)
    Show_Menu_Config                         0x08004b35   Thumb Code   174  menu.o(i.Show_Menu_Config)
    SoundLight_Init                          0x08004bfd   Thumb Code    10  sound_light.o(i.SoundLight_Init)
    SysTick_Handler                          0x08004c11   Thumb Code     4  stm32f1xx_it.o(i.SysTick_Handler)
    SystemClock_Config                       0x08004c15   Thumb Code   120  main.o(i.SystemClock_Config)
    SystemInit                               0x08004c8d   Thumb Code     2  system_stm32f1xx.o(i.SystemInit)
    TIM3_IRQHandler                          0x08004c91   Thumb Code     6  stm32f1xx_it.o(i.TIM3_IRQHandler)
    TIM_Base_SetConfig                       0x08004c9d   Thumb Code   108  stm32f1xx_hal_tim.o(i.TIM_Base_SetConfig)
    TIM_CCxChannelCmd                        0x08004d15   Thumb Code    26  stm32f1xx_hal_tim.o(i.TIM_CCxChannelCmd)
    TIM_OC2_SetConfig                        0x08004d81   Thumb Code    84  stm32f1xx_hal_tim.o(i.TIM_OC2_SetConfig)
    To_Blib_adjustment_Menu                  0x08004e75   Thumb Code   316  menu.o(i.To_Blib_adjustment_Menu)
    To_Serial_Adjustment_Menu                0x08004ff1   Thumb Code   316  menu.o(i.To_Serial_Adjustment_Menu)
    UART_Start_Receive_IT                    0x08005351   Thumb Code    54  stm32f1xx_hal_uart.o(i.UART_Start_Receive_IT)
    USART1_IRQHandler                        0x080053f9   Thumb Code     6  stm32f1xx_it.o(i.USART1_IRQHandler)
    Update_Waveform                          0x08005405   Thumb Code   104  sound_light.o(i.Update_Waveform)
    UsageFault_Handler                       0x08005489   Thumb Code     2  stm32f1xx_it.o(i.UsageFault_Handler)
    __0printf                                0x0800548d   Thumb Code    22  printfa.o(i.__0printf)
    __1printf                                0x0800548d   Thumb Code     0  printfa.o(i.__0printf)
    __2printf                                0x0800548d   Thumb Code     0  printfa.o(i.__0printf)
    __c89printf                              0x0800548d   Thumb Code     0  printfa.o(i.__0printf)
    printf                                   0x0800548d   Thumb Code     0  printfa.o(i.__0printf)
    __0sprintf                               0x080054ad   Thumb Code    34  printfa.o(i.__0sprintf)
    __1sprintf                               0x080054ad   Thumb Code     0  printfa.o(i.__0sprintf)
    __2sprintf                               0x080054ad   Thumb Code     0  printfa.o(i.__0sprintf)
    __c89sprintf                             0x080054ad   Thumb Code     0  printfa.o(i.__0sprintf)
    sprintf                                  0x080054ad   Thumb Code     0  printfa.o(i.__0sprintf)
    __scatterload_copy                       0x080054f5   Thumb Code    14  handlers.o(i.__scatterload_copy)
    __scatterload_null                       0x08005503   Thumb Code     2  handlers.o(i.__scatterload_null)
    __scatterload_zeroinit                   0x08005505   Thumb Code    14  handlers.o(i.__scatterload_zeroinit)
    adjust_light_threshold                   0x08005da9   Thumb Code   212  sound_light.o(i.adjust_light_threshold)
    adjust_sound_threshold                   0x08005ed1   Thumb Code   212  sound_light.o(i.adjust_sound_threshold)
    bright_adjust                            0x08005ff9   Thumb Code   174  led.o(i.bright_adjust)
    delay_us                                 0x080060e5   Thumb Code     8  oled .o(i.delay_us)
    fputc                                    0x080060ed   Thumb Code    26  main.o(i.fputc)
    key_scan                                 0x0800610d   Thumb Code   198  key.o(i.key_scan)
    led_duty                                 0x080061d9   Thumb Code     8  led.o(i.led_duty)
    light_detect                             0x080061e5   Thumb Code    36  sound_light.o(i.light_detect)
    light_to_led                             0x08006211   Thumb Code    76  sound_light.o(i.light_to_led)
    main                                     0x08006269   Thumb Code    90  main.o(i.main)
    mix_detect                               0x080062d5   Thumb Code   266  sound_light.o(i.mix_detect)
    sound_detect                             0x08006429   Thumb Code    36  sound_light.o(i.sound_detect)
    sound_to_led                             0x08006455   Thumb Code    76  sound_light.o(i.sound_to_led)
    time_adjust                              0x080064ad   Thumb Code   168  led.o(i.time_adjust)
    u8g2Init                                 0x08006589   Thumb Code    38  oled .o(i.u8g2Init)
    u8g2_DrawHXBM                            0x080065bd   Thumb Code   148  u8g2_bitmap.o(i.u8g2_DrawHXBM)
    u8g2_DrawXBM                             0x08006651   Thumb Code    76  u8g2_bitmap.o(i.u8g2_DrawXBM)
    u8x8_byte_hw_i2c                         0x0800669d   Thumb Code    98  oled .o(i.u8x8_byte_hw_i2c)
    u8x8_d_ssd1306_128x64_noname             0x0800670d   Thumb Code    52  u8x8_d_ssd1306_128x64_noname.o(i.u8x8_d_ssd1306_128x64_noname)
    u8x8_gpio_and_delay                      0x08006811   Thumb Code   134  oled .o(i.u8x8_gpio_and_delay)
    ui_left_one_Picture                      0x0800689d   Thumb Code     8  menu.o(i.ui_left_one_Picture)
    ui_right_one_Picture                     0x080068a5   Thumb Code     8  menu.o(i.ui_right_one_Picture)
    ui_run                                   0x080068ad   Thumb Code    48  menu.o(i.ui_run)
    AHBPrescTable                            0x080068ee   Data          16  system_stm32f1xx.o(.constdata)
    APBPrescTable                            0x080068fe   Data           8  system_stm32f1xx.o(.constdata)
    words                                    0x08006906   Data         100  menu.o(.constdata)
    light_icon                               0x0800696a   Data         128  menu.o(.constdata)
    sound_icon                               0x080069ea   Data         128  menu.o(.constdata)
    mix_icon                                 0x08006a6a   Data         128  menu.o(.constdata)
    bulb_icon                                0x08006aea   Data         128  menu.o(.constdata)
    serial_icon                              0x08006b6a   Data         128  menu.o(.constdata)
    arrowhead                                0x08006bea   Data         200  menu.o(.constdata)
    u8g2_cb_r0                               0x08006e0c   Data          12  u8g2_setup.o(.rodata.u8g2_cb_r0)
    u8g2_font_squeezed_b7_tr                 0x08006e18   Data         860  u8g2_fonts.o(.rodata.u8g2_font_squeezed_b7_tr)
    Region$$Table$$Base                      0x08007174   Number         0  anon$$obj.o(Region$$Table)
    Region$$Table$$Limit                     0x08007194   Number         0  anon$$obj.o(Region$$Table)
    Uart1_Rx_Cnt                             0x20000000   Data           1  main.o(.data)
    aRxBuffer                                0x20000001   Data           1  main.o(.data)
    uwTickFreq                               0x20000004   Data           1  stm32f1xx_hal.o(.data)
    uwTickPrio                               0x20000008   Data           4  stm32f1xx_hal.o(.data)
    uwTick                                   0x2000000c   Data           4  stm32f1xx_hal.o(.data)
    SystemCoreClock                          0x20000010   Data           4  system_stm32f1xx.o(.data)
    key                                      0x20000014   Data           1  key.o(.data)
    key_repeat_enable                        0x20000015   Data           1  key.o(.data)
    wait_key                                 0x20000016   Data           2  key.o(.data)
    keys                                     0x20000018   Data          48  key.o(.data)
    Game_Menu_Flag                           0x2000004b   Data           1  menu.o(.data)
    circle_num                               0x2000005e   Data           1  menu.o(.data)
    display                                  0x20000060   Data           2  menu.o(.data)
    led_on                                   0x20000064   Data           2  led.o(.data)
    led_last_time                            0x20000068   Data           4  led.o(.data)
    time                                     0x2000006c   Data           4  led.o(.data)
    dataReady                                0x20000070   Data           1  sound_light.o(.data)
    sound_V                                  0x20000074   Data           4  sound_light.o(.data)
    light_V                                  0x20000078   Data           4  sound_light.o(.data)
    sound_threshold                          0x2000007c   Data           4  sound_light.o(.data)
    light_threshold                          0x20000080   Data           4  sound_light.o(.data)
    sound_max_peak                           0x20000084   Data           4  sound_light.o(.data)
    light_max_peak                           0x20000088   Data           4  sound_light.o(.data)
    __stdout                                 0x2000009c   Data           4  stdout.o(.data)
    u8g2                                     0x200000a0   Data         148  main.o(.bss)
    RxBuffer                                 0x20000134   Data         256  main.o(.bss)
    hadc1                                    0x20000234   Data          48  adc.o(.bss)
    hdma_adc1                                0x20000264   Data          68  adc.o(.bss)
    hi2c2                                    0x200002a8   Data          84  i2c.o(.bss)
    htim3                                    0x200002fc   Data          72  tim.o(.bss)
    huart1                                   0x20000344   Data          72  usart.o(.bss)
    text                                     0x2000048c   Data          32  menu.o(.bss)
    led                                      0x200004ac   Data          32  led.o(.bss)
    sound_wave                               0x200004cc   Data         129  sound_light.o(.bss)
    adc_buffer                               0x2000054e   Data         128  sound_light.o(.bss)
    str                                      0x200005ce   Data          32  sound_light.o(.bss)
    __initial_sp                             0x20000df0   Data           0  startup_stm32f103xb.o(STACK)



==============================================================================

Memory Map of the image

  Image Entry point : 0x080000ed

  Load Region LR_IROM1 (Base: 0x08000000, Size: 0x00007234, Max: 0x00010000, ABSOLUTE)

    Execution Region ER_IROM1 (Exec base: 0x08000000, Load base: 0x08000000, Size: 0x00007194, Max: 0x00010000, ABSOLUTE)

    Exec Addr    Load Addr    Size         Type   Attr      Idx    E Section Name        Object

    0x08000000   0x08000000   0x000000ec   Data   RO            3    RESET               startup_stm32f103xb.o
    0x080000ec   0x080000ec   0x00000000   Code   RO         7014  * .ARM.Collect$$$$00000000  mc_w.l(entry.o)
    0x080000ec   0x080000ec   0x00000004   Code   RO         7302    .ARM.Collect$$$$00000001  mc_w.l(entry2.o)
    0x080000f0   0x080000f0   0x00000004   Code   RO         7305    .ARM.Collect$$$$00000004  mc_w.l(entry5.o)
    0x080000f4   0x080000f4   0x00000000   Code   RO         7307    .ARM.Collect$$$$00000008  mc_w.l(entry7b.o)
    0x080000f4   0x080000f4   0x00000000   Code   RO         7309    .ARM.Collect$$$$0000000A  mc_w.l(entry8b.o)
    0x080000f4   0x080000f4   0x00000008   Code   RO         7310    .ARM.Collect$$$$0000000B  mc_w.l(entry9a.o)
    0x080000fc   0x080000fc   0x00000004   Code   RO         7317    .ARM.Collect$$$$0000000E  mc_w.l(entry12b.o)
    0x08000100   0x08000100   0x00000000   Code   RO         7312    .ARM.Collect$$$$0000000F  mc_w.l(entry10a.o)
    0x08000100   0x08000100   0x00000000   Code   RO         7314    .ARM.Collect$$$$00000011  mc_w.l(entry11a.o)
    0x08000100   0x08000100   0x00000004   Code   RO         7303    .ARM.Collect$$$$00002712  mc_w.l(entry2.o)
    0x08000104   0x08000104   0x00000024   Code   RO            4    .text               startup_stm32f103xb.o
    0x08000128   0x08000128   0x00000020   Code   RO         7017    .text               mc_w.l(llushr.o)
    0x08000148   0x08000148   0x00000024   Code   RO         7019    .text               mc_w.l(memseta.o)
    0x0800016c   0x0800016c   0x000000b0   Code   RO         7282    .text               mf_w.l(fadd.o)
    0x0800021c   0x0800021c   0x00000064   Code   RO         7284    .text               mf_w.l(fmul.o)
    0x08000280   0x08000280   0x0000007c   Code   RO         7286    .text               mf_w.l(fdiv.o)
    0x080002fc   0x080002fc   0x00000018   Code   RO         7288    .text               mf_w.l(fscalb.o)
    0x08000314   0x08000314   0x00000012   Code   RO         7290    .text               mf_w.l(fflti.o)
    0x08000326   0x08000326   0x0000000a   Code   RO         7292    .text               mf_w.l(ffltui.o)
    0x08000330   0x08000330   0x00000028   Code   RO         7294    .text               mf_w.l(ffixui.o)
    0x08000358   0x08000358   0x00000026   Code   RO         7296    .text               mf_w.l(f2d.o)
    0x0800037e   0x0800037e   0x00000002   PAD
    0x08000380   0x08000380   0x00000014   Code   RO         7298    .text               mf_w.l(cfcmple.o)
    0x08000394   0x08000394   0x00000014   Code   RO         7300    .text               mf_w.l(cfrcmple.o)
    0x080003a8   0x080003a8   0x0000002c   Code   RO         7319    .text               mc_w.l(uidiv.o)
    0x080003d4   0x080003d4   0x00000062   Code   RO         7321    .text               mc_w.l(uldiv.o)
    0x08000436   0x08000436   0x00000000   Code   RO         7323    .text               mc_w.l(iusefp.o)
    0x08000436   0x08000436   0x0000006e   Code   RO         7324    .text               mf_w.l(fepilogue.o)
    0x080004a4   0x080004a4   0x0000014e   Code   RO         7326    .text               mf_w.l(dadd.o)
    0x080005f2   0x080005f2   0x000000e4   Code   RO         7328    .text               mf_w.l(dmul.o)
    0x080006d6   0x080006d6   0x000000de   Code   RO         7330    .text               mf_w.l(ddiv.o)
    0x080007b4   0x080007b4   0x00000030   Code   RO         7332    .text               mf_w.l(dfixul.o)
    0x080007e4   0x080007e4   0x00000030   Code   RO         7334    .text               mf_w.l(cdrcmple.o)
    0x08000814   0x08000814   0x00000024   Code   RO         7336    .text               mc_w.l(init.o)
    0x08000838   0x08000838   0x0000001e   Code   RO         7338    .text               mc_w.l(llshl.o)
    0x08000856   0x08000856   0x00000024   Code   RO         7340    .text               mc_w.l(llsshr.o)
    0x0800087a   0x0800087a   0x000000ba   Code   RO         7342    .text               mf_w.l(depilogue.o)
    0x08000934   0x08000934   0x00000016   Code   RO         4062    .text.u8g2_ClearBuffer  u8g2_buffer.o
    0x0800094a   0x0800094a   0x00000002   PAD
    0x0800094c   0x0800094c   0x00000094   Code   RO         4048    .text.u8g2_DrawFrame  u8g2_box.o
    0x080009e0   0x080009e0   0x00000076   Code   RO         6223    .text.u8g2_DrawHLine  u8g2_hvline.o
    0x08000a56   0x08000a56   0x00000002   PAD
    0x08000a58   0x08000a58   0x00000106   Code   RO         6221    .text.u8g2_DrawHVLine  u8g2_hvline.o
    0x08000b5e   0x08000b5e   0x00000002   PAD
    0x08000b60   0x08000b60   0x000000d2   Code   RO         6272    .text.u8g2_DrawLine  u8g2_line.o
    0x08000c32   0x08000c32   0x00000002   PAD
    0x08000c34   0x08000c34   0x00000056   Code   RO         6227    .text.u8g2_DrawPixel  u8g2_hvline.o
    0x08000c8a   0x08000c8a   0x00000002   PAD
    0x08000c8c   0x08000c8c   0x00000010   Code   RO         4205    .text.u8g2_DrawStr  u8g2_font.o
    0x08000c9c   0x08000c9c   0x00000068   Code   RO         6250    .text.u8g2_IsIntersection  u8g2_intersection.o
    0x08000d04   0x08000d04   0x00000012   Code   RO         4064    .text.u8g2_SendBuffer  u8g2_buffer.o
    0x08000d16   0x08000d16   0x00000002   PAD
    0x08000d18   0x08000d18   0x000000ec   Code   RO         4245    .text.u8g2_SetFont  u8g2_font.o
    0x08000e04   0x08000e04   0x00000006   Code   RO         4259    .text.u8g2_SetFontDirection  u8g2_font.o
    0x08000e0a   0x08000e0a   0x00000002   PAD
    0x08000e0c   0x08000e0c   0x00000006   Code   RO         4199    .text.u8g2_SetFontMode  u8g2_font.o
    0x08000e12   0x08000e12   0x00000002   PAD
    0x08000e14   0x08000e14   0x0000000c   Code   RO         4231    .text.u8g2_SetFontPosBaseline  u8g2_font.o
    0x08000e20   0x08000e20   0x00000050   Code   RO         6366    .text.u8g2_SetupBuffer  u8g2_setup.o
    0x08000e70   0x08000e70   0x00000046   Code   RO         4151    .text.u8g2_Setup_ssd1306_i2c_128x64_noname_f  u8g2_d_setup.o
    0x08000eb6   0x08000eb6   0x00000002   PAD
    0x08000eb8   0x08000eb8   0x00000022   Code   RO         4183    .text.u8g2_add_vector_x  u8g2_font.o
    0x08000eda   0x08000eda   0x00000002   PAD
    0x08000edc   0x08000edc   0x00000022   Code   RO         4181    .text.u8g2_add_vector_y  u8g2_font.o
    0x08000efe   0x08000efe   0x00000002   PAD
    0x08000f00   0x08000f00   0x0000001e   Code   RO         6219    .text.u8g2_draw_hv_line_2dir  u8g2_hvline.o
    0x08000f1e   0x08000f1e   0x00000002   PAD
    0x08000f20   0x08000f20   0x00000014   Code   RO         6388    .text.u8g2_draw_l90_r0  u8g2_setup.o
    0x08000f34   0x08000f34   0x000000ee   Code   RO         4207    .text.u8g2_draw_string  u8g2_font.o
    0x08001022   0x08001022   0x00000002   PAD
    0x08001024   0x08001024   0x00000004   Code   RO         4229    .text.u8g2_font_calc_vref_font  u8g2_font.o
    0x08001028   0x08001028   0x0000052a   Code   RO         4189    .text.u8g2_font_decode_glyph  u8g2_font.o
    0x08001552   0x08001552   0x00000002   PAD
    0x08001554   0x08001554   0x000000cc   Code   RO         4193    .text.u8g2_font_get_glyph_data  u8g2_font.o
    0x08001620   0x08001620   0x00000008   Code   RO         4163    .text.u8g2_font_get_word  u8g2_font.o
    0x08001628   0x08001628   0x0000027c   Code   RO         6281    .text.u8g2_ll_hvline_vertical_top_lsb  u8g2_ll_hvline.o
    0x080018a4   0x080018a4   0x00000010   Code   RO         4139    .text.u8g2_m_16_8_f  u8g2_d_memory.o
    0x080018b4   0x080018b4   0x00000058   Code   RO         4066    .text.u8g2_send_buffer  u8g2_buffer.o
    0x0800190c   0x0800190c   0x00000040   Code   RO         6372    .text.u8g2_update_dimension_r0  u8g2_setup.o
    0x0800194c   0x0800194c   0x00000084   Code   RO         6374    .text.u8g2_update_page_win_r0  u8g2_setup.o
    0x080019d0   0x080019d0   0x00000028   Code   RO         6716    .text.u8x8_DrawTile  u8x8_display.o
    0x080019f8   0x080019f8   0x0000000c   Code   RO         6722    .text.u8x8_InitDisplay  u8x8_display.o
    0x08001a04   0x08001a04   0x0000000c   Code   RO         6730    .text.u8x8_RefreshDisplay  u8x8_display.o
    0x08001a10   0x08001a10   0x0000000c   Code   RO         6724    .text.u8x8_SetPowerSave  u8x8_display.o
    0x08001a1c   0x08001a1c   0x00000030   Code   RO         6953    .text.u8x8_Setup    u8x8_setup.o
    0x08001a4c   0x08001a4c   0x0000000c   Code   RO         6718    .text.u8x8_SetupMemory  u8x8_display.o
    0x08001a58   0x08001a58   0x00000012   Code   RO         6491    .text.u8x8_ascii_next  u8x8_8x8.o
    0x08001a6a   0x08001a6a   0x00000002   PAD
    0x08001a6c   0x08001a6c   0x0000000c   Code   RO         6533    .text.u8x8_byte_EndTransfer  u8x8_byte.o
    0x08001a78   0x08001a78   0x00000016   Code   RO         6529    .text.u8x8_byte_SendByte  u8x8_byte.o
    0x08001a8e   0x08001a8e   0x00000002   PAD
    0x08001a90   0x08001a90   0x0000000c   Code   RO         6527    .text.u8x8_byte_SendBytes  u8x8_byte.o
    0x08001a9c   0x08001a9c   0x0000000c   Code   RO         6531    .text.u8x8_byte_StartTransfer  u8x8_byte.o
    0x08001aa8   0x08001aa8   0x0000000c   Code   RO         6577    .text.u8x8_cad_EndTransfer  u8x8_cad.o
    0x08001ab4   0x08001ab4   0x0000000c   Code   RO         6569    .text.u8x8_cad_SendArg  u8x8_cad.o
    0x08001ac0   0x08001ac0   0x0000000c   Code   RO         6567    .text.u8x8_cad_SendCmd  u8x8_cad.o
    0x08001acc   0x08001acc   0x0000000c   Code   RO         6573    .text.u8x8_cad_SendData  u8x8_cad.o
    0x08001ad8   0x08001ad8   0x0000007c   Code   RO         6583    .text.u8x8_cad_SendSequence  u8x8_cad.o
    0x08001b54   0x08001b54   0x0000000c   Code   RO         6575    .text.u8x8_cad_StartTransfer  u8x8_cad.o
    0x08001b60   0x08001b60   0x000001c8   Code   RO         6603    .text.u8x8_cad_ssd13xx_fast_i2c  u8x8_cad.o
    0x08001d28   0x08001d28   0x00000064   Code   RO         6714    .text.u8x8_d_helper_display_init  u8x8_display.o
    0x08001d8c   0x08001d8c   0x0000000a   Code   RO         6712    .text.u8x8_d_helper_display_setup_memory  u8x8_display.o
    0x08001d96   0x08001d96   0x00000002   PAD
    0x08001d98   0x08001d98   0x00000008   Code   RO         6882    .text.u8x8_gpio_call  u8x8_gpio.o
    0x08001da0   0x08001da0   0x0000002e   Code   RO         6601    .text.u8x8_i2c_data_transfer  u8x8_cad.o
    0x08001dce   0x08001dce   0x00000002   PAD
    0x08001dd0   0x08001dd0   0x00000008   Code   RO         6489    .text.u8x8_utf8_init  u8x8_8x8.o
    0x08001dd8   0x08001dd8   0x0000000c   Code   RO          450    i.ADC1_2_IRQHandler  stm32f1xx_it.o
    0x08001de4   0x08001de4   0x00000056   Code   RO          610    i.ADC_ConversionStop_Disable  stm32f1xx_hal_adc.o
    0x08001e3a   0x08001e3a   0x0000004e   Code   RO          611    i.ADC_DMAConvCplt   stm32f1xx_hal_adc.o
    0x08001e88   0x08001e88   0x0000001a   Code   RO          612    i.ADC_DMAError      stm32f1xx_hal_adc.o
    0x08001ea2   0x08001ea2   0x0000000a   Code   RO          613    i.ADC_DMAHalfConvCplt  stm32f1xx_hal_adc.o
    0x08001eac   0x08001eac   0x0000007c   Code   RO          614    i.ADC_Enable        stm32f1xx_hal_adc.o
    0x08001f28   0x08001f28   0x0000019c   Code   RO         3748    i.Blib_adjustment_Menu  menu.o
    0x080020c4   0x080020c4   0x00000178   Code   RO         3749    i.Blib_adjustment_To_Menu_Display  menu.o
    0x0800223c   0x0800223c   0x00000002   Code   RO          451    i.BusFault_Handler  stm32f1xx_it.o
    0x0800223e   0x0800223e   0x00000002   PAD
    0x08002240   0x08002240   0x0000000c   Code   RO          452    i.DMA1_Channel1_IRQHandler  stm32f1xx_it.o
    0x0800224c   0x0800224c   0x0000002a   Code   RO         1266    i.DMA_SetConfig     stm32f1xx_hal_dma.o
    0x08002276   0x08002276   0x00000002   Code   RO          453    i.DebugMon_Handler  stm32f1xx_it.o
    0x08002278   0x08002278   0x00000078   Code   RO         3890    i.Draw_Waveform     sound_light.o
    0x080022f0   0x080022f0   0x00000004   Code   RO           13    i.Error_Handler     main.o
    0x080022f4   0x080022f4   0x00000036   Code   RO         3891    i.Filter_Data       sound_light.o
    0x0800232a   0x0800232a   0x00000002   PAD
    0x0800232c   0x0800232c   0x0000001e   Code   RO         3892    i.Find_Max          sound_light.o
    0x0800234a   0x0800234a   0x00000002   Code   RO          792    i.HAL_ADCEx_InjectedConvCpltCallback  stm32f1xx_hal_adc_ex.o
    0x0800234c   0x0800234c   0x000000fc   Code   RO          616    i.HAL_ADC_ConfigChannel  stm32f1xx_hal_adc.o
    0x08002448   0x08002448   0x0000001c   Code   RO         3893    i.HAL_ADC_ConvCpltCallback  sound_light.o
    0x08002464   0x08002464   0x00000002   Code   RO          618    i.HAL_ADC_ConvHalfCpltCallback  stm32f1xx_hal_adc.o
    0x08002466   0x08002466   0x00000002   Code   RO          620    i.HAL_ADC_ErrorCallback  stm32f1xx_hal_adc.o
    0x08002468   0x08002468   0x000000dc   Code   RO          624    i.HAL_ADC_IRQHandler  stm32f1xx_hal_adc.o
    0x08002544   0x08002544   0x0000011c   Code   RO          625    i.HAL_ADC_Init      stm32f1xx_hal_adc.o
    0x08002660   0x08002660   0x00000002   Code   RO          626    i.HAL_ADC_LevelOutOfWindowCallback  stm32f1xx_hal_adc.o
    0x08002662   0x08002662   0x00000002   PAD
    0x08002664   0x08002664   0x000000c0   Code   RO          253    i.HAL_ADC_MspInit   adc.o
    0x08002724   0x08002724   0x0000010c   Code   RO          632    i.HAL_ADC_Start_DMA  stm32f1xx_hal_adc.o
    0x08002830   0x08002830   0x00000046   Code   RO         1267    i.HAL_DMA_Abort     stm32f1xx_hal_dma.o
    0x08002876   0x08002876   0x00000002   PAD
    0x08002878   0x08002878   0x00000098   Code   RO         1268    i.HAL_DMA_Abort_IT  stm32f1xx_hal_dma.o
    0x08002910   0x08002910   0x00000154   Code   RO         1272    i.HAL_DMA_IRQHandler  stm32f1xx_hal_dma.o
    0x08002a64   0x08002a64   0x0000005c   Code   RO         1273    i.HAL_DMA_Init      stm32f1xx_hal_dma.o
    0x08002ac0   0x08002ac0   0x00000070   Code   RO         1277    i.HAL_DMA_Start_IT  stm32f1xx_hal_dma.o
    0x08002b30   0x08002b30   0x00000024   Code   RO          893    i.HAL_Delay         stm32f1xx_hal.o
    0x08002b54   0x08002b54   0x000001e0   Code   RO         1203    i.HAL_GPIO_Init     stm32f1xx_hal_gpio.o
    0x08002d34   0x08002d34   0x0000000a   Code   RO         1205    i.HAL_GPIO_ReadPin  stm32f1xx_hal_gpio.o
    0x08002d3e   0x08002d3e   0x0000000a   Code   RO         1207    i.HAL_GPIO_WritePin  stm32f1xx_hal_gpio.o
    0x08002d48   0x08002d48   0x0000000c   Code   RO          897    i.HAL_GetTick       stm32f1xx_hal.o
    0x08002d54   0x08002d54   0x00000188   Code   RO         1874    i.HAL_I2C_Init      stm32f1xx_hal_i2c.o
    0x08002edc   0x08002edc   0x0000012c   Code   RO         1887    i.HAL_I2C_Master_Transmit  stm32f1xx_hal_i2c.o
    0x08003008   0x08003008   0x00000060   Code   RO          319    i.HAL_I2C_MspInit   i2c.o
    0x08003068   0x08003068   0x00000010   Code   RO          903    i.HAL_IncTick       stm32f1xx_hal.o
    0x08003078   0x08003078   0x00000024   Code   RO          904    i.HAL_Init          stm32f1xx_hal.o
    0x0800309c   0x0800309c   0x00000040   Code   RO          905    i.HAL_InitTick      stm32f1xx_hal.o
    0x080030dc   0x080030dc   0x0000003c   Code   RO          550    i.HAL_MspInit       stm32f1xx_hal_msp.o
    0x08003118   0x08003118   0x0000001a   Code   RO         1363    i.HAL_NVIC_EnableIRQ  stm32f1xx_hal_cortex.o
    0x08003132   0x08003132   0x00000002   PAD
    0x08003134   0x08003134   0x00000040   Code   RO         1369    i.HAL_NVIC_SetPriority  stm32f1xx_hal_cortex.o
    0x08003174   0x08003174   0x00000024   Code   RO         1370    i.HAL_NVIC_SetPriorityGrouping  stm32f1xx_hal_cortex.o
    0x08003198   0x08003198   0x000000ec   Code   RO         1165    i.HAL_RCCEx_PeriphCLKConfig  stm32f1xx_hal_rcc_ex.o
    0x08003284   0x08003284   0x0000012c   Code   RO         1061    i.HAL_RCC_ClockConfig  stm32f1xx_hal_rcc.o
    0x080033b0   0x080033b0   0x00000020   Code   RO         1068    i.HAL_RCC_GetPCLK1Freq  stm32f1xx_hal_rcc.o
    0x080033d0   0x080033d0   0x00000020   Code   RO         1069    i.HAL_RCC_GetPCLK2Freq  stm32f1xx_hal_rcc.o
    0x080033f0   0x080033f0   0x0000004c   Code   RO         1070    i.HAL_RCC_GetSysClockFreq  stm32f1xx_hal_rcc.o
    0x0800343c   0x0800343c   0x00000320   Code   RO         1073    i.HAL_RCC_OscConfig  stm32f1xx_hal_rcc.o
    0x0800375c   0x0800375c   0x00000028   Code   RO         1374    i.HAL_SYSTICK_Config  stm32f1xx_hal_cortex.o
    0x08003784   0x08003784   0x00000002   Code   RO         3006    i.HAL_TIMEx_BreakCallback  stm32f1xx_hal_tim_ex.o
    0x08003786   0x08003786   0x00000002   Code   RO         3007    i.HAL_TIMEx_CommutCallback  stm32f1xx_hal_tim_ex.o
    0x08003788   0x08003788   0x00000068   Code   RO         3025    i.HAL_TIMEx_MasterConfigSynchronization  stm32f1xx_hal_tim_ex.o
    0x080037f0   0x080037f0   0x00000002   Code   RO         2336    i.HAL_TIM_IC_CaptureCallback  stm32f1xx_hal_tim.o
    0x080037f2   0x080037f2   0x00000130   Code   RO         2350    i.HAL_TIM_IRQHandler  stm32f1xx_hal_tim.o
    0x08003922   0x08003922   0x00000002   PAD
    0x08003924   0x08003924   0x0000004c   Code   RO          360    i.HAL_TIM_MspPostInit  tim.o
    0x08003970   0x08003970   0x00000002   Code   RO         2353    i.HAL_TIM_OC_DelayElapsedCallback  stm32f1xx_hal_tim.o
    0x08003972   0x08003972   0x000000cc   Code   RO         2374    i.HAL_TIM_PWM_ConfigChannel  stm32f1xx_hal_tim.o
    0x08003a3e   0x08003a3e   0x0000005a   Code   RO         2377    i.HAL_TIM_PWM_Init  stm32f1xx_hal_tim.o
    0x08003a98   0x08003a98   0x0000003c   Code   RO          362    i.HAL_TIM_PWM_MspInit  tim.o
    0x08003ad4   0x08003ad4   0x00000002   Code   RO         2380    i.HAL_TIM_PWM_PulseFinishedCallback  stm32f1xx_hal_tim.o
    0x08003ad6   0x08003ad6   0x00000002   PAD
    0x08003ad8   0x08003ad8   0x0000009c   Code   RO         2382    i.HAL_TIM_PWM_Start  stm32f1xx_hal_tim.o
    0x08003b74   0x08003b74   0x00000002   Code   RO         2388    i.HAL_TIM_PeriodElapsedCallback  stm32f1xx_hal_tim.o
    0x08003b76   0x08003b76   0x00000002   Code   RO         2393    i.HAL_TIM_TriggerCallback  stm32f1xx_hal_tim.o
    0x08003b78   0x08003b78   0x00000002   Code   RO         3285    i.HAL_UARTEx_RxEventCallback  stm32f1xx_hal_uart.o
    0x08003b7a   0x08003b7a   0x00000002   Code   RO         3299    i.HAL_UART_ErrorCallback  stm32f1xx_hal_uart.o
    0x08003b7c   0x08003b7c   0x0000000a   Code   RO         3301    i.HAL_UART_GetState  stm32f1xx_hal_uart.o
    0x08003b86   0x08003b86   0x00000002   PAD
    0x08003b88   0x08003b88   0x0000026c   Code   RO         3302    i.HAL_UART_IRQHandler  stm32f1xx_hal_uart.o
    0x08003df4   0x08003df4   0x00000064   Code   RO         3303    i.HAL_UART_Init     stm32f1xx_hal_uart.o
    0x08003e58   0x08003e58   0x00000080   Code   RO          409    i.HAL_UART_MspInit  usart.o
    0x08003ed8   0x08003ed8   0x0000001c   Code   RO         3308    i.HAL_UART_Receive_IT  stm32f1xx_hal_uart.o
    0x08003ef4   0x08003ef4   0x00000094   Code   RO           14    i.HAL_UART_RxCpltCallback  main.o
    0x08003f88   0x08003f88   0x000000a0   Code   RO         3311    i.HAL_UART_Transmit  stm32f1xx_hal_uart.o
    0x08004028   0x08004028   0x00000002   Code   RO         3314    i.HAL_UART_TxCpltCallback  stm32f1xx_hal_uart.o
    0x0800402a   0x0800402a   0x00000002   Code   RO          454    i.HardFault_Handler  stm32f1xx_it.o
    0x0800402c   0x0800402c   0x0000002e   Code   RO         1917    i.I2C_IsAcknowledgeFailed  stm32f1xx_hal_i2c.o
    0x0800405a   0x0800405a   0x00000002   PAD
    0x0800405c   0x0800405c   0x0000009c   Code   RO         1921    i.I2C_MasterRequestWrite  stm32f1xx_hal_i2c.o
    0x080040f8   0x080040f8   0x00000056   Code   RO         1932    i.I2C_WaitOnBTFFlagUntilTimeout  stm32f1xx_hal_i2c.o
    0x0800414e   0x0800414e   0x00000002   PAD
    0x08004150   0x08004150   0x00000090   Code   RO         1933    i.I2C_WaitOnFlagUntilTimeout  stm32f1xx_hal_i2c.o
    0x080041e0   0x080041e0   0x000000bc   Code   RO         1934    i.I2C_WaitOnMasterAddressFlagUntilTimeout  stm32f1xx_hal_i2c.o
    0x0800429c   0x0800429c   0x00000056   Code   RO         1936    i.I2C_WaitOnTXEFlagUntilTimeout  stm32f1xx_hal_i2c.o
    0x080042f2   0x080042f2   0x00000002   PAD
    0x080042f4   0x080042f4   0x00000068   Code   RO          254    i.MX_ADC1_Init      adc.o
    0x0800435c   0x0800435c   0x0000002c   Code   RO          294    i.MX_DMA_Init       dma.o
    0x08004388   0x08004388   0x00000058   Code   RO          228    i.MX_GPIO_Init      gpio.o
    0x080043e0   0x080043e0   0x00000040   Code   RO          320    i.MX_I2C2_Init      i2c.o
    0x08004420   0x08004420   0x00000070   Code   RO          363    i.MX_TIM3_Init      tim.o
    0x08004490   0x08004490   0x00000038   Code   RO          410    i.MX_USART1_UART_Init  usart.o
    0x080044c8   0x080044c8   0x00000002   Code   RO          455    i.MemManage_Handler  stm32f1xx_it.o
    0x080044ca   0x080044ca   0x00000002   Code   RO          456    i.NMI_Handler       stm32f1xx_it.o
    0x080044cc   0x080044cc   0x00000002   Code   RO          457    i.PendSV_Handler    stm32f1xx_it.o
    0x080044ce   0x080044ce   0x00000002   PAD
    0x080044d0   0x080044d0   0x000000b4   Code   RO         3894    i.Process_Dual_ADC_Data  sound_light.o
    0x08004584   0x08004584   0x00000002   Code   RO          458    i.SVC_Handler       stm32f1xx_it.o
    0x08004586   0x08004586   0x00000002   PAD
    0x08004588   0x08004588   0x00000170   Code   RO         3750    i.Serial_Adjustment_Menu  menu.o
    0x080046f8   0x080046f8   0x00000184   Code   RO         3751    i.Serial_Adjustment_To_Menu_Display  menu.o
    0x0800487c   0x0800487c   0x000002b8   Code   RO         3752    i.Show_Menu         menu.o
    0x08004b34   0x08004b34   0x000000c8   Code   RO         3753    i.Show_Menu_Config  menu.o
    0x08004bfc   0x08004bfc   0x00000014   Code   RO         3895    i.SoundLight_Init   sound_light.o
    0x08004c10   0x08004c10   0x00000004   Code   RO          459    i.SysTick_Handler   stm32f1xx_it.o
    0x08004c14   0x08004c14   0x00000078   Code   RO           15    i.SystemClock_Config  main.o
    0x08004c8c   0x08004c8c   0x00000002   Code   RO         3637    i.SystemInit        system_stm32f1xx.o
    0x08004c8e   0x08004c8e   0x00000002   PAD
    0x08004c90   0x08004c90   0x0000000c   Code   RO          460    i.TIM3_IRQHandler   stm32f1xx_it.o
    0x08004c9c   0x08004c9c   0x00000078   Code   RO         2395    i.TIM_Base_SetConfig  stm32f1xx_hal_tim.o
    0x08004d14   0x08004d14   0x0000001a   Code   RO         2396    i.TIM_CCxChannelCmd  stm32f1xx_hal_tim.o
    0x08004d2e   0x08004d2e   0x00000002   PAD
    0x08004d30   0x08004d30   0x00000050   Code   RO         2408    i.TIM_OC1_SetConfig  stm32f1xx_hal_tim.o
    0x08004d80   0x08004d80   0x00000058   Code   RO         2409    i.TIM_OC2_SetConfig  stm32f1xx_hal_tim.o
    0x08004dd8   0x08004dd8   0x00000058   Code   RO         2410    i.TIM_OC3_SetConfig  stm32f1xx_hal_tim.o
    0x08004e30   0x08004e30   0x00000044   Code   RO         2411    i.TIM_OC4_SetConfig  stm32f1xx_hal_tim.o
    0x08004e74   0x08004e74   0x0000017c   Code   RO         3754    i.To_Blib_adjustment_Menu  menu.o
    0x08004ff0   0x08004ff0   0x00000188   Code   RO         3755    i.To_Serial_Adjustment_Menu  menu.o
    0x08005178   0x08005178   0x00000010   Code   RO         3316    i.UART_DMAAbortOnError  stm32f1xx_hal_uart.o
    0x08005188   0x08005188   0x0000004e   Code   RO         3326    i.UART_EndRxTransfer  stm32f1xx_hal_uart.o
    0x080051d6   0x080051d6   0x000000c2   Code   RO         3328    i.UART_Receive_IT   stm32f1xx_hal_uart.o
    0x08005298   0x08005298   0x000000b8   Code   RO         3329    i.UART_SetConfig    stm32f1xx_hal_uart.o
    0x08005350   0x08005350   0x00000036   Code   RO         3331    i.UART_Start_Receive_IT  stm32f1xx_hal_uart.o
    0x08005386   0x08005386   0x00000072   Code   RO         3332    i.UART_WaitOnFlagUntilTimeout  stm32f1xx_hal_uart.o
    0x080053f8   0x080053f8   0x0000000c   Code   RO          461    i.USART1_IRQHandler  stm32f1xx_it.o
    0x08005404   0x08005404   0x00000084   Code   RO         3896    i.Update_Waveform   sound_light.o
    0x08005488   0x08005488   0x00000002   Code   RO          462    i.UsageFault_Handler  stm32f1xx_it.o
    0x0800548a   0x0800548a   0x00000002   PAD
    0x0800548c   0x0800548c   0x00000020   Code   RO         7254    i.__0printf         mc_w.l(printfa.o)
    0x080054ac   0x080054ac   0x00000028   Code   RO         7256    i.__0sprintf        mc_w.l(printfa.o)
    0x080054d4   0x080054d4   0x00000020   Code   RO         1376    i.__NVIC_SetPriority  stm32f1xx_hal_cortex.o
    0x080054f4   0x080054f4   0x0000000e   Code   RO         7346    i.__scatterload_copy  mc_w.l(handlers.o)
    0x08005502   0x08005502   0x00000002   Code   RO         7347    i.__scatterload_null  mc_w.l(handlers.o)
    0x08005504   0x08005504   0x0000000e   Code   RO         7348    i.__scatterload_zeroinit  mc_w.l(handlers.o)
    0x08005512   0x08005512   0x00000002   PAD
    0x08005514   0x08005514   0x00000184   Code   RO         7261    i._fp_digits        mc_w.l(printfa.o)
    0x08005698   0x08005698   0x000006b4   Code   RO         7262    i._printf_core      mc_w.l(printfa.o)
    0x08005d4c   0x08005d4c   0x00000024   Code   RO         7263    i._printf_post_padding  mc_w.l(printfa.o)
    0x08005d70   0x08005d70   0x0000002e   Code   RO         7264    i._printf_pre_padding  mc_w.l(printfa.o)
    0x08005d9e   0x08005d9e   0x0000000a   Code   RO         7266    i._sputc            mc_w.l(printfa.o)
    0x08005da8   0x08005da8   0x00000128   Code   RO         3897    i.adjust_light_threshold  sound_light.o
    0x08005ed0   0x08005ed0   0x00000128   Code   RO         3898    i.adjust_sound_threshold  sound_light.o
    0x08005ff8   0x08005ff8   0x000000ec   Code   RO         3850    i.bright_adjust     led.o
    0x080060e4   0x080060e4   0x00000008   Code   RO         3704    i.delay_us          oled .o
    0x080060ec   0x080060ec   0x00000020   Code   RO           17    i.fputc             main.o
    0x0800610c   0x0800610c   0x000000cc   Code   RO         3674    i.key_scan          key.o
    0x080061d8   0x080061d8   0x0000000c   Code   RO         3851    i.led_duty          led.o
    0x080061e4   0x080061e4   0x0000002c   Code   RO         3899    i.light_detect      sound_light.o
    0x08006210   0x08006210   0x00000058   Code   RO         3900    i.light_to_led      sound_light.o
    0x08006268   0x08006268   0x0000006c   Code   RO           18    i.main              main.o
    0x080062d4   0x080062d4   0x00000154   Code   RO         3901    i.mix_detect        sound_light.o
    0x08006428   0x08006428   0x0000002c   Code   RO         3902    i.sound_detect      sound_light.o
    0x08006454   0x08006454   0x00000058   Code   RO         3903    i.sound_to_led      sound_light.o
    0x080064ac   0x080064ac   0x000000dc   Code   RO         3852    i.time_adjust       led.o
    0x08006588   0x08006588   0x00000034   Code   RO         3705    i.u8g2Init          oled .o
    0x080065bc   0x080065bc   0x00000094   Code   RO         3998    i.u8g2_DrawHXBM     u8g2_bitmap.o
    0x08006650   0x08006650   0x0000004c   Code   RO         4001    i.u8g2_DrawXBM      u8g2_bitmap.o
    0x0800669c   0x0800669c   0x00000070   Code   RO         3706    i.u8x8_byte_hw_i2c  oled .o
    0x0800670c   0x0800670c   0x0000003c   Code   RO         6650    i.u8x8_d_ssd1306_128x64_noname  u8x8_d_ssd1306_128x64_noname.o
    0x08006748   0x08006748   0x000000c8   Code   RO         6652    i.u8x8_d_ssd1306_sh1106_generic  u8x8_d_ssd1306_128x64_noname.o
    0x08006810   0x08006810   0x0000008c   Code   RO         3707    i.u8x8_gpio_and_delay  oled .o
    0x0800689c   0x0800689c   0x00000008   Code   RO         3756    i.ui_left_one_Picture  menu.o
    0x080068a4   0x080068a4   0x00000008   Code   RO         3757    i.ui_right_one_Picture  menu.o
    0x080068ac   0x080068ac   0x00000030   Code   RO         3758    i.ui_run            menu.o
    0x080068dc   0x080068dc   0x00000012   Data   RO         1074    .constdata          stm32f1xx_hal_rcc.o
    0x080068ee   0x080068ee   0x00000010   Data   RO         3638    .constdata          system_stm32f1xx.o
    0x080068fe   0x080068fe   0x00000008   Data   RO         3639    .constdata          system_stm32f1xx.o
    0x08006906   0x08006906   0x000003ac   Data   RO         3760    .constdata          menu.o
    0x08006cb2   0x08006cb2   0x00000002   PAD
    0x08006cb4   0x08006cb4   0x00000158   Data   RO         6654    .constdata          u8x8_d_ssd1306_128x64_noname.o
    0x08006e0c   0x08006e0c   0x0000000c   Data   RO         6402    .rodata.u8g2_cb_r0  u8g2_setup.o
    0x08006e18   0x08006e18   0x0000035c   Data   RO         4285    .rodata.u8g2_font_squeezed_b7_tr  u8g2_fonts.o
    0x08007174   0x08007174   0x00000020   Data   RO         7344    Region$$Table       anon$$obj.o


    Execution Region RW_IRAM1 (Exec base: 0x20000000, Load base: 0x08007194, Size: 0x00000df0, Max: 0x00005000, ABSOLUTE)

    Exec Addr    Load Addr    Size         Type   Attr      Idx    E Section Name        Object

    0x20000000   0x08007194   0x00000002   Data   RW           20    .data               main.o
    0x20000002   0x08007196   0x00000002   PAD
    0x20000004   0x08007198   0x0000000c   Data   RW          911    .data               stm32f1xx_hal.o
    0x20000010   0x080071a4   0x00000004   Data   RW         3640    .data               system_stm32f1xx.o
    0x20000014   0x080071a8   0x00000034   Data   RW         3675    .data               key.o
    0x20000048   0x080071dc   0x00000001   Data   RW         3709    .data               oled .o
    0x20000049   0x080071dd   0x00000001   PAD
    0x2000004a   0x080071de   0x00000018   Data   RW         3761    .data               menu.o
    0x20000062   0x080071f6   0x00000002   PAD
    0x20000064   0x080071f8   0x0000000c   Data   RW         3854    .data               led.o
    0x20000070   0x08007204   0x0000002c   Data   RW         3905    .data               sound_light.o
    0x2000009c   0x08007230   0x00000004   Data   RW         7318    .data               mc_w.l(stdout.o)
    0x200000a0        -       0x00000194   Zero   RW           19    .bss                main.o
    0x20000234        -       0x00000074   Zero   RW          255    .bss                adc.o
    0x200002a8        -       0x00000054   Zero   RW          321    .bss                i2c.o
    0x200002fc        -       0x00000048   Zero   RW          364    .bss                tim.o
    0x20000344        -       0x00000048   Zero   RW          411    .bss                usart.o
    0x2000038c        -       0x00000100   Zero   RW         3708    .bss                oled .o
    0x2000048c        -       0x00000020   Zero   RW         3759    .bss                menu.o
    0x200004ac        -       0x00000020   Zero   RW         3853    .bss                led.o
    0x200004cc        -       0x00000122   Zero   RW         3904    .bss                sound_light.o
    0x200005ee        -       0x00000400   Zero   RW         4141    .bss.u8g2_m_16_8_f.buf  u8g2_d_memory.o
    0x200009ee        -       0x00000001   Zero   RW         6614    .bss.u8x8_cad_ssd13xx_fast_i2c.in_transfer  u8x8_cad.o
    0x200009ef   0x08007234   0x00000001   PAD
    0x200009f0        -       0x00000400   Zero   RW            1    STACK               startup_stm32f103xb.o


==============================================================================

Image component sizes


      Code (inc. data)   RO Data    RW Data    ZI Data      Debug   Object Name

       296         34          0          0        116       1863   adc.o
        44          4          0          0          0        782   dma.o
        88         10          0          0          0        919   gpio.o
       160         28          0          0         84       1681   i2c.o
       204          6          0         52          0       1593   key.o
       468        118          0         12         32       2553   led.o
       412         50          0          2        404     620255   main.o
      3276        482        940         24         32       8891   menu.o
       312         34          0          1        256       2915   oled .o
      1760        352          0         44        290      10270   sound_light.o
        36          8        236          0       1024        816   startup_stm32f103xb.o
       164         28          0         12          0       6005   stm32f1xx_hal.o
      1354         56          0          0          0       9551   stm32f1xx_hal_adc.o
         2          0          0          0          0       1085   stm32f1xx_hal_adc_ex.o
       198         14          0          0          0      29023   stm32f1xx_hal_cortex.o
       808         36          0          0          0       5078   stm32f1xx_hal_dma.o
       500         34          0          0          0       3567   stm32f1xx_hal_gpio.o
      1398         32          0          0          0       9233   stm32f1xx_hal_i2c.o
        60          8          0          0          0        898   stm32f1xx_hal_msp.o
      1240         84         18          0          0       5188   stm32f1xx_hal_rcc.o
       236         12          0          0          0       1412   stm32f1xx_hal_rcc_ex.o
      1234         44          0          0          0      11772   stm32f1xx_hal_tim.o
       108         12          0          0          0       2453   stm32f1xx_hal_tim_ex.o
      1564         10          0          0          0      11744   stm32f1xx_hal_uart.o
        68         24          0          0          0       5787   stm32f1xx_it.o
         2          0         24          4          0       1155   system_stm32f1xx.o
       248         32          0          0         72       2323   tim.o
       224          0          0          0          0       2039   u8g2_bitmap.o
       148          0          0          0          0       7854   u8g2_box.o
       128          0          0          0          0       8039   u8g2_buffer.o
        16          0          0          0       1024        706   u8g2_d_memory.o
        70          0          0          0          0       5041   u8g2_d_setup.o
      2120         16          0          0          0      45416   u8g2_font.o
         0          0        860          0          0     103565   u8g2_fonts.o
       496          0          0          0          0       8257   u8g2_hvline.o
       104          0          0          0          0       5172   u8g2_intersection.o
       210          0          0          0          0       5331   u8g2_line.o
       636          0          0          0          0       7642   u8g2_ll_hvline.o
       296          0         12          0          0      12713   u8g2_setup.o
        26          0          0          0          0      13308   u8x8_8x8.o
        58          0          0          0          0      12204   u8x8_byte.o
       686          8          0          0          1      16858   u8x8_cad.o
       260         12        344          0          0       3055   u8x8_d_ssd1306_128x64_noname.o
       198          0          0          0          0       4857   u8x8_display.o
         8          0          0          0          0       2075   u8x8_gpio.o
        48          0          0          0          0       3059   u8x8_setup.o
       184         20          0          0         72       1734   usart.o

    ----------------------------------------------------------------------
     22224       1608       2468        156       3408    1027737   Object Totals
         0          0         32          0          0          0   (incl. Generated)
        68          0          2          5          1          0   (incl. Padding)

    ----------------------------------------------------------------------

      Code (inc. data)   RO Data    RW Data    ZI Data      Debug   Library Member Name

         0          0          0          0          0          0   entry.o
         0          0          0          0          0          0   entry10a.o
         0          0          0          0          0          0   entry11a.o
         4          0          0          0          0          0   entry12b.o
         8          4          0          0          0          0   entry2.o
         4          0          0          0          0          0   entry5.o
         0          0          0          0          0          0   entry7b.o
         0          0          0          0          0          0   entry8b.o
         8          4          0          0          0          0   entry9a.o
        30          0          0          0          0          0   handlers.o
        36          8          0          0          0         68   init.o
         0          0          0          0          0          0   iusefp.o
        30          0          0          0          0         68   llshl.o
        36          0          0          0          0         68   llsshr.o
        32          0          0          0          0         68   llushr.o
        36          0          0          0          0        108   memseta.o
      2268         96          0          0          0        616   printfa.o
         0          0          0          4          0          0   stdout.o
        44          0          0          0          0         80   uidiv.o
        98          0          0          0          0         92   uldiv.o
        48          0          0          0          0         68   cdrcmple.o
        20          0          0          0          0         68   cfcmple.o
        20          0          0          0          0         68   cfrcmple.o
       334          0          0          0          0        148   dadd.o
       222          0          0          0          0        100   ddiv.o
       186          0          0          0          0        176   depilogue.o
        48          0          0          0          0         68   dfixul.o
       228          0          0          0          0         96   dmul.o
        38          0          0          0          0         68   f2d.o
       176          0          0          0          0        140   fadd.o
       124          0          0          0          0         88   fdiv.o
       110          0          0          0          0        168   fepilogue.o
        40          0          0          0          0         68   ffixui.o
        18          0          0          0          0         68   fflti.o
        10          0          0          0          0         68   ffltui.o
       100          0          0          0          0         76   fmul.o
        24          0          0          0          0         68   fscalb.o

    ----------------------------------------------------------------------
      4384        112          0          4          0       2772   Library Totals
         4          0          0          0          0          0   (incl. Padding)

    ----------------------------------------------------------------------

      Code (inc. data)   RO Data    RW Data    ZI Data      Debug   Library Name

      2634        112          0          4          0       1168   mc_w.l
      1746          0          0          0          0       1604   mf_w.l

    ----------------------------------------------------------------------
      4384        112          0          4          0       2772   Library Totals

    ----------------------------------------------------------------------

==============================================================================


      Code (inc. data)   RO Data    RW Data    ZI Data      Debug   

     26608       1720       2468        160       3408    1021417   Grand Totals
     26608       1720       2468        160       3408    1021417   ELF Image Totals
     26608       1720       2468        160          0          0   ROM Totals

==============================================================================

    Total RO  Size (Code + RO Data)                29076 (  28.39kB)
    Total RW  Size (RW Data + ZI Data)              3568 (   3.48kB)
    Total ROM Size (Code + RO Data + RW Data)      29236 (  28.55kB)

==============================================================================

